{
    "meles meles - stub": {
        "content": [
            {
                "0": [
                    [
                        {
                            "id": "test"
                        },
                        "PAE35587_pass_1f1f0707_115.subset.cram.1.test.bam:md5,d41d8cd98f00b204e9800998ecf8427e"
                    ]
                ],
                "1": [
                    [
                        "CRAMALIGN_MINIMAP2ALIGN",
                        "minimap2",
                        "2.30-r1287"
                    ]
                ],
                "2": [
                    [
                        "CRAMALIGN_MINIMAP2ALIGN",
                        "samtools",
                        "1.22.1"
                    ]
                ],
                "bam": [
                    [
                        {
                            "id": "test"
                        },
                        "PAE35587_pass_1f1f0707_115.subset.cram.1.test.bam:md5,d41d8cd98f00b204e9800998ecf8427e"
                    ]
                ],
                "versions_minimap2": [
                    [
                        "CRAMALIGN_MINIMAP2ALIGN",
                        "minimap2",
                        "2.30-r1287"
                    ]
                ],
                "versions_samtools": [
                    [
                        "CRAMALIGN_MINIMAP2ALIGN",
                        "samtools",
                        "1.22.1"
                    ]
                ]
            }
        ],
        "meta": {
            "nf-test": "0.9.3",
            "nextflow": "25.10.0"
        },
        "timestamp": "2026-01-15T14:40:37.641168"
    },
    "Meles meles - ONT filtered reads": {
        "content": [
            "46218777936eb60118e3e131c8d742eb",
            {
                "versions_minimap2": [
                    [
                        "CRAMALIGN_MINIMAP2ALIGN",
                        "minimap2",
                        "2.30-r1287"
                    ]
                ],
                "versions_samtools": [
                    [
                        "CRAMALIGN_MINIMAP2ALIGN",
                        "samtools",
                        "1.22.1"
                    ]
                ]
            }
        ],
        "meta": {
            "nf-test": "0.9.3",
            "nextflow": "25.10.0"
        },
        "timestamp": "2026-01-15T14:39:45.342243"
    },
    "Meles meles - PacBio HiFi reads": {
        "content": [
            "dfcc4dbebe23293f4f0b9338c2aef9cd",
            {
                "versions_minimap2": [
                    [
                        "CRAMALIGN_MINIMAP2ALIGN",
                        "minimap2",
                        "2.30-r1287"
                    ]
                ],
                "versions_samtools": [
                    [
                        "CRAMALIGN_MINIMAP2ALIGN",
                        "samtools",
                        "1.22.1"
                    ]
                ]
            }
        ],
        "meta": {
            "nf-test": "0.9.3",
            "nextflow": "25.10.0"
        },
        "timestamp": "2026-01-15T14:40:26.664658"
    },
    "Meles meles - ONT reads - no readgroup lines": {
        "content": [
            "c2aa5ec574995707a01cb9b4b887b4a9",
            {
                "versions_minimap2": [
                    [
                        "CRAMALIGN_MINIMAP2ALIGN",
                        "minimap2",
                        "2.30-r1287"
                    ]
                ],
                "versions_samtools": [
                    [
                        "CRAMALIGN_MINIMAP2ALIGN",
                        "samtools",
                        "1.22.1"
                    ]
                ]
            }
        ],
        "meta": {
            "nf-test": "0.9.3",
            "nextflow": "25.10.0"
        },
        "timestamp": "2026-01-15T14:41:12.417595"
    },
    "Meles meles - ONT reads": {
        "content": [
            "c2aa5ec574995707a01cb9b4b887b4a9",
            {
                "versions_minimap2": [
                    [
                        "CRAMALIGN_MINIMAP2ALIGN",
                        "minimap2",
                        "2.30-r1287"
                    ]
                ],
                "versions_samtools": [
                    [
                        "CRAMALIGN_MINIMAP2ALIGN",
                        "samtools",
                        "1.22.1"
                    ]
                ]
            }
        ],
        "meta": {
            "nf-test": "0.9.3",
            "nextflow": "25.10.0"
        },
        "timestamp": "2026-01-15T14:39:11.84945"
    }
}