{
    "-profile test": {
        "content": [
            170,
            {
                "BGZIP_BEDGRAPH": {
                    "tabix": 1.21
                },
                "BLAST_BLASTN": {
                    "blastn": "2.17.0+",
                    "samtools": 1.23,
                    "seqkit": "2.12.0"
                },
                "BLAST_MAKEBLASTDB": {
                    "makeblastdb": "2.17.0+"
                },
                "BLOBTK_DEPTH": {
                    "blobtk": "0.6.5"
                },
                "BWAMEM2_INDEX": {
                    "bwamem2": "2.2.1"
                },
                "CONVERT_CRAM": {
                    "samtools": "1.22.1"
                },
                "CRAMALIGN_GENCRAMCHUNKS": {
                    "cramchunks": "1.1.0"
                },
                "CRAMALIGN_MINIMAP2ALIGNHIC": {
                    "filter_five_end.pl": 1.0,
                    "gawk": "5.3.1",
                    "minimap2": "2.30-r1287",
                    "samtools": "1.22.1"
                },
                "CRUMBLE": {
                    "crumble": "0.9.1"
                },
                "FASTQC": {
                    "fastqc": "0.12.1"
                },
                "FASTQC_FILTERED": {
                    "fastqc": "0.12.1"
                },
                "FASTXALIGN_MINIMAP2ALIGN": {
                    "minimap2": "2.30-r1287",
                    "samtools": 1.23,
                    "slice_fasta.py": "1.0.0"
                },
                "FASTXALIGN_PYFASTXINDEX": {
                    "slice_fasta.py": "1.0.0"
                },
                "GAWK_MODIFY_YAML_BARCODE": {
                    "gawk": "5.3.0"
                },
                "GUNZIP": {
                    "gunzip": 1.13
                },
                "GZIP_STATS": {
                    "pigz": 2.8
                },
                "HIFITRIMMER_FILTERBAM": {
                    "hifi_trimmer": "2.2.0",
                    "samtools": 1.23
                },
                "HIFITRIMMER_PROCESSBLAST": {
                    "hifi_trimmer": "2.2.0"
                },
                "MINIMAP2_INDEX": {
                    "minimap2": "2.29-r1283"
                },
                "SAMTOOLS_ADDREPLACERG": {
                    "samtools": "1.22.1"
                },
                "SAMTOOLS_COLLATETOFASTQ": {
                    "samtools": "1.22.1"
                },
                "SAMTOOLS_CRAM": {
                    "samtools": "1.22.1"
                },
                "SAMTOOLS_FAIDX": {
                    "samtools": "1.22.1"
                },
                "SAMTOOLS_FASTQ": {
                    "samtools": "1.22.1"
                },
                "SAMTOOLS_FLAGSTAT": {
                    "samtools": "1.22.1"
                },
                "SAMTOOLS_IDXSTATS": {
                    "samtools": "1.22.1"
                },
                "SAMTOOLS_INDEX": {
                    "samtools": "1.22.1"
                },
                "SAMTOOLS_MERGE": {
                    "samtools": "1.22.1"
                },
                "SAMTOOLS_MERGEDUP": {
                    "samtools": 1.23
                },
                "SAMTOOLS_REHEADER_CRAM": {
                    "samtools": "1.22.1"
                },
                "SAMTOOLS_SPLITHEADER": {
                    "samtools": "1.22.1"
                },
                "SAMTOOLS_STATS": {
                    "samtools": "1.22.1"
                },
                "UNMASK": {
                    "awk": "5.1.0"
                },
                "Workflow": {
                    "sanger-tol/readmapping": "v1.4.0dev"
                }
            },
            [
                "multiqc_report.html",
                "pipeline_info",
                "pipeline_info/readmapping_software_mqc_versions.yml",
                "read_mapping",
                "read_mapping/hic",
                "read_mapping/hic/SAMEA7524440",
                "read_mapping/hic/SAMEA7524440/ERR6688402",
                "read_mapping/hic/SAMEA7524440/ERR6688402/GCA_922984935.2.subset.unmasked.hic.SAMEA7524440.ERR6688402.minimap2.coverage.bedGraph.gz",
                "read_mapping/hic/SAMEA7524440/ERR6688402/GCA_922984935.2.subset.unmasked.hic.SAMEA7524440.ERR6688402.minimap2.cram",
                "read_mapping/hic/SAMEA7524440/ERR6688402/GCA_922984935.2.subset.unmasked.hic.SAMEA7524440.ERR6688402.minimap2.cram.crai",
                "read_mapping/hic/SAMEA7524440/ERR6688402/qc",
                "read_mapping/hic/SAMEA7524440/ERR6688402/qc/hic.SAMEA7524440.ERR6688402.fasta.fastqc.html",
                "read_mapping/hic/SAMEA7524440/ERR6688402/qc/hic.SAMEA7524440.ERR6688402.fasta.fastqc.zip",
                "read_mapping/hic/SAMEA7524440/ERR6688402/stats",
                "read_mapping/hic/SAMEA7524440/ERR6688402/stats/GCA_922984935.2.subset.unmasked.hic.SAMEA7524440.ERR6688402.minimap2.flagstat",
                "read_mapping/hic/SAMEA7524440/ERR6688402/stats/GCA_922984935.2.subset.unmasked.hic.SAMEA7524440.ERR6688402.minimap2.idxstats",
                "read_mapping/hic/SAMEA7524440/ERR6688402/stats/GCA_922984935.2.subset.unmasked.hic.SAMEA7524440.ERR6688402.minimap2.stats.gz",
                "read_mapping/illumina",
                "read_mapping/illumina/SAMEA7524438",
                "read_mapping/illumina/SAMEA7524438/ERR6688599",
                "read_mapping/illumina/SAMEA7524438/ERR6688599/GCA_922984935.2.subset.unmasked.illumina.SAMEA7524438.ERR6688599.minimap2.coverage.bedGraph.gz",
                "read_mapping/illumina/SAMEA7524438/ERR6688599/GCA_922984935.2.subset.unmasked.illumina.SAMEA7524438.ERR6688599.minimap2.cram",
                "read_mapping/illumina/SAMEA7524438/ERR6688599/GCA_922984935.2.subset.unmasked.illumina.SAMEA7524438.ERR6688599.minimap2.cram.crai",
                "read_mapping/illumina/SAMEA7524438/ERR6688599/qc",
                "read_mapping/illumina/SAMEA7524438/ERR6688599/qc/illumina.SAMEA7524438.ERR6688599.fasta.fastqc.html",
                "read_mapping/illumina/SAMEA7524438/ERR6688599/qc/illumina.SAMEA7524438.ERR6688599.fasta.fastqc.zip",
                "read_mapping/illumina/SAMEA7524438/ERR6688599/stats",
                "read_mapping/illumina/SAMEA7524438/ERR6688599/stats/GCA_922984935.2.subset.unmasked.illumina.SAMEA7524438.ERR6688599.minimap2.flagstat",
                "read_mapping/illumina/SAMEA7524438/ERR6688599/stats/GCA_922984935.2.subset.unmasked.illumina.SAMEA7524438.ERR6688599.minimap2.idxstats",
                "read_mapping/illumina/SAMEA7524438/ERR6688599/stats/GCA_922984935.2.subset.unmasked.illumina.SAMEA7524438.ERR6688599.minimap2.stats.gz",
                "read_mapping/illumina/SAMEA7524439",
                "read_mapping/illumina/SAMEA7524439/ERR6688600",
                "read_mapping/illumina/SAMEA7524439/ERR6688600/GCA_922984935.2.subset.unmasked.illumina.SAMEA7524439.ERR6688600.minimap2.coverage.bedGraph.gz",
                "read_mapping/illumina/SAMEA7524439/ERR6688600/GCA_922984935.2.subset.unmasked.illumina.SAMEA7524439.ERR6688600.minimap2.cram",
                "read_mapping/illumina/SAMEA7524439/ERR6688600/GCA_922984935.2.subset.unmasked.illumina.SAMEA7524439.ERR6688600.minimap2.cram.crai",
                "read_mapping/illumina/SAMEA7524439/ERR6688600/qc",
                "read_mapping/illumina/SAMEA7524439/ERR6688600/qc/illumina.SAMEA7524439.ERR6688600.fastqc.html",
                "read_mapping/illumina/SAMEA7524439/ERR6688600/qc/illumina.SAMEA7524439.ERR6688600.fastqc.zip",
                "read_mapping/illumina/SAMEA7524439/ERR6688600/stats",
                "read_mapping/illumina/SAMEA7524439/ERR6688600/stats/GCA_922984935.2.subset.unmasked.illumina.SAMEA7524439.ERR6688600.minimap2.flagstat",
                "read_mapping/illumina/SAMEA7524439/ERR6688600/stats/GCA_922984935.2.subset.unmasked.illumina.SAMEA7524439.ERR6688600.minimap2.idxstats",
                "read_mapping/illumina/SAMEA7524439/ERR6688600/stats/GCA_922984935.2.subset.unmasked.illumina.SAMEA7524439.ERR6688600.minimap2.stats.gz",
                "read_mapping/ont",
                "read_mapping/ont/SAMEA7524440",
                "read_mapping/ont/SAMEA7524440/PAE35587",
                "read_mapping/ont/SAMEA7524440/PAE35587/GCA_922984935.2.subset.unmasked.ont.SAMEA7524440.PAE35587.minimap2.coverage.bedGraph.gz",
                "read_mapping/ont/SAMEA7524440/PAE35587/GCA_922984935.2.subset.unmasked.ont.SAMEA7524440.PAE35587.minimap2.cram",
                "read_mapping/ont/SAMEA7524440/PAE35587/GCA_922984935.2.subset.unmasked.ont.SAMEA7524440.PAE35587.minimap2.cram.crai",
                "read_mapping/ont/SAMEA7524440/PAE35587/qc",
                "read_mapping/ont/SAMEA7524440/PAE35587/qc/ont.SAMEA7524440.PAE35587.fastqc.html",
                "read_mapping/ont/SAMEA7524440/PAE35587/qc/ont.SAMEA7524440.PAE35587.fastqc.zip",
                "read_mapping/ont/SAMEA7524440/PAE35587/stats",
                "read_mapping/ont/SAMEA7524440/PAE35587/stats/GCA_922984935.2.subset.unmasked.ont.SAMEA7524440.PAE35587.minimap2.flagstat",
                "read_mapping/ont/SAMEA7524440/PAE35587/stats/GCA_922984935.2.subset.unmasked.ont.SAMEA7524440.PAE35587.minimap2.idxstats",
                "read_mapping/ont/SAMEA7524440/PAE35587/stats/GCA_922984935.2.subset.unmasked.ont.SAMEA7524440.PAE35587.minimap2.stats.gz",
                "read_mapping/ont/SAMEA7524440/PAE35587_test",
                "read_mapping/ont/SAMEA7524440/PAE35587_test/GCA_922984935.2.subset.unmasked.ont.SAMEA7524440.PAE35587_test.minimap2.coverage.bedGraph.gz",
                "read_mapping/ont/SAMEA7524440/PAE35587_test/GCA_922984935.2.subset.unmasked.ont.SAMEA7524440.PAE35587_test.minimap2.cram",
                "read_mapping/ont/SAMEA7524440/PAE35587_test/GCA_922984935.2.subset.unmasked.ont.SAMEA7524440.PAE35587_test.minimap2.cram.crai",
                "read_mapping/ont/SAMEA7524440/PAE35587_test/qc",
                "read_mapping/ont/SAMEA7524440/PAE35587_test/qc/ont.SAMEA7524440.PAE35587_test.fastqc.html",
                "read_mapping/ont/SAMEA7524440/PAE35587_test/qc/ont.SAMEA7524440.PAE35587_test.fastqc.zip",
                "read_mapping/ont/SAMEA7524440/PAE35587_test/stats",
                "read_mapping/ont/SAMEA7524440/PAE35587_test/stats/GCA_922984935.2.subset.unmasked.ont.SAMEA7524440.PAE35587_test.minimap2.flagstat",
                "read_mapping/ont/SAMEA7524440/PAE35587_test/stats/GCA_922984935.2.subset.unmasked.ont.SAMEA7524440.PAE35587_test.minimap2.idxstats",
                "read_mapping/ont/SAMEA7524440/PAE35587_test/stats/GCA_922984935.2.subset.unmasked.ont.SAMEA7524440.PAE35587_test.minimap2.stats.gz",
                "read_mapping/ont/SAMEA7524440/merged_1",
                "read_mapping/ont/SAMEA7524440/merged_1/GCA_922984935.2.subset.unmasked.ont.SAMEA7524440.minimap2.merged_1.coverage.bedGraph.gz",
                "read_mapping/ont/SAMEA7524440/merged_1/GCA_922984935.2.subset.unmasked.ont.SAMEA7524440.minimap2.merged_1.cram",
                "read_mapping/ont/SAMEA7524440/merged_1/GCA_922984935.2.subset.unmasked.ont.SAMEA7524440.minimap2.merged_1.cram.crai",
                "read_mapping/ont/SAMEA7524440/merged_1/SOURCE.txt",
                "read_mapping/ont/SAMEA7524440/merged_1/stats",
                "read_mapping/ont/SAMEA7524440/merged_1/stats/GCA_922984935.2.subset.unmasked.ont.SAMEA7524440.minimap2.merged_1.flagstat",
                "read_mapping/ont/SAMEA7524440/merged_1/stats/GCA_922984935.2.subset.unmasked.ont.SAMEA7524440.minimap2.merged_1.idxstats",
                "read_mapping/ont/SAMEA7524440/merged_1/stats/GCA_922984935.2.subset.unmasked.ont.SAMEA7524440.minimap2.merged_1.stats.gz",
                "read_mapping/pacbio",
                "read_mapping/pacbio/SAMEA7524440",
                "read_mapping/pacbio/SAMEA7524440/ERR6939248",
                "read_mapping/pacbio/SAMEA7524440/ERR6939248/GCA_922984935.2.subset.unmasked.pacbio.SAMEA7524440.ERR6939248.minimap2.coverage.bedGraph.gz",
                "read_mapping/pacbio/SAMEA7524440/ERR6939248/GCA_922984935.2.subset.unmasked.pacbio.SAMEA7524440.ERR6939248.minimap2.cram",
                "read_mapping/pacbio/SAMEA7524440/ERR6939248/GCA_922984935.2.subset.unmasked.pacbio.SAMEA7524440.ERR6939248.minimap2.cram.crai",
                "read_mapping/pacbio/SAMEA7524440/ERR6939248/qc",
                "read_mapping/pacbio/SAMEA7524440/ERR6939248/qc/SAMEA7524440.ERR6939248.hifitrimmer.bed.gz",
                "read_mapping/pacbio/SAMEA7524440/ERR6939248/qc/SAMEA7524440.ERR6939248.hifitrimmer.summary.json",
                "read_mapping/pacbio/SAMEA7524440/ERR6939248/qc/pacbio.SAMEA7524440.ERR6939248.fastqc.html",
                "read_mapping/pacbio/SAMEA7524440/ERR6939248/qc/pacbio.SAMEA7524440.ERR6939248.fastqc.zip",
                "read_mapping/pacbio/SAMEA7524440/ERR6939248/qc/pacbio.SAMEA7524440.ERR6939248.filtered.fastqc.html",
                "read_mapping/pacbio/SAMEA7524440/ERR6939248/qc/pacbio.SAMEA7524440.ERR6939248.filtered.fastqc.zip",
                "read_mapping/pacbio/SAMEA7524440/ERR6939248/stats",
                "read_mapping/pacbio/SAMEA7524440/ERR6939248/stats/GCA_922984935.2.subset.unmasked.pacbio.SAMEA7524440.ERR6939248.minimap2.flagstat",
                "read_mapping/pacbio/SAMEA7524440/ERR6939248/stats/GCA_922984935.2.subset.unmasked.pacbio.SAMEA7524440.ERR6939248.minimap2.idxstats",
                "read_mapping/pacbio/SAMEA7524440/ERR6939248/stats/GCA_922984935.2.subset.unmasked.pacbio.SAMEA7524440.ERR6939248.minimap2.stats.gz",
                "read_mapping/pacbio/SAMEA7524440/ERR6939249",
                "read_mapping/pacbio/SAMEA7524440/ERR6939249/GCA_922984935.2.subset.unmasked.pacbio.SAMEA7524440.ERR6939249.minimap2.coverage.bedGraph.gz",
                "read_mapping/pacbio/SAMEA7524440/ERR6939249/GCA_922984935.2.subset.unmasked.pacbio.SAMEA7524440.ERR6939249.minimap2.cram",
                "read_mapping/pacbio/SAMEA7524440/ERR6939249/GCA_922984935.2.subset.unmasked.pacbio.SAMEA7524440.ERR6939249.minimap2.cram.crai",
                "read_mapping/pacbio/SAMEA7524440/ERR6939249/qc",
                "read_mapping/pacbio/SAMEA7524440/ERR6939249/qc/SAMEA7524440.ERR6939249.hifitrimmer.bed.gz",
                "read_mapping/pacbio/SAMEA7524440/ERR6939249/qc/SAMEA7524440.ERR6939249.hifitrimmer.summary.json",
                "read_mapping/pacbio/SAMEA7524440/ERR6939249/qc/pacbio.SAMEA7524440.ERR6939249.fastqc.html",
                "read_mapping/pacbio/SAMEA7524440/ERR6939249/qc/pacbio.SAMEA7524440.ERR6939249.fastqc.zip",
                "read_mapping/pacbio/SAMEA7524440/ERR6939249/qc/pacbio.SAMEA7524440.ERR6939249.filtered.fastqc.html",
                "read_mapping/pacbio/SAMEA7524440/ERR6939249/qc/pacbio.SAMEA7524440.ERR6939249.filtered.fastqc.zip",
                "read_mapping/pacbio/SAMEA7524440/ERR6939249/stats",
                "read_mapping/pacbio/SAMEA7524440/ERR6939249/stats/GCA_922984935.2.subset.unmasked.pacbio.SAMEA7524440.ERR6939249.minimap2.flagstat",
                "read_mapping/pacbio/SAMEA7524440/ERR6939249/stats/GCA_922984935.2.subset.unmasked.pacbio.SAMEA7524440.ERR6939249.minimap2.idxstats",
                "read_mapping/pacbio/SAMEA7524440/ERR6939249/stats/GCA_922984935.2.subset.unmasked.pacbio.SAMEA7524440.ERR6939249.minimap2.stats.gz",
                "read_mapping/pacbio/SAMEA7524440/merged_1",
                "read_mapping/pacbio/SAMEA7524440/merged_1/GCA_922984935.2.subset.unmasked.pacbio.SAMEA7524440.minimap2.merged_1.coverage.bedGraph.gz",
                "read_mapping/pacbio/SAMEA7524440/merged_1/GCA_922984935.2.subset.unmasked.pacbio.SAMEA7524440.minimap2.merged_1.cram",
                "read_mapping/pacbio/SAMEA7524440/merged_1/GCA_922984935.2.subset.unmasked.pacbio.SAMEA7524440.minimap2.merged_1.cram.crai",
                "read_mapping/pacbio/SAMEA7524440/merged_1/SOURCE.txt",
                "read_mapping/pacbio/SAMEA7524440/merged_1/stats",
                "read_mapping/pacbio/SAMEA7524440/merged_1/stats/GCA_922984935.2.subset.unmasked.pacbio.SAMEA7524440.minimap2.merged_1.flagstat",
                "read_mapping/pacbio/SAMEA7524440/merged_1/stats/GCA_922984935.2.subset.unmasked.pacbio.SAMEA7524440.minimap2.merged_1.idxstats",
                "read_mapping/pacbio/SAMEA7524440/merged_1/stats/GCA_922984935.2.subset.unmasked.pacbio.SAMEA7524440.minimap2.merged_1.stats.gz"
            ],
            [
                "GCA_922984935.2.subset.unmasked.hic.SAMEA7524440.ERR6688402.minimap2.coverage.bedGraph.gz:md5,79848febc8a62315b937987120e92d15",
                "GCA_922984935.2.subset.unmasked.hic.SAMEA7524440.ERR6688402.minimap2.flagstat:md5,06518c1c7dc52fbb8e4e0b528cca346a",
                "GCA_922984935.2.subset.unmasked.hic.SAMEA7524440.ERR6688402.minimap2.idxstats:md5,972cde7ea3591c9926b75994b7a41706",
                "GCA_922984935.2.subset.unmasked.hic.SAMEA7524440.ERR6688402.minimap2.stats.gz:md5,b24403f1cccacbfa8f74c9ee7982eea5",
                "GCA_922984935.2.subset.unmasked.illumina.SAMEA7524438.ERR6688599.minimap2.coverage.bedGraph.gz:md5,23a3139aea8cec16b12ee8e77908c08e",
                "GCA_922984935.2.subset.unmasked.illumina.SAMEA7524438.ERR6688599.minimap2.flagstat:md5,6aef65e71669eb57e00a700c4b1bafe2",
                "GCA_922984935.2.subset.unmasked.illumina.SAMEA7524438.ERR6688599.minimap2.idxstats:md5,de6f6d0db3099aab74d2ab97e3474d70",
                "GCA_922984935.2.subset.unmasked.illumina.SAMEA7524438.ERR6688599.minimap2.stats.gz:md5,c3e21c4aa8327c9d38f07e0a0d073da2",
                "GCA_922984935.2.subset.unmasked.illumina.SAMEA7524439.ERR6688600.minimap2.coverage.bedGraph.gz:md5,23a3139aea8cec16b12ee8e77908c08e",
                "GCA_922984935.2.subset.unmasked.illumina.SAMEA7524439.ERR6688600.minimap2.flagstat:md5,dccc7b15c51de2f1e64be281837c1e92",
                "GCA_922984935.2.subset.unmasked.illumina.SAMEA7524439.ERR6688600.minimap2.idxstats:md5,8cf0310d38bdc5f2ccf5e911e8c41f60",
                "GCA_922984935.2.subset.unmasked.illumina.SAMEA7524439.ERR6688600.minimap2.stats.gz:md5,ce1e4180387c655031fd5251944b3728",
                "GCA_922984935.2.subset.unmasked.ont.SAMEA7524440.PAE35587.minimap2.coverage.bedGraph.gz:md5,85ffcf5fa35869be78198b750ae7184a",
                "GCA_922984935.2.subset.unmasked.ont.SAMEA7524440.PAE35587.minimap2.flagstat:md5,9a975d9cca35785dc8044aa06a63e7b5",
                "GCA_922984935.2.subset.unmasked.ont.SAMEA7524440.PAE35587.minimap2.idxstats:md5,f176a0ddb87700171fa3f88525b94272",
                "GCA_922984935.2.subset.unmasked.ont.SAMEA7524440.PAE35587.minimap2.stats.gz:md5,ce6b2b5b271664b5eb5aac9ee0a60302",
                "GCA_922984935.2.subset.unmasked.ont.SAMEA7524440.PAE35587_test.minimap2.coverage.bedGraph.gz:md5,85ffcf5fa35869be78198b750ae7184a",
                "GCA_922984935.2.subset.unmasked.ont.SAMEA7524440.PAE35587_test.minimap2.flagstat:md5,9a975d9cca35785dc8044aa06a63e7b5",
                "GCA_922984935.2.subset.unmasked.ont.SAMEA7524440.PAE35587_test.minimap2.idxstats:md5,f176a0ddb87700171fa3f88525b94272",
                "GCA_922984935.2.subset.unmasked.ont.SAMEA7524440.PAE35587_test.minimap2.stats.gz:md5,9a81a0e8b60a95a2bdbc2f57c638fd8b",
                "GCA_922984935.2.subset.unmasked.ont.SAMEA7524440.minimap2.merged_1.coverage.bedGraph.gz:md5,bc939428742527654ae4b147e5cf369b",
                "SOURCE.txt:md5,21b2344ef9fcd3b506888828b12a853e",
                "GCA_922984935.2.subset.unmasked.ont.SAMEA7524440.minimap2.merged_1.flagstat:md5,ec6aaeb8be068f8b35a56d091d38c8b0",
                "GCA_922984935.2.subset.unmasked.ont.SAMEA7524440.minimap2.merged_1.idxstats:md5,5e872e9487a31f09266c6a73b3dbbd38",
                "GCA_922984935.2.subset.unmasked.ont.SAMEA7524440.minimap2.merged_1.stats.gz:md5,d60a85efe572bf79b2900b6e63b0a4ca",
                "GCA_922984935.2.subset.unmasked.pacbio.SAMEA7524440.ERR6939248.minimap2.coverage.bedGraph.gz:md5,24d333148f4c53b6f8bd6535a93dbe20",
                "SAMEA7524440.ERR6939248.hifitrimmer.bed.gz:md5,0fe5fe224b52d743066bb3e03fecd982",
                "GCA_922984935.2.subset.unmasked.pacbio.SAMEA7524440.ERR6939248.minimap2.flagstat:md5,db1610f3490d314de7e60f10d404178d",
                "GCA_922984935.2.subset.unmasked.pacbio.SAMEA7524440.ERR6939248.minimap2.idxstats:md5,f757bd37fc1461e576348525ae0ba087",
                "GCA_922984935.2.subset.unmasked.pacbio.SAMEA7524440.ERR6939248.minimap2.stats.gz:md5,dd03ce848d203f81a34e2555b683e40c",
                "GCA_922984935.2.subset.unmasked.pacbio.SAMEA7524440.ERR6939249.minimap2.coverage.bedGraph.gz:md5,586961f7b8fb27776e0957e00ecb7b6b",
                "SAMEA7524440.ERR6939249.hifitrimmer.bed.gz:md5,16e8458843c0a6e1736f19c297088c32",
                "GCA_922984935.2.subset.unmasked.pacbio.SAMEA7524440.ERR6939249.minimap2.flagstat:md5,81a2332a3cdcc6b37dd2687d2cc77752",
                "GCA_922984935.2.subset.unmasked.pacbio.SAMEA7524440.ERR6939249.minimap2.idxstats:md5,fe8b829d5241701b172cf4ff55cbf4f6",
                "GCA_922984935.2.subset.unmasked.pacbio.SAMEA7524440.ERR6939249.minimap2.stats.gz:md5,560328d1f2fde8945e2add2c529d7df5",
                "GCA_922984935.2.subset.unmasked.pacbio.SAMEA7524440.minimap2.merged_1.coverage.bedGraph.gz:md5,5f0bf291d798e6c82899aaaa9cf4f793",
                "SOURCE.txt:md5,343a5205e5b93005576ee69a0869dad3",
                "GCA_922984935.2.subset.unmasked.pacbio.SAMEA7524440.minimap2.merged_1.flagstat:md5,da9dcde0937f27935637db67c14c9928",
                "GCA_922984935.2.subset.unmasked.pacbio.SAMEA7524440.minimap2.merged_1.idxstats:md5,ee312e0f5e6053bc81b737ae5805807f",
                "GCA_922984935.2.subset.unmasked.pacbio.SAMEA7524440.minimap2.merged_1.stats.gz:md5,76bc7ca259d01ac29819223202afeb58"
            ],
            {

            },
            {
                "GCA_922984935.2.subset.unmasked.hic.SAMEA7524440.ERR6688402.minimap2.cram": {
                    "maxReadLength": 151,
                    "minReadLength": 25,
                    "meanReadLength": 150,
                    "maxQuality": 60,
                    "minQuality": 0,
                    "meanQuality": 0,
                    "readCount": 19984,
                    "duplicateReadCount": 24,
                    "sorted": false
                },
                "GCA_922984935.2.subset.unmasked.illumina.SAMEA7524438.ERR6688599.minimap2.cram": {
                    "maxReadLength": 151,
                    "minReadLength": 27,
                    "meanReadLength": 150,
                    "maxQuality": 60,
                    "minQuality": 0,
                    "meanQuality": 0,
                    "readCount": 20077,
                    "duplicateReadCount": 19,
                    "sorted": false
                },
                "GCA_922984935.2.subset.unmasked.illumina.SAMEA7524439.ERR6688600.minimap2.cram": {
                    "maxReadLength": 151,
                    "minReadLength": 25,
                    "meanReadLength": 150,
                    "maxQuality": 60,
                    "minQuality": 0,
                    "meanQuality": 0,
                    "readCount": 20076,
                    "duplicateReadCount": 20,
                    "sorted": false
                },
                "GCA_922984935.2.subset.unmasked.ont.SAMEA7524440.PAE35587.minimap2.cram": {
                    "maxReadLength": 96980,
                    "minReadLength": 0,
                    "meanReadLength": 4840,
                    "maxQuality": 60,
                    "minQuality": 0,
                    "meanQuality": 3,
                    "readCount": 16265,
                    "duplicateReadCount": 0,
                    "sorted": false
                },
                "GCA_922984935.2.subset.unmasked.ont.SAMEA7524440.PAE35587_test.minimap2.cram": {
                    "maxReadLength": 96980,
                    "minReadLength": 0,
                    "meanReadLength": 4840,
                    "maxQuality": 60,
                    "minQuality": 0,
                    "meanQuality": 3,
                    "readCount": 16265,
                    "duplicateReadCount": 0,
                    "sorted": false
                },
                "GCA_922984935.2.subset.unmasked.ont.SAMEA7524440.minimap2.merged_1.cram": {
                    "maxReadLength": 96980,
                    "minReadLength": 0,
                    "meanReadLength": 4840,
                    "maxQuality": 60,
                    "minQuality": 0,
                    "meanQuality": 3,
                    "readCount": 32530,
                    "duplicateReadCount": 0,
                    "sorted": false
                },
                "GCA_922984935.2.subset.unmasked.pacbio.SAMEA7524440.ERR6939248.minimap2.cram": {
                    "maxReadLength": 30669,
                    "minReadLength": 0,
                    "meanReadLength": 5851,
                    "maxQuality": 60,
                    "minQuality": 0,
                    "meanQuality": 3,
                    "readCount": 26777,
                    "duplicateReadCount": 0,
                    "sorted": false
                },
                "GCA_922984935.2.subset.unmasked.pacbio.SAMEA7524440.ERR6939249.minimap2.cram": {
                    "maxReadLength": 32471,
                    "minReadLength": 0,
                    "meanReadLength": 5889,
                    "maxQuality": 60,
                    "minQuality": 0,
                    "meanQuality": 3,
                    "readCount": 27031,
                    "duplicateReadCount": 0,
                    "sorted": false
                },
                "GCA_922984935.2.subset.unmasked.pacbio.SAMEA7524440.minimap2.merged_1.cram": {
                    "maxReadLength": 32471,
                    "minReadLength": 0,
                    "meanReadLength": 5870,
                    "maxQuality": 60,
                    "minQuality": 0,
                    "meanQuality": 3,
                    "readCount": 53808,
                    "duplicateReadCount": 0,
                    "sorted": false
                }
            },
            [
                "SAMEA7524440.ERR6939248.hifitrimmer.summary.json:md5,81572321148a5e77738af902fa5f9e71",
                "SAMEA7524440.ERR6939249.hifitrimmer.summary.json:md5,83d9985a6d7a4477df704d8f4a23852c"
            ]
        ],
        "meta": {
            "nf-test": "0.9.3",
            "nextflow": "25.10.0"
        },
        "timestamp": "2026-03-02T11:43:02.373999373"
    }
}
