{
    "-profile test": {
        "content": [
            151,
            {
                "BGZIP_BEDGRAPH": {
                    "tabix": 1.21
                },
                "BGZIP_BLASTN": {
                    "tabix": 1.21
                },
                "BLASTN_HIFI": {
                    "blast": "2.15.0+"
                },
                "BLOBTK_DEPTH": {
                    "blobtk": "0.6.5"
                },
                "BWAMEM2_INDEX": {
                    "bwamem2": "2.2.1"
                },
                "CONVERT_CRAM": {
                    "samtools": "1.22.1"
                },
                "CRAM_FILTER": {
                    "samtools": 1.17,
                    "staden_io": 1.15
                },
                "CRAM_FILTER_MINIMAP2_FILTER5END_FIXMATE_SORT": {
                    "minimap2": "2.24-r1122",
                    "samtools": 1.17,
                    "staden_io": 1.15
                },
                "CRUMBLE": {
                    "crumble": "0.9.1"
                },
                "FASTQC": {
                    "fastqc": "0.12.1"
                },
                "FASTQC_FILTERED": {
                    "fastqc": "0.12.1"
                },
                "GENERATE_CRAM_CSV": {
                    "samtools": 1.17
                },
                "GUNZIP": {
                    "gunzip": 1.1
                },
                "GZIP_STATS": {
                    "gzip": 1.1
                },
                "HICCRAMALIGN_CHUNKS": {
                    "hiccramalign_chunks": "1.0.1"
                },
                "HICCRAMALIGN_MINIMAP2ALIGN": {
                    "gawk": "5.3.1",
                    "minimap2": "2.30-r1287",
                    "samtools": "1.22.1"
                },
                "HIFI_TRIMMER": {
                    "hifi_trimmer": "1.2.2"
                },
                "MINIMAP2_ALIGN": {
                    "minimap2": "2.28-r1209",
                    "samtools": 1.2
                },
                "MINIMAP2_INDEX": {
                    "minimap2": "2.29-r1283"
                },
                "PACBIO_PBMARKDUP": {
                    "pbmarkdup": "1.0.3"
                },
                "SAMTOOLS_ADDREPLACERG": {
                    "samtools": "1.22.1"
                },
                "SAMTOOLS_COLLATETOFASTA": {
                    "samtools": "1.22.1"
                },
                "SAMTOOLS_COLLATETOFASTQ": {
                    "samtools": "1.22.1"
                },
                "SAMTOOLS_CONVERT": {
                    "samtools": "1.22.1"
                },
                "SAMTOOLS_CRAM": {
                    "samtools": "1.22.1"
                },
                "SAMTOOLS_FAIDX": {
                    "samtools": 1.21
                },
                "SAMTOOLS_FLAGSTAT": {
                    "samtools": "1.22.1"
                },
                "SAMTOOLS_IDXSTATS": {
                    "samtools": "1.22.1"
                },
                "SAMTOOLS_INDEX": {
                    "samtools": 1.21
                },
                "SAMTOOLS_MARKDUP": {
                    "samtools": 1.21
                },
                "SAMTOOLS_MERGE": {
                    "samtools": "1.22.1"
                },
                "SAMTOOLS_REHEADER_CRAM": {
                    "samtools": "1.22.1"
                },
                "SAMTOOLS_SORMADUP": {
                    "samtools": "1.22.1"
                },
                "SAMTOOLS_STATS": {
                    "samtools": "1.22.1"
                },
                "UNMASK": {
                    "awk": "5.1.0"
                },
                "UNTAR": {
                    "untar": 1.34
                },
                "Workflow": {
                    "sanger-tol/readmapping": "v1.4.0dev"
                }
            },
            [
                "pipeline_info",
                "pipeline_info/readmapping_software_mqc_versions.yml",
                "quality_control",
                "quality_control/hic.mMelMel3_T1.fasta_fastqc.html",
                "quality_control/hic.mMelMel3_T1.fasta_fastqc.zip",
                "quality_control/illumina.mMelMel1_T1.fasta_fastqc.html",
                "quality_control/illumina.mMelMel1_T1.fasta_fastqc.zip",
                "quality_control/illumina.mMelMel2_T1_fastqc.html",
                "quality_control/illumina.mMelMel2_T1_fastqc.zip",
                "quality_control/multiqc_report.html",
                "quality_control/ont.mMelMel3_T2_fastqc.html",
                "quality_control/ont.mMelMel3_T2_fastqc.zip",
                "quality_control/pacbio.mMelMel3_T3.filtered_fastqc.html",
                "quality_control/pacbio.mMelMel3_T3.filtered_fastqc.zip",
                "quality_control/pacbio.mMelMel3_T3_fastqc.html",
                "quality_control/pacbio.mMelMel3_T3_fastqc.zip",
                "quality_control/pacbio.mMelMel3_T4.filtered_fastqc.html",
                "quality_control/pacbio.mMelMel3_T4.filtered_fastqc.zip",
                "quality_control/pacbio.mMelMel3_T4_fastqc.html",
                "quality_control/pacbio.mMelMel3_T4_fastqc.zip",
                "read_mapping",
                "read_mapping/hic",
                "read_mapping/hic/GCA_922984935.2.subset.unmasked.hic.mMelMel3_T1.coverage.bedGraph.gz",
                "read_mapping/hic/GCA_922984935.2.subset.unmasked.hic.mMelMel3_T1.cram",
                "read_mapping/hic/GCA_922984935.2.subset.unmasked.hic.mMelMel3_T1.cram.crai",
                "read_mapping/hic/GCA_922984935.2.subset.unmasked.hic.mMelMel3_T1.flagstat",
                "read_mapping/hic/GCA_922984935.2.subset.unmasked.hic.mMelMel3_T1.idxstats",
                "read_mapping/hic/GCA_922984935.2.subset.unmasked.hic.mMelMel3_T1.stats.gz",
                "read_mapping/illumina",
                "read_mapping/illumina/GCA_922984935.2.subset.unmasked.illumina.mMelMel1_T1.coverage.bedGraph.gz",
                "read_mapping/illumina/GCA_922984935.2.subset.unmasked.illumina.mMelMel1_T1.cram",
                "read_mapping/illumina/GCA_922984935.2.subset.unmasked.illumina.mMelMel1_T1.cram.crai",
                "read_mapping/illumina/GCA_922984935.2.subset.unmasked.illumina.mMelMel1_T1.flagstat",
                "read_mapping/illumina/GCA_922984935.2.subset.unmasked.illumina.mMelMel1_T1.idxstats",
                "read_mapping/illumina/GCA_922984935.2.subset.unmasked.illumina.mMelMel1_T1.stats.gz",
                "read_mapping/illumina/GCA_922984935.2.subset.unmasked.illumina.mMelMel2_T1.coverage.bedGraph.gz",
                "read_mapping/illumina/GCA_922984935.2.subset.unmasked.illumina.mMelMel2_T1.cram",
                "read_mapping/illumina/GCA_922984935.2.subset.unmasked.illumina.mMelMel2_T1.cram.crai",
                "read_mapping/illumina/GCA_922984935.2.subset.unmasked.illumina.mMelMel2_T1.flagstat",
                "read_mapping/illumina/GCA_922984935.2.subset.unmasked.illumina.mMelMel2_T1.idxstats",
                "read_mapping/illumina/GCA_922984935.2.subset.unmasked.illumina.mMelMel2_T1.stats.gz",
                "read_mapping/ont",
                "read_mapping/ont/GCA_922984935.2.subset.unmasked.ont.mMelMel3_T2.coverage.bedGraph.gz",
                "read_mapping/ont/GCA_922984935.2.subset.unmasked.ont.mMelMel3_T2.cram",
                "read_mapping/ont/GCA_922984935.2.subset.unmasked.ont.mMelMel3_T2.cram.crai",
                "read_mapping/ont/GCA_922984935.2.subset.unmasked.ont.mMelMel3_T2.flagstat",
                "read_mapping/ont/GCA_922984935.2.subset.unmasked.ont.mMelMel3_T2.idxstats",
                "read_mapping/ont/GCA_922984935.2.subset.unmasked.ont.mMelMel3_T2.stats.gz",
                "read_mapping/pacbio",
                "read_mapping/pacbio/GCA_922984935.2.subset.unmasked.pacbio.mMelMel3_T3.coverage.bedGraph.gz",
                "read_mapping/pacbio/GCA_922984935.2.subset.unmasked.pacbio.mMelMel3_T3.cram",
                "read_mapping/pacbio/GCA_922984935.2.subset.unmasked.pacbio.mMelMel3_T3.cram.crai",
                "read_mapping/pacbio/GCA_922984935.2.subset.unmasked.pacbio.mMelMel3_T3.flagstat",
                "read_mapping/pacbio/GCA_922984935.2.subset.unmasked.pacbio.mMelMel3_T3.idxstats",
                "read_mapping/pacbio/GCA_922984935.2.subset.unmasked.pacbio.mMelMel3_T3.stats.gz",
                "read_mapping/pacbio/GCA_922984935.2.subset.unmasked.pacbio.mMelMel3_T4.coverage.bedGraph.gz",
                "read_mapping/pacbio/GCA_922984935.2.subset.unmasked.pacbio.mMelMel3_T4.cram",
                "read_mapping/pacbio/GCA_922984935.2.subset.unmasked.pacbio.mMelMel3_T4.cram.crai",
                "read_mapping/pacbio/GCA_922984935.2.subset.unmasked.pacbio.mMelMel3_T4.flagstat",
                "read_mapping/pacbio/GCA_922984935.2.subset.unmasked.pacbio.mMelMel3_T4.idxstats",
                "read_mapping/pacbio/GCA_922984935.2.subset.unmasked.pacbio.mMelMel3_T4.stats.gz"
            ]
        ],
        "meta": {
            "nf-test": "0.9.2",
            "nextflow": "25.04.2"
        },
        "timestamp": "2025-09-25T16:11:51.028412"
    }
}