{
    "-profile test_pimms": {
        "content": [
            30,
            {
                "BGZIP_BEDGRAPH": {
                    "samtools": "1.23.1"
                },
                "BLAST_BLASTN": {
                    "blastn": "2.17.0+",
                    "samtools": "1.23.1",
                    "seqkit": "2.12.0"
                },
                "BLOBTK_DEPTH": {
                    "blobtk": "0.7.1"
                },
                "CRAMALIGN_GENCRAMCHUNKS": {
                    "cramchunks": "1.1.0"
                },
                "CRAMALIGN_MINIMAP2ALIGN": {
                    "minimap2": "2.30-r1287",
                    "samtools": "1.22.1"
                },
                "CRUMBLE": {
                    "crumble": "0.9.1"
                },
                "FASTQC": {
                    "fastqc": "0.12.1"
                },
                "GAWK_MODIFY_YAML_BARCODE": {
                    "gawk": "5.3.0"
                },
                "GUNZIP": {
                    "gunzip": 1.13
                },
                "GZIP_STATS": {
                    "pigz": 2.8
                },
                "HIFITRIMMER_PROCESSBLAST": {
                    "hifi-trimmer": "5.0.1"
                },
                "HIFITRIMMER_TRIM": {
                    "hifi-trimmer": "5.0.1"
                },
                "LIMA": {
                    "lima": "2.12.0"
                },
                "MASK_UNMASK": {
                    "gawk": "5.3.1",
                    "unmask": 1.0
                },
                "MINIMAP2_INDEX": {
                    "minimap2": "2.30-r1287"
                },
                "PBMARKDUP": {
                    "pbmarkdup": "1.2.0"
                },
                "SAMTOOLS_CRAM": {
                    "samtools": "1.23.1"
                },
                "SAMTOOLS_FAIDX": {
                    "samtools": "1.23.1"
                },
                "SAMTOOLS_FLAGSTAT": {
                    "samtools": "1.23.1"
                },
                "SAMTOOLS_IDXSTATS": {
                    "samtools": "1.23.1"
                },
                "SAMTOOLS_INDEX": {
                    "samtools": "1.23.1"
                },
                "SAMTOOLS_MERGE": {
                    "samtools": "1.23.1"
                },
                "SAMTOOLS_SPLITHEADER": {
                    "samtools": "1.23.1"
                },
                "SAMTOOLS_STATS": {
                    "samtools": "1.23.1"
                },
                "UNTAR": {
                    "untar": 1.34
                },
                "Workflow": {
                    "sanger-tol/readmapping": "v2.1.0"
                }
            },
            [
                "multiqc_report.html",
                "pipeline_info",
                "pipeline_info/readmapping_software_mqc_versions.yml",
                "read_mapping",
                "read_mapping/pacbio",
                "read_mapping/pacbio/SAMEA115183607",
                "read_mapping/pacbio/SAMEA115183607/ERR15170332",
                "read_mapping/pacbio/SAMEA115183607/ERR15170332/GCA_965260885.1.subset.pacbio.SAMEA115183607.ERR15170332.minimap2.coverage.1k.bedGraph.gz",
                "read_mapping/pacbio/SAMEA115183607/ERR15170332/GCA_965260885.1.subset.pacbio.SAMEA115183607.ERR15170332.minimap2.cram",
                "read_mapping/pacbio/SAMEA115183607/ERR15170332/GCA_965260885.1.subset.pacbio.SAMEA115183607.ERR15170332.minimap2.cram.crai",
                "read_mapping/pacbio/SAMEA115183607/ERR15170332/qc",
                "read_mapping/pacbio/SAMEA115183607/ERR15170332/qc/pacbio.SAMEA115183607.ERR15170332.fastqc.html",
                "read_mapping/pacbio/SAMEA115183607/ERR15170332/qc/pacbio.SAMEA115183607.ERR15170332.fastqc.zip",
                "read_mapping/pacbio/SAMEA115183607/ERR15170332/qc/pacbio.SAMEA115183607.ERR15170332.hifitrimmer.bed.gz",
                "read_mapping/pacbio/SAMEA115183607/ERR15170332/qc/pacbio.SAMEA115183607.ERR15170332.hifitrimmer.summary.json",
                "read_mapping/pacbio/SAMEA115183607/ERR15170332/qc/pacbio.SAMEA115183607.ERR15170332.lima.report",
                "read_mapping/pacbio/SAMEA115183607/ERR15170332/qc/pacbio.SAMEA115183607.ERR15170332.rmdup.pbmarkdup.log",
                "read_mapping/pacbio/SAMEA115183607/ERR15170332/stats",
                "read_mapping/pacbio/SAMEA115183607/ERR15170332/stats/GCA_965260885.1.subset.pacbio.SAMEA115183607.ERR15170332.minimap2.flagstat",
                "read_mapping/pacbio/SAMEA115183607/ERR15170332/stats/GCA_965260885.1.subset.pacbio.SAMEA115183607.ERR15170332.minimap2.idxstats",
                "read_mapping/pacbio/SAMEA115183607/ERR15170332/stats/GCA_965260885.1.subset.pacbio.SAMEA115183607.ERR15170332.minimap2.stats.gz",
                "read_mapping/pacbio/multiqc_report.pacbio.html"
            ],
            [
                "GCA_965260885.1.subset.pacbio.SAMEA115183607.ERR15170332.minimap2.coverage.1k.bedGraph.gz:md5,96c5d2ee658a26581d46c841d50e14d9",
                "pacbio.SAMEA115183607.ERR15170332.hifitrimmer.bed.gz:md5,66059210a3a9e7d9318035c66ebe3037",
                "pacbio.SAMEA115183607.ERR15170332.lima.report:md5,ae560485462c93d2ca3097927a2dcb69",
                "pacbio.SAMEA115183607.ERR15170332.rmdup.pbmarkdup.log:md5,a9ae60b02f4d3da0612e607f88ab47be",
                "GCA_965260885.1.subset.pacbio.SAMEA115183607.ERR15170332.minimap2.flagstat:md5,c62eb1fb1428e36687ce9e77419539a0",
                "GCA_965260885.1.subset.pacbio.SAMEA115183607.ERR15170332.minimap2.idxstats:md5,c96bb119e9a07aad4d52b37237c46201",
                "GCA_965260885.1.subset.pacbio.SAMEA115183607.ERR15170332.minimap2.stats.gz:md5,6c4b007ccd09826598c038780a7bee4a"
            ],
            {
                
            },
            {
                "GCA_965260885.1.subset.pacbio.SAMEA115183607.ERR15170332.minimap2.cram": {
                    "maxReadLength": 25914,
                    "minReadLength": 268,
                    "meanReadLength": 10192,
                    "maxQuality": 60,
                    "minQuality": 0,
                    "meanQuality": 2,
                    "readCount": 10847,
                    "duplicateReadCount": 0,
                    "sorted": false
                }
            },
            {
                
            },
            {
                "GCA_965260885.1.subset.pacbio.SAMEA115183607.ERR15170332.minimap2.cram": [
                    "@HD\tVN:1.6\tSO:coordinate",
                    "@SQ\tSN:CBDHBV010003034.1\tLN:12861\tM5:c531f950204798d91cace4394e3fe84b\tUR:GCA_965260885.1.subset.unmasked.fa",
                    "@RG\tID:337ee413/0--8\tSM:TOL_ASG15300914\tLB:TRAC-2-13801\tPU:m84047_250307_124228_s4\tDS:READTYPE=CCS;Ipd:CodecV1=ip;PulseWidth:CodecV1=pw;BINDINGKIT=102-739-100;SEQUENCINGKIT=102-118-800;BASECALLERVERSION=5.0;SMRTCELLKIT=102-202-200;SMRTCELLID=EA168037;RUNID=r84047_20250307_104418;ICSVERSION=13.3.0.253824;MOVIELENGTH=1440.0;FRAMERATEHZ=100.000000;BarcodeFile=TruSeq_adapters_v3.fasta;BarcodeHash=7ad395b587183d9864e930798b07689b;BarcodeCount=16;BarcodeMode=Asymmetric;BarcodeQuality=Score\tPL:PACBIO\tPM:REVIO\tBC:CCGCGGTTGTGACTGGAGTTCAGACGTGTGCTCTTCCGATCT-AGCGCTAGACACTCTTTCCCTACACGACGCTCTTCCGATCT",
                    "@PG\tID:ccs\tPN:ccs\tVN:8.2.0 (commit 8.2.0)\tDS:Generate circular consensus sequences (ccs) from subreads.\tCL:ccs --streamed --log-level INFO --log-file metadatam84047_250307_124228_s4.ccs.log --append-log-file --stderr-json-log --instrument-files-layout --movie-name m84047_250307_124228_s4 --min-rq -1 --non-hifi-prefix fail --knrt-ada --knrt-gpu-preset A100,A100 --pbdc-model revio_13_3.onnx --alarms metadata/m84047_250307_124228_s4.ccs.alarms.json",
                    "@PG\tID:pbtrim\tVN:1.1.0 (commit v1.1.0)\tCL:trim --streamed --movie-name m84047_250307_124228_s4 --instrument-files-layout --reuse-source-uuid --quality hifi --log-level INFO --log-file metadatam84047_250307_124228_s4.hifi_reads.trim.log --append-log-file --alarms metadata/m84047_250307_124228_s4.hifi_reads.trim.alarms.json",
                    "@PG\tID:jasmine\tPN:jasmine\tVN:2.3.0 (commit v2.3.0)\tDS:Call select base modifications in HiFi reads.\tCL:jasmine --streamed --movie-name m84047_250307_124228_s4 --instrument-files-layout --quality hifi --reuse-source-uuid --stderr-json-log --gpu-devices 0,0,0,0 --trt --6ma --log-level INFO --log-file metadatam84047_250307_124228_s4.hifi_reads.jasmine.log --append-log-file --alarms metadata/m84047_250307_124228_s4.hifi_reads.jasmine.alarms.json",
                    "@PG\tID:lima\tVN:2.11.0 (commit 2.11.0)\tCL:lima --movie-name m84047_250307_124228_s4 --instrument-files-layout --quality hifi --output-missing-pairs --hifi-preset SYMMETRIC-ADAPTERS --store-unbarcoded --split-named --reuse-source-uuid --reuse-biosample-uuids --stderr-json-log --alarms metadata/m84047_250307_124228_s4.hifi_reads.lima.alarms.json --log-level INFO --log-file metadatam84047_250307_124228_s4.hifi_reads.lima.log --append-log-file pb_formats/m84047_250307_124228_s4.hifi_reads.consensusreadset.jasmine.xml metadata/m84047_250307_124228_s4.barcodes.fasta hifi_reads/m84047_250307_124228_s4.hifi_reads.demux.bam",
                    "@PG\tID:samtools\tPN:samtools\tVN:1.24\tPP:lima\tCL:samtools view -t N -s 0.004 -b m84047_250307_124228_s4.hifi_reads.bc2059.bam",
                    "@PG\tID:lima.1\tVN:2.12.0 (commit v2.12.0)\tCL:lima m84047_250307_124228_s4.hifi_reads.bc2059.subset.bam TruSeq_adapters_v3.fasta pacbio.SAMEA115183607.ERR15170332.bam -j 4 --peek-guess --hifi-preset ASYMMETRIC --split-named",
                    "@PG\tID:hifi-trimmer\tPN:hifi-trimmer\tVN:5.0.1\tPP:lima.1\tCL:hifi-trimmer trim -t N -f cram -o pacbio.SAMEA115183607.ERR15170332.hifitrimmer.cram pacbio.SAMEA115183607.ERR15170332.rmdup.bam pacbio.SAMEA115183607.ERR15170332.hifitrimmer.bed.gz",
                    "@PG\tID:samtools.1\tPN:samtools\tPP:samtools\tVN:1.22.1\tCL:samtools view -H pacbio.SAMEA115183607.ERR15170332.hifitrimmer.cram",
                    "@PG\tID:samtools.2\tPN:samtools\tPP:hifi-trimmer\tVN:1.22.1\tCL:samtools view -H pacbio.SAMEA115183607.ERR15170332.hifitrimmer.cram",
                    "@PG\tID:minimap2\tPN:minimap2\tVN:2.30-r1287\tCL:minimap2 -t N -ax map-hifi --cs=short -I1G -y -R @RG\\tID:337ee413/0--8\\tSM:TOL_ASG15300914\\tLB:TRAC-2-13801\\tPU:m84047_250307_124228_s4\\tDS:READTYPE=CCS;Ipd:CodecV1=ip;PulseWidth:CodecV1=pw;BINDINGKIT=102-739-100;SEQUENCINGKIT=102-118-800;BASECALLERVERSION=5.0;SMRTCELLKIT=102-202-200;SMRTCELLID=EA168037;RUNID=r84047_20250307_104418;ICSVERSION=13.3.0.253824;MOVIELENGTH=1440.0;FRAMERATEHZ=100.000000;BarcodeFile=TruSeq_adapters_v3.fasta;BarcodeHash=7ad395b587183d9864e930798b07689b;BarcodeCount=16;BarcodeMode=Asymmetric;BarcodeQuality=Score\\tPL:PACBIO\\tPM:REVIO\\tBC:CCGCGGTTGTGACTGGAGTTCAGACGTGTGCTCTTCCGATCT-AGCGCTAGACACTCTTTCCCTACACGACGCTCTTCCGATCT GCA_965260885.1.subset.unmasked.mmi -\tPP:samtools.2",
                    "@PG\tID:samtools.3\tPN:samtools\tPP:samtools.1\tVN:1.22.1\tCL:samtools sort -t N -T pacbio.SAMEA115183607.ERR15170332.hifitrimmer.cram.0.SAMEA115183607.ERR15170332_sort_tmp -o pacbio.SAMEA115183607.ERR15170332.hifitrimmer.cram.0.SAMEA115183607.ERR15170332.bam -",
                    "@PG\tID:samtools.4\tPN:samtools\tPP:minimap2\tVN:1.22.1\tCL:samtools sort -t N -T pacbio.SAMEA115183607.ERR15170332.hifitrimmer.cram.0.SAMEA115183607.ERR15170332_sort_tmp -o pacbio.SAMEA115183607.ERR15170332.hifitrimmer.cram.0.SAMEA115183607.ERR15170332.bam -",
                    "@PG\tID:samtools.5\tPN:samtools\tPP:samtools.3\tVN:1.23.1\tCL:samtools merge --threads N -c -p --reference GCA_965260885.1.subset.unmasked.fa SAMEA115183607.ERR15170332.merge.bam 1/pacbio.SAMEA115183607.ERR15170332.hifitrimmer.cram.0.SAMEA115183607.ERR15170332.bam",
                    "@PG\tID:samtools.6\tPN:samtools\tPP:samtools.4\tVN:1.23.1\tCL:samtools merge --threads N -c -p --reference GCA_965260885.1.subset.unmasked.fa SAMEA115183607.ERR15170332.merge.bam 1/pacbio.SAMEA115183607.ERR15170332.hifitrimmer.cram.0.SAMEA115183607.ERR15170332.bam",
                    "@PG\tID:crumble\tPN:crumble\tPP:samtools.5\tVN:0.9.1\tCL:crumble -y pbccs -O bam SAMEA115183607.ERR15170332.merge.bam SAMEA115183607.ERR15170332.merge.crumble.bam",
                    "@PG\tID:crumble.1\tPN:crumble\tPP:samtools.6\tVN:0.9.1\tCL:crumble -y pbccs -O bam SAMEA115183607.ERR15170332.merge.bam SAMEA115183607.ERR15170332.merge.crumble.bam",
                    "@PG\tID:samtools.7\tPN:samtools\tPP:crumble\tVN:1.23.1\tCL:samtools view --threads N --reference GCA_965260885.1.subset.unmasked.fa --output-fmt cram,version=3.0,archive,level=8,embed_ref=1 --write-index -o GCA_965260885.1.subset.pacbio.SAMEA115183607.ERR15170332.minimap2.cram GCA_965260885.1.subset.pacbio.SAMEA115183607.ERR15170332.minimap2.bam",
                    "@PG\tID:samtools.8\tPN:samtools\tPP:crumble.1\tVN:1.23.1\tCL:samtools view --threads N --reference GCA_965260885.1.subset.unmasked.fa --output-fmt cram,version=3.0,archive,level=8,embed_ref=1 --write-index -o GCA_965260885.1.subset.pacbio.SAMEA115183607.ERR15170332.minimap2.cram GCA_965260885.1.subset.pacbio.SAMEA115183607.ERR15170332.minimap2.bam"
                ]
            },
            [
                "pacbio.SAMEA115183607.ERR15170332.hifitrimmer.summary.json:md5,40119066fb16727f9fc8ffd2943efc62"
            ]
        ],
        "timestamp": "2026-08-31T14:23:38.257053983",
        "meta": {
            "nf-test": "0.9.5",
            "nextflow": "25.10.4"
        }
    }
}