{
    "-profile test --short_aligner minimap2": {
        "content": [
            70,
            {
                "BGZIP_BEDGRAPH": {
                    "tabix": 1.21
                },
                "BLAST_MAKEBLASTDB": {
                    "makeblastdb": "2.17.0+"
                },
                "BLOBTK_DEPTH": {
                    "blobtk": "0.6.5"
                },
                "BWAMEM2_INDEX": {
                    "bwamem2": "2.2.1"
                },
                "CONVERT_CRAM": {
                    "samtools": "1.22.1"
                },
                "CRAMALIGN_GENCRAMCHUNKS": {
                    "cramchunks": "1.1.0"
                },
                "CRAMALIGN_MINIMAP2ALIGNHIC": {
                    "filter_five_end.pl": 1.0,
                    "gawk": "5.3.1",
                    "minimap2": "2.30-r1287",
                    "samtools": "1.22.1"
                },
                "CRUMBLE": {
                    "crumble": "0.9.1"
                },
                "FASTQC": {
                    "fastqc": "0.12.1"
                },
                "GUNZIP": {
                    "gunzip": 1.13
                },
                "GZIP_STATS": {
                    "pigz": 2.8
                },
                "MINIMAP2_INDEX": {
                    "minimap2": "2.29-r1283"
                },
                "SAMTOOLS_ADDREPLACERG": {
                    "samtools": "1.22.1"
                },
                "SAMTOOLS_COLLATETOFASTQ": {
                    "samtools": "1.22.1"
                },
                "SAMTOOLS_CRAM": {
                    "samtools": "1.22.1"
                },
                "SAMTOOLS_FAIDX": {
                    "samtools": "1.22.1"
                },
                "SAMTOOLS_FLAGSTAT": {
                    "samtools": "1.22.1"
                },
                "SAMTOOLS_IDXSTATS": {
                    "samtools": "1.22.1"
                },
                "SAMTOOLS_INDEX": {
                    "samtools": "1.22.1"
                },
                "SAMTOOLS_MERGEDUP": {
                    "samtools": 1.23
                },
                "SAMTOOLS_REHEADER_CRAM": {
                    "samtools": "1.22.1"
                },
                "SAMTOOLS_SPLITHEADER": {
                    "samtools": "1.22.1"
                },
                "SAMTOOLS_SPLITHEADER": {
                    "samtools": "1.22.1"
                },
                "SAMTOOLS_STATS": {
                    "samtools": "1.22.1"
                },
                "UNMASK": {
                    "awk": "5.1.0"
                },
                "Workflow": {
                    "sanger-tol/readmapping": "v1.4.0dev"
                }
            },
            [
                "pipeline_info",
                "pipeline_info/readmapping_software_mqc_versions.yml",
                "quality_control",
                "quality_control/hic.mMelMel3_T1.fasta_fastqc.html",
                "quality_control/hic.mMelMel3_T1.fasta_fastqc.zip",
                "quality_control/illumina.mMelMel1_T1.fasta_fastqc.html",
                "quality_control/illumina.mMelMel1_T1.fasta_fastqc.zip",
                "quality_control/illumina.mMelMel2_T1_fastqc.html",
                "quality_control/illumina.mMelMel2_T1_fastqc.zip",
                "quality_control/multiqc_report.html",
                "read_mapping",
                "read_mapping/hic",
                "read_mapping/hic/GCA_922984935.2.subset.unmasked.hic.mMelMel3_T1.coverage.bedGraph.gz",
                "read_mapping/hic/GCA_922984935.2.subset.unmasked.hic.mMelMel3_T1.cram",
                "read_mapping/hic/GCA_922984935.2.subset.unmasked.hic.mMelMel3_T1.cram.crai",
                "read_mapping/hic/GCA_922984935.2.subset.unmasked.hic.mMelMel3_T1.flagstat",
                "read_mapping/hic/GCA_922984935.2.subset.unmasked.hic.mMelMel3_T1.idxstats",
                "read_mapping/hic/GCA_922984935.2.subset.unmasked.hic.mMelMel3_T1.stats.gz",
                "read_mapping/illumina",
                "read_mapping/illumina/GCA_922984935.2.subset.unmasked.illumina.mMelMel1_T1.coverage.bedGraph.gz",
                "read_mapping/illumina/GCA_922984935.2.subset.unmasked.illumina.mMelMel1_T1.cram",
                "read_mapping/illumina/GCA_922984935.2.subset.unmasked.illumina.mMelMel1_T1.cram.crai",
                "read_mapping/illumina/GCA_922984935.2.subset.unmasked.illumina.mMelMel1_T1.flagstat",
                "read_mapping/illumina/GCA_922984935.2.subset.unmasked.illumina.mMelMel1_T1.idxstats",
                "read_mapping/illumina/GCA_922984935.2.subset.unmasked.illumina.mMelMel1_T1.stats.gz",
                "read_mapping/illumina/GCA_922984935.2.subset.unmasked.illumina.mMelMel2_T1.coverage.bedGraph.gz",
                "read_mapping/illumina/GCA_922984935.2.subset.unmasked.illumina.mMelMel2_T1.cram",
                "read_mapping/illumina/GCA_922984935.2.subset.unmasked.illumina.mMelMel2_T1.cram.crai",
                "read_mapping/illumina/GCA_922984935.2.subset.unmasked.illumina.mMelMel2_T1.flagstat",
                "read_mapping/illumina/GCA_922984935.2.subset.unmasked.illumina.mMelMel2_T1.idxstats",
                "read_mapping/illumina/GCA_922984935.2.subset.unmasked.illumina.mMelMel2_T1.stats.gz"
            ],
            [
                "GCA_922984935.2.subset.unmasked.hic.mMelMel3_T1.coverage.bedGraph.gz:md5,79848febc8a62315b937987120e92d15",
                "GCA_922984935.2.subset.unmasked.hic.mMelMel3_T1.flagstat:md5,06518c1c7dc52fbb8e4e0b528cca346a",
                "GCA_922984935.2.subset.unmasked.hic.mMelMel3_T1.idxstats:md5,972cde7ea3591c9926b75994b7a41706",
                "GCA_922984935.2.subset.unmasked.hic.mMelMel3_T1.stats.gz:md5,d79697602cfa39e9a9749e2bb873a89e",
                "GCA_922984935.2.subset.unmasked.illumina.mMelMel1_T1.coverage.bedGraph.gz:md5,23a3139aea8cec16b12ee8e77908c08e",
                "GCA_922984935.2.subset.unmasked.illumina.mMelMel1_T1.flagstat:md5,6aef65e71669eb57e00a700c4b1bafe2",
                "GCA_922984935.2.subset.unmasked.illumina.mMelMel1_T1.idxstats:md5,de6f6d0db3099aab74d2ab97e3474d70",
                "GCA_922984935.2.subset.unmasked.illumina.mMelMel1_T1.stats.gz:md5,3bd066e4d610499eec6aba663b181fcf",
                "GCA_922984935.2.subset.unmasked.illumina.mMelMel2_T1.coverage.bedGraph.gz:md5,23a3139aea8cec16b12ee8e77908c08e",
                "GCA_922984935.2.subset.unmasked.illumina.mMelMel2_T1.flagstat:md5,dccc7b15c51de2f1e64be281837c1e92",
                "GCA_922984935.2.subset.unmasked.illumina.mMelMel2_T1.idxstats:md5,8cf0310d38bdc5f2ccf5e911e8c41f60",
                "GCA_922984935.2.subset.unmasked.illumina.mMelMel2_T1.stats.gz:md5,dc753b1ce0f26fcbb40260e6bab75813"
            ],
            {
                
            },
            {
                "GCA_922984935.2.subset.unmasked.hic.mMelMel3_T1.cram": {
                    "maxReadLength": 151,
                    "minReadLength": 25,
                    "meanReadLength": 150,
                    "maxQuality": 60,
                    "minQuality": 0,
                    "meanQuality": 0,
                    "readCount": 19984,
                    "duplicateReadCount": 24,
                    "sorted": false
                },
                "GCA_922984935.2.subset.unmasked.illumina.mMelMel1_T1.cram": {
                    "maxReadLength": 151,
                    "minReadLength": 27,
                    "meanReadLength": 150,
                    "maxQuality": 60,
                    "minQuality": 0,
                    "meanQuality": 0,
                    "readCount": 20077,
                    "duplicateReadCount": 19,
                    "sorted": false
                },
                "GCA_922984935.2.subset.unmasked.illumina.mMelMel2_T1.cram": {
                    "maxReadLength": 151,
                    "minReadLength": 25,
                    "meanReadLength": 150,
                    "maxQuality": 60,
                    "minQuality": 0,
                    "meanQuality": 0,
                    "readCount": 20076,
                    "duplicateReadCount": 20,
                    "sorted": false
                }
            },
            {
                
            }
        ],
        "meta": {
            "nf-test": "0.9.3",
            "nextflow": "25.10.0"
        },
        "timestamp": "2026-02-17T22:19:56.702169188"
    }
}