{
    "-profile test --short_aligner minimap2 --outfmt 'bam,cram'": {
        "content": [
            79,
            {
                "BGZIP_BEDGRAPH": {
                    "samtools": "1.23.1"
                },
                "BLOBTK_DEPTH": {
                    "blobtk": "0.7.1"
                },
                "CONVERT_CRAM": {
                    "samtools": "1.23.1"
                },
                "CRAMALIGN_GENCRAMCHUNKS": {
                    "cramchunks": "1.1.0"
                },
                "CRAMALIGN_MINIMAP2ALIGNHIC": {
                    "filter_five_end.pl": 1.0,
                    "gawk": "5.3.1",
                    "minimap2": "2.30-r1287",
                    "samtools": "1.22.1"
                },
                "CRUMBLE": {
                    "crumble": "0.9.1"
                },
                "FASTQC": {
                    "fastqc": "0.12.1"
                },
                "GUNZIP": {
                    "gunzip": 1.13
                },
                "GZIP_STATS": {
                    "pigz": 2.8
                },
                "MASK_UNMASK": {
                    "gawk": "5.3.1",
                    "unmask": 1.0
                },
                "MINIMAP2_INDEX": {
                    "minimap2": "2.30-r1287"
                },
                "SAMTOOLS_ADDREPLACERG": {
                    "samtools": "1.23.1"
                },
                "SAMTOOLS_CRAM": {
                    "samtools": "1.23.1"
                },
                "SAMTOOLS_FAIDX": {
                    "samtools": "1.23.1"
                },
                "SAMTOOLS_FLAGSTAT": {
                    "samtools": "1.23.1"
                },
                "SAMTOOLS_IDXSTATS": {
                    "samtools": "1.23.1"
                },
                "SAMTOOLS_INDEX": {
                    "samtools": "1.23.1"
                },
                "SAMTOOLS_INDEX_BAM": {
                    "samtools": "1.23.1"
                },
                "SAMTOOLS_INDEX_CRAM": {
                    "samtools": "1.23.1"
                },
                "SAMTOOLS_MERGEDUP": {
                    "samtools": "1.23.1"
                },
                "SAMTOOLS_REHEADER_BAM": {
                    "samtools": "1.23.1"
                },
                "SAMTOOLS_REHEADER_CRAM": {
                    "samtools": "1.23.1"
                },
                "SAMTOOLS_SPLITHEADER": {
                    "samtools": "1.23.1"
                },
                "SAMTOOLS_STATS": {
                    "samtools": "1.23.1"
                },
                "UNTAR": {
                    "untar": 1.34
                },
                "Workflow": {
                    "sanger-tol/readmapping": "v2.0.4"
                }
            },
            [
                "multiqc_report.html",
                "pipeline_info",
                "pipeline_info/readmapping_software_mqc_versions.yml",
                "read_mapping",
                "read_mapping/hic",
                "read_mapping/hic/SAMEA7524440",
                "read_mapping/hic/SAMEA7524440/ERR6688402",
                "read_mapping/hic/SAMEA7524440/ERR6688402/GCA_922984935.2.subset.hic.SAMEA7524440.ERR6688402.minimap2.bam",
                "read_mapping/hic/SAMEA7524440/ERR6688402/GCA_922984935.2.subset.hic.SAMEA7524440.ERR6688402.minimap2.bam.bai",
                "read_mapping/hic/SAMEA7524440/ERR6688402/GCA_922984935.2.subset.hic.SAMEA7524440.ERR6688402.minimap2.coverage.1k.bedGraph.gz",
                "read_mapping/hic/SAMEA7524440/ERR6688402/GCA_922984935.2.subset.hic.SAMEA7524440.ERR6688402.minimap2.cram",
                "read_mapping/hic/SAMEA7524440/ERR6688402/GCA_922984935.2.subset.hic.SAMEA7524440.ERR6688402.minimap2.cram.crai",
                "read_mapping/hic/SAMEA7524440/ERR6688402/qc",
                "read_mapping/hic/SAMEA7524440/ERR6688402/qc/hic.SAMEA7524440.ERR6688402.fastqc.html",
                "read_mapping/hic/SAMEA7524440/ERR6688402/qc/hic.SAMEA7524440.ERR6688402.fastqc.zip",
                "read_mapping/hic/SAMEA7524440/ERR6688402/stats",
                "read_mapping/hic/SAMEA7524440/ERR6688402/stats/GCA_922984935.2.subset.hic.SAMEA7524440.ERR6688402.minimap2.flagstat",
                "read_mapping/hic/SAMEA7524440/ERR6688402/stats/GCA_922984935.2.subset.hic.SAMEA7524440.ERR6688402.minimap2.idxstats",
                "read_mapping/hic/SAMEA7524440/ERR6688402/stats/GCA_922984935.2.subset.hic.SAMEA7524440.ERR6688402.minimap2.stats.gz",
                "read_mapping/hic/multiqc_hic.html",
                "read_mapping/illumina",
                "read_mapping/illumina/SAMEA7524438",
                "read_mapping/illumina/SAMEA7524438/ERR6688599",
                "read_mapping/illumina/SAMEA7524438/ERR6688599/GCA_922984935.2.subset.illumina.SAMEA7524438.ERR6688599.minimap2.bam",
                "read_mapping/illumina/SAMEA7524438/ERR6688599/GCA_922984935.2.subset.illumina.SAMEA7524438.ERR6688599.minimap2.bam.bai",
                "read_mapping/illumina/SAMEA7524438/ERR6688599/GCA_922984935.2.subset.illumina.SAMEA7524438.ERR6688599.minimap2.coverage.1k.bedGraph.gz",
                "read_mapping/illumina/SAMEA7524438/ERR6688599/GCA_922984935.2.subset.illumina.SAMEA7524438.ERR6688599.minimap2.cram",
                "read_mapping/illumina/SAMEA7524438/ERR6688599/GCA_922984935.2.subset.illumina.SAMEA7524438.ERR6688599.minimap2.cram.crai",
                "read_mapping/illumina/SAMEA7524438/ERR6688599/qc",
                "read_mapping/illumina/SAMEA7524438/ERR6688599/qc/illumina.SAMEA7524438.ERR6688599.fastqc.html",
                "read_mapping/illumina/SAMEA7524438/ERR6688599/qc/illumina.SAMEA7524438.ERR6688599.fastqc.zip",
                "read_mapping/illumina/SAMEA7524438/ERR6688599/stats",
                "read_mapping/illumina/SAMEA7524438/ERR6688599/stats/GCA_922984935.2.subset.illumina.SAMEA7524438.ERR6688599.minimap2.flagstat",
                "read_mapping/illumina/SAMEA7524438/ERR6688599/stats/GCA_922984935.2.subset.illumina.SAMEA7524438.ERR6688599.minimap2.idxstats",
                "read_mapping/illumina/SAMEA7524438/ERR6688599/stats/GCA_922984935.2.subset.illumina.SAMEA7524438.ERR6688599.minimap2.stats.gz",
                "read_mapping/illumina/SAMEA7524439",
                "read_mapping/illumina/SAMEA7524439/ERR6688600",
                "read_mapping/illumina/SAMEA7524439/ERR6688600/GCA_922984935.2.subset.illumina.SAMEA7524439.ERR6688600.minimap2.bam",
                "read_mapping/illumina/SAMEA7524439/ERR6688600/GCA_922984935.2.subset.illumina.SAMEA7524439.ERR6688600.minimap2.bam.bai",
                "read_mapping/illumina/SAMEA7524439/ERR6688600/GCA_922984935.2.subset.illumina.SAMEA7524439.ERR6688600.minimap2.coverage.1k.bedGraph.gz",
                "read_mapping/illumina/SAMEA7524439/ERR6688600/GCA_922984935.2.subset.illumina.SAMEA7524439.ERR6688600.minimap2.cram",
                "read_mapping/illumina/SAMEA7524439/ERR6688600/GCA_922984935.2.subset.illumina.SAMEA7524439.ERR6688600.minimap2.cram.crai",
                "read_mapping/illumina/SAMEA7524439/ERR6688600/qc",
                "read_mapping/illumina/SAMEA7524439/ERR6688600/qc/illumina.SAMEA7524439.ERR6688600.fastqc.html",
                "read_mapping/illumina/SAMEA7524439/ERR6688600/qc/illumina.SAMEA7524439.ERR6688600.fastqc.zip",
                "read_mapping/illumina/SAMEA7524439/ERR6688600/stats",
                "read_mapping/illumina/SAMEA7524439/ERR6688600/stats/GCA_922984935.2.subset.illumina.SAMEA7524439.ERR6688600.minimap2.flagstat",
                "read_mapping/illumina/SAMEA7524439/ERR6688600/stats/GCA_922984935.2.subset.illumina.SAMEA7524439.ERR6688600.minimap2.idxstats",
                "read_mapping/illumina/SAMEA7524439/ERR6688600/stats/GCA_922984935.2.subset.illumina.SAMEA7524439.ERR6688600.minimap2.stats.gz",
                "read_mapping/illumina/multiqc_illumina.html"
            ],
            [
                "GCA_922984935.2.subset.hic.SAMEA7524440.ERR6688402.minimap2.coverage.1k.bedGraph.gz:md5,ff7769269a41dcaf0ae5fac79146ac55",
                "GCA_922984935.2.subset.hic.SAMEA7524440.ERR6688402.minimap2.flagstat:md5,06518c1c7dc52fbb8e4e0b528cca346a",
                "GCA_922984935.2.subset.hic.SAMEA7524440.ERR6688402.minimap2.idxstats:md5,972cde7ea3591c9926b75994b7a41706",
                "GCA_922984935.2.subset.hic.SAMEA7524440.ERR6688402.minimap2.stats.gz:md5,3b8bbd9c5ac9be647a4a42e7aa15eda1",
                "GCA_922984935.2.subset.illumina.SAMEA7524438.ERR6688599.minimap2.coverage.1k.bedGraph.gz:md5,85fc279b81c45542a473379ca9727f7e",
                "GCA_922984935.2.subset.illumina.SAMEA7524438.ERR6688599.minimap2.flagstat:md5,6aef65e71669eb57e00a700c4b1bafe2",
                "GCA_922984935.2.subset.illumina.SAMEA7524438.ERR6688599.minimap2.idxstats:md5,de6f6d0db3099aab74d2ab97e3474d70",
                "GCA_922984935.2.subset.illumina.SAMEA7524438.ERR6688599.minimap2.stats.gz:md5,e2c985b3b48dd2a02f23569100a807be",
                "GCA_922984935.2.subset.illumina.SAMEA7524439.ERR6688600.minimap2.coverage.1k.bedGraph.gz:md5,0a8bfd18cdbe804150348222b99da612",
                "GCA_922984935.2.subset.illumina.SAMEA7524439.ERR6688600.minimap2.flagstat:md5,dccc7b15c51de2f1e64be281837c1e92",
                "GCA_922984935.2.subset.illumina.SAMEA7524439.ERR6688600.minimap2.idxstats:md5,8cf0310d38bdc5f2ccf5e911e8c41f60",
                "GCA_922984935.2.subset.illumina.SAMEA7524439.ERR6688600.minimap2.stats.gz:md5,8ba6502cb5987cd85fb74579e9e8369f"
            ],
            {
                "GCA_922984935.2.subset.hic.SAMEA7524440.ERR6688402.minimap2.bam": {
                    "maxReadLength": 151,
                    "minReadLength": 25,
                    "meanReadLength": 150,
                    "maxQuality": 60,
                    "minQuality": 0,
                    "meanQuality": 0,
                    "readCount": 19984,
                    "duplicateReadCount": 24,
                    "sorted": false
                },
                "GCA_922984935.2.subset.illumina.SAMEA7524438.ERR6688599.minimap2.bam": {
                    "maxReadLength": 151,
                    "minReadLength": 27,
                    "meanReadLength": 150,
                    "maxQuality": 60,
                    "minQuality": 0,
                    "meanQuality": 0,
                    "readCount": 20077,
                    "duplicateReadCount": 19,
                    "sorted": false
                },
                "GCA_922984935.2.subset.illumina.SAMEA7524439.ERR6688600.minimap2.bam": {
                    "maxReadLength": 151,
                    "minReadLength": 25,
                    "meanReadLength": 150,
                    "maxQuality": 60,
                    "minQuality": 0,
                    "meanQuality": 0,
                    "readCount": 20076,
                    "duplicateReadCount": 20,
                    "sorted": false
                }
            },
            {
                "GCA_922984935.2.subset.hic.SAMEA7524440.ERR6688402.minimap2.cram": {
                    "maxReadLength": 151,
                    "minReadLength": 25,
                    "meanReadLength": 150,
                    "maxQuality": 60,
                    "minQuality": 0,
                    "meanQuality": 0,
                    "readCount": 19984,
                    "duplicateReadCount": 24,
                    "sorted": false
                },
                "GCA_922984935.2.subset.illumina.SAMEA7524438.ERR6688599.minimap2.cram": {
                    "maxReadLength": 151,
                    "minReadLength": 27,
                    "meanReadLength": 150,
                    "maxQuality": 60,
                    "minQuality": 0,
                    "meanQuality": 0,
                    "readCount": 20077,
                    "duplicateReadCount": 19,
                    "sorted": false
                },
                "GCA_922984935.2.subset.illumina.SAMEA7524439.ERR6688600.minimap2.cram": {
                    "maxReadLength": 151,
                    "minReadLength": 25,
                    "meanReadLength": 150,
                    "maxQuality": 60,
                    "minQuality": 0,
                    "meanQuality": 0,
                    "readCount": 20076,
                    "duplicateReadCount": 20,
                    "sorted": false
                }
            },
            {
                "GCA_922984935.2.subset.hic.SAMEA7524440.ERR6688402.minimap2.bam": [
                    "@HD\tVN:1.6\tSO:coordinate",
                    "@SQ\tSN:OV277441.1\tLN:7999920\tM5:0457acf8690429f1c98ee545cb8573b8\tUR:GCA_922984935.2.subset.fasta.gz\tAS:GCA_922984935.2\tAN:SUPER_1\tSP:Meles meles",
                    "@RG\tID:35528_2#1\tDT:2020-11-17T00:00:00+0000\tPU:201117_A00948_0206_AHGML2DSXY_2#1\tLB:33637906\tPG:SCS\tSM:SAMEA5962964\tCN:SC\tPL:ILLUMINA\tDS:ERP116890: Sequencing and assembly of genomes from British species for the Darwin Tree of Life Project. This data is part of a pre-publication release. For information on the proper use of pre-publication data shared by the Wellcome Trust Sanger Institute (including details of any publication moratoria), please see http:/datasharing/ ",
                    "@PG\tID:SCS\tVN:1.7.0\tPN:NovaSeq Control Software\tDS:Controlling software on instrument",
                    "@PG\tID:basecalling\tPP:SCS\tVN:Unknown\tPN:Unknown\tDS:Basecalling Package",
                    "@PG\tID:bambi\tPP:basecalling\tVN:0.13.1\tCL:bambi i2b --intensity-dir=Intensities --basecalls-dir=BaseCalls --lane=2 --platform-unit=201117_A00948_0206_AHGML2DSXY_2 --read-group-id=35528_2 --study-name=\"ERP116890: Sequencing and assembly of genomes from British species for the Darwin Tree of Life Project. This data is part of a pre-publication release. For information on the proper use of pre-publication data shared by the Wellcome Trust Sanger Institute (including details of any publication moratoria), please see http:/datasharing/ \" --sample-alias=SAMEA5962964,mCerEla1 --threads=8 --output-file=- --compression-level=0\tPN:bambi\tDS:Convert Illumina BCL to BAM or SAM file",
                    "@PG\tID:bambi.1\tPN:bambi\tPP:bambi\tVN:0.13.1\tCL:bambi decode --metrics-file 35528_2.bam.tag_decode.metrics --barcode-file lane_2.taglist --compression-level 0 -",
                    "@PG\tID:bamcollate2\tPN:bamcollate2\tCL:bamcollate2 collate=2 level=0\tPP:bambi.1\tVN:2.0.79",
                    "@PG\tID:minimap2\tPN:minimap2\tCL:minimap2 -ax sr --MD -t N -Y -F 1200 -K 100000000 phix_unsnipped_short_no_N.fa.mmi alnphix_bamtofastq_out\tPP:bamcollate2\tVN:2.10-r761",
                    "@PG\tID:samtools\tPN:samtools\tCL:samtools view --threads N -u -F 0x900 -\tPP:minimap2\tVN:1.11",
                    "@PG\tID:bam12auxmerge\tPN:bam12auxmerge\tCL:bam12auxmerge level=0 rankstrip=1 ranksplit=1 zztoname=0 clipreinsert=1 tee_collated:td1_out\tPP:samtools\tVN:2.0.79",
                    "@PG\tID:samtools.1\tPN:samtools\tPP:bam12auxmerge\tVN:1.11\tCL:samtools split --threads N --output-fmt cram,no_ref=1 -f %!.cram -",
                    "@PG\tID:samtools.2\tPN:samtools\tPP:samtools.1\tVN:1.11\tCL:samtools merge -n -O BAM -l 0 --input-fmt-option no_ref=1 - 35528_2#1.cram",
                    "@PG\tID:spf\tPN:spatial_filter\tPP:samtools.2\tDS:A program to apply a spatial filter\tVN:0.13.1\tCL:bambi spatial_filter -a --compression-level 0 -f -l 35528_2#1.spatial_filter.stats -F 35528_2.spatial_filter --rg 35528_2#1 -",
                    "@PG\tID:bambi.2\tPN:bambi\tPP:spf\tVN:0.13.1\tCL:bambi select --compression-level 0 --input ssfqc_tee_ssfqc:straight_through1_out --output alignment_filter:phix_bam_out_out -n alignment_filter:target_bam_out_out -m 35528_2#1_bam_alignment_filter_metrics.json\tDS:Split alignments into different files",
                    "@PG\tID:scramble\tPN:scramble\tPP:bambi.2\tVN:1.14.9\tCL:scramble -t N -7 -I bam -O cram -x ",
                    "@PG\tID:samtools.3\tPN:samtools\tPP:scramble\tVN:1.15\tCL:samtools view -h 35528_2#1.cram",
                    "@PG\tID:samtools.4\tPN:samtools\tPP:samtools.3\tVN:1.20\tCL:samtools view --cram 35528_2#1.subset.sam",
                    "@PG\tID:samtools.5\tPN:samtools\tPP:samtools.4\tVN:1.22.1\tCL:samtools view -H 35528_2_1.subset.cram",
                    "@PG\tID:minimap2.1\tPN:minimap2\tVN:2.30-r1287\tCL:minimap2 -t N -ax sr --cs=short -I1.0G -y -R @RG\\tID:35528_2#1\\tDT:2020-11-17T00:00:00+0000\\tPU:201117_A00948_0206_AHGML2DSXY_2#1\\tLB:33637906\\tPG:SCS\\tSM:SAMEA5962964\\tCN:SC\\tPL:ILLUMINA\\tDS:ERP116890: Sequencing and assembly of genomes from British species for the Darwin Tree of Life Project. This data is part of a pre-publication release. For information on the proper use of pre-publication data shared by the Wellcome Trust Sanger Institute (including details of any publication moratoria), please see http:/datasharing/  GCA_922984935.2.subset.unmasked.mmi -\tPP:samtools.5",
                    "@PG\tID:samtools.6\tPN:samtools\tPP:minimap2.1\tVN:1.22.1\tCL:samtools fixmate -mpu - -",
                    "@PG\tID:samtools.7\tPN:samtools\tPP:samtools.6\tVN:1.22.1\tCL:samtools view -h",
                    "@PG\tID:samtools.8\tPN:samtools\tPP:samtools.7\tVN:1.22.1\tCL:samtools sort --write-index -l1 -t N -T 35528_2_1.subset.cram.0.SAMEA7524440.ERR6688402_tmp -o 35528_2_1.subset.cram.0.SAMEA7524440.ERR6688402.bam -",
                    "@PG\tID:samtools.9\tPN:samtools\tPP:samtools.8\tVN:1.23.1\tCL:samtools merge --threads N -c -p --reference GCA_922984935.2.subset.unmasked.fa - 1/35528_2_1.subset.cram.0.SAMEA7524440.ERR6688402.bam 2/35528_2_1.subset.cram.1.SAMEA7524440.ERR6688402.bam",
                    "@PG\tID:samtools.10\tPN:samtools\tPP:samtools.9\tVN:1.23.1\tCL:samtools markdup -T SAMEA7524440.ERR6688402 -f SAMEA7524440.ERR6688402.metrics --threads N --reference GCA_922984935.2.subset.unmasked.fa - SAMEA7524440.ERR6688402.bam",
                    "@PG\tID:crumble\tPN:crumble\tPP:samtools.10\tVN:0.9.1\tCL:crumble -O bam SAMEA7524440.ERR6688402.bam SAMEA7524440.ERR6688402.crumble.bam",
                    "@PG\tID:samtools.11\tPN:samtools\tPP:crumble\tVN:1.23.1\tCL:samtools reheader temp.sorted.header.sam input/GCA_922984935.2.subset.hic.SAMEA7524440.ERR6688402.minimap2.bam"
                ],
                "GCA_922984935.2.subset.illumina.SAMEA7524438.ERR6688599.minimap2.bam": [
                    "@HD\tVN:1.6\tSO:coordinate",
                    "@SQ\tSN:OV277441.1\tLN:7999920\tM5:0457acf8690429f1c98ee545cb8573b8\tUR:GCA_922984935.2.subset.fasta.gz\tAS:GCA_922984935.2\tAN:SUPER_1\tSP:Meles meles",
                    "@RG\tID:31231_3#1\tDT:2019-10-03T00:00:00+0000\tPU:191003_HX4_31231_A_H3353CCX2_3#1\tLB:23687379\tPG:SCS\tSM:SAMEA5962962\tCN:SC\tPL:ILLUMINA\tDS:ERP114452: Sequencing and assembly of vertebrate genomes from British species for the Darwin Tree of Life Project in collaboration with the Vertebrate Genomes Project. This data is part of a pre-publication release. For information on the proper use of pre-publication data shared by the Wellcome Trust Sanger Institute (including details of any publication moratoria), please see http:/datasharing/",
                    "@PG\tID:SCS\tVN:HD 3.5.0.7\tPN:HiSeq Control Software\tDS:Controlling software on instrument",
                    "@PG\tID:basecalling\tPP:SCS\tVN:Unknown\tPN:Unknown\tDS:Basecalling Package",
                    "@PG\tID:bambi\tPP:basecalling\tVN:0.12.2\tCL:bambi i2b --intensity-dir=Intensities --basecalls-dir=BaseCalls --lane=3 --platform-unit=191003_HX4_31231_A_H3353CCX2_3 --read-group-id=31231_3 --library-name=23687379 --study-name=\"ERP114452: Sequencing and assembly of vertebrate genomes from British species for the Darwin Tree of Life Project in collaboration with the Vertebrate Genomes Project. This data is part of a pre-publication release. For information on the proper use of pre-publication data shared by the Wellcome Trust Sanger Institute (including details of any publication moratoria), please see http:/\" --sample-alias=SAMEA5962962 --threads=8 --output-file=- --compression-level=0\tPN:bambi\tDS:Convert Illumina BCL to BAM or SAM file",
                    "@PG\tID:bambi.1\tPN:bambi\tPP:bambi\tVN:0.12.2\tCL:bambi decode --metrics-file 31231_3.bam.tag_decode.metrics --barcode-file lane_3.taglist --convert-low-quality --max-no-calls 6 --compression-level 0 -",
                    "@PG\tID:bamcollate2\tPN:bamcollate2\tCL:bamcollate2 collate=2 level=0\tPP:bambi.1\tVN:2.0.79",
                    "@PG\tID:bamadapterfind\tPN:bamadapterfind\tCL:bamadapterfind level=0\tPP:bamcollate2\tVN:2.0.79",
                    "@PG\tID:bwa\tPN:bwa\tCL:bwa sampe phix_unsnipped_short_no_N.fa alnphix_bwa_aln_1_out alnphix_bwa_aln_2_out alnphix_simple_cat1_out alnphix_simple_cat2_out\tPP:bamadapterfind\tVN:0.7.17-r1188",
                    "@PG\tID:scramble\tPN:scramble\tCL:scramble -0 -t N -I sam -O bam \tPP:bwa\tVN:1.14.9",
                    "@PG\tID:bam12auxmerge\tPN:bam12auxmerge\tCL:bam12auxmerge level=0 rankstrip=1 ranksplit=1 zztoname=0 clipreinsert=1 bamadapterfind_out\tPP:scramble\tVN:2.0.79",
                    "@PG\tID:samtools\tPN:samtools\tPP:bam12auxmerge\tVN:1.9-48-g2d4907c\tCL:samtools split --threads N --output-fmt cram,no_ref=1 -f %!.cram -",
                    "@PG\tID:spf\tPN:spatial_filter\tPP:samtools\tDS:A program to apply a spatial filter\tVN:0.12.2\tCL:bambi spatial_filter -a --compression-level 0 -f -l 31231_3#1.spatial_filter.stats -F 31231_3.spatial_filter --rg 31231_3#1 -",
                    "@PG\tID:bambi.2\tPN:bambi\tPP:spf\tVN:0.12.2\tCL:bambi select --compression-level 0 --input ssfqc_tee_ssfqc:straight_through1_out --output alignment_filter:phix_bam_out_out -n alignment_filter:target_bam_out_out -m 31231_3#1_bam_alignment_filter_metrics.json\tDS:Split alignments into different files",
                    "@PG\tID:scramble.1\tPN:scramble\tPP:bambi.2\tVN:1.14.9\tCL:scramble -t N -7 -I bam -O cram -x ",
                    "@PG\tID:samtools.1\tPN:samtools\tPP:scramble.1\tVN:1.15\tCL:samtools view -h 31231_3#1.cram",
                    "@PG\tID:samtools.2\tPN:samtools\tPP:samtools.1\tVN:1.15\tCL:samtools view -C -T GCA_922984935.2.fasta.gz -o test.cram test.sam",
                    "@PG\tID:samtools.3\tPN:samtools\tPP:samtools.2\tVN:1.23.1\tCL:samtools view -o 31231_3_1.subset.bam 31231_3_1.subset.cram",
                    "@PG\tID:samtools.4\tPN:samtools\tPP:samtools.3\tVN:1.23.1\tCL:samtools view --threads N --reference GCA_922984935.2.subset.unmasked.fa --output-fmt cram -o SAMEA7524438.ERR6688599.cram 31231_3_1.subset.bam",
                    "@PG\tID:samtools.5\tPN:samtools\tPP:samtools.4\tVN:1.22.1\tCL:samtools view -H SAMEA7524438.ERR6688599.cram",
                    "@PG\tID:minimap2\tPN:minimap2\tVN:2.30-r1287\tCL:minimap2 -t N -ax sr --cs=short -I1.0G -y -R @RG\\tID:31231_3#1\\tDT:2019-10-03T00:00:00+0000\\tPU:191003_HX4_31231_A_H3353CCX2_3#1\\tLB:23687379\\tPG:SCS\\tSM:SAMEA5962962\\tCN:SC\\tPL:ILLUMINA\\tDS:ERP114452: Sequencing and assembly of vertebrate genomes from British species for the Darwin Tree of Life Project in collaboration with the Vertebrate Genomes Project. This data is part of a pre-publication release. For information on the proper use of pre-publication data shared by the Wellcome Trust Sanger Institute (including details of any publication moratoria), please see http:/datasharing/ GCA_922984935.2.subset.unmasked.mmi -\tPP:samtools.5",
                    "@PG\tID:samtools.6\tPN:samtools\tPP:minimap2\tVN:1.22.1\tCL:samtools fixmate -mpu - -",
                    "@PG\tID:samtools.7\tPN:samtools\tPP:samtools.6\tVN:1.22.1\tCL:samtools view -h",
                    "@PG\tID:samtools.8\tPN:samtools\tPP:samtools.7\tVN:1.22.1\tCL:samtools sort --write-index -l1 -t N -T SAMEA7524438.ERR6688599.cram.0.SAMEA7524438.ERR6688599_tmp -o SAMEA7524438.ERR6688599.cram.0.SAMEA7524438.ERR6688599.bam -",
                    "@PG\tID:samtools.9\tPN:samtools\tPP:samtools.8\tVN:1.23.1\tCL:samtools merge --threads N -c -p --reference GCA_922984935.2.subset.unmasked.fa - 1/SAMEA7524438.ERR6688599.cram.0.SAMEA7524438.ERR6688599.bam 2/SAMEA7524438.ERR6688599.cram.1.SAMEA7524438.ERR6688599.bam",
                    "@PG\tID:samtools.10\tPN:samtools\tPP:samtools.9\tVN:1.23.1\tCL:samtools markdup -T SAMEA7524438.ERR6688599 -f SAMEA7524438.ERR6688599.metrics --threads N --reference GCA_922984935.2.subset.unmasked.fa - SAMEA7524438.ERR6688599.bam",
                    "@PG\tID:crumble\tPN:crumble\tPP:samtools.10\tVN:0.9.1\tCL:crumble -O bam SAMEA7524438.ERR6688599.bam SAMEA7524438.ERR6688599.crumble.bam",
                    "@PG\tID:samtools.11\tPN:samtools\tPP:crumble\tVN:1.23.1\tCL:samtools reheader temp.sorted.header.sam input/GCA_922984935.2.subset.illumina.SAMEA7524438.ERR6688599.minimap2.bam"
                ],
                "GCA_922984935.2.subset.illumina.SAMEA7524439.ERR6688600.minimap2.bam": [
                    "@HD\tVN:1.6\tSO:coordinate",
                    "@SQ\tSN:OV277441.1\tLN:7999920\tM5:0457acf8690429f1c98ee545cb8573b8\tUR:GCA_922984935.2.subset.fasta.gz\tAS:GCA_922984935.2\tAN:SUPER_1\tSP:Meles meles",
                    "@RG\tID:31231_4_1\tPL:ILLUMINA\tSM:SAMEA7524439",
                    "@PG\tID:samtools\tPN:samtools\tVN:1.23.1\tCL:samtools view --threads N --reference GCA_922984935.2.subset.unmasked.fa --output-fmt cram -o SAMEA7524439.ERR6688600.cram 31231_4_1.subset.fastq.gz",
                    "@PG\tID:samtools.1\tPN:samtools\tPP:samtools\tVN:1.23.1\tCL:samtools addreplacerg --threads N -r @RG\\tID:31231_4_1\\tPL:ILLUMINA\\tSM:SAMEA7524439 -o SAMEA7524439.ERR6688600_addRG.cram SAMEA7524439.ERR6688600.cram",
                    "@PG\tID:samtools.2\tPN:samtools\tPP:samtools.1\tVN:1.22.1\tCL:samtools view -H SAMEA7524439.ERR6688600_addRG.cram",
                    "@PG\tID:minimap2\tPN:minimap2\tVN:2.30-r1287\tCL:minimap2 -t N -ax sr --cs=short -I1.0G -y -R @RG\\tID:31231_4_1\\tPL:ILLUMINA\\tSM:SAMEA7524439 GCA_922984935.2.subset.unmasked.mmi -\tPP:samtools.2",
                    "@PG\tID:samtools.3\tPN:samtools\tPP:minimap2\tVN:1.22.1\tCL:samtools fixmate -mpu - -",
                    "@PG\tID:samtools.4\tPN:samtools\tPP:samtools.3\tVN:1.22.1\tCL:samtools view -h",
                    "@PG\tID:samtools.5\tPN:samtools\tPP:samtools.4\tVN:1.22.1\tCL:samtools sort --write-index -l1 -t N -T SAMEA7524439.ERR6688600_addRG.cram.0.SAMEA7524439.ERR6688600_tmp -o SAMEA7524439.ERR6688600_addRG.cram.0.SAMEA7524439.ERR6688600.bam -",
                    "@PG\tID:samtools.6\tPN:samtools\tPP:samtools.5\tVN:1.23.1\tCL:samtools merge --threads N -c -p --reference GCA_922984935.2.subset.unmasked.fa - 1/SAMEA7524439.ERR6688600_addRG.cram.0.SAMEA7524439.ERR6688600.bam 2/SAMEA7524439.ERR6688600_addRG.cram.1.SAMEA7524439.ERR6688600.bam",
                    "@PG\tID:samtools.7\tPN:samtools\tPP:samtools.6\tVN:1.23.1\tCL:samtools markdup -T SAMEA7524439.ERR6688600 -f SAMEA7524439.ERR6688600.metrics --threads N --reference GCA_922984935.2.subset.unmasked.fa - SAMEA7524439.ERR6688600.bam",
                    "@PG\tID:crumble\tPN:crumble\tPP:samtools.7\tVN:0.9.1\tCL:crumble -O bam SAMEA7524439.ERR6688600.bam SAMEA7524439.ERR6688600.crumble.bam",
                    "@PG\tID:samtools.8\tPN:samtools\tPP:crumble\tVN:1.23.1\tCL:samtools reheader temp.sorted.header.sam input/GCA_922984935.2.subset.illumina.SAMEA7524439.ERR6688600.minimap2.bam"
                ]
            },
            {
                "GCA_922984935.2.subset.hic.SAMEA7524440.ERR6688402.minimap2.cram": [
                    "@HD\tVN:1.6\tSO:coordinate",
                    "@SQ\tSN:OV277441.1\tLN:7999920\tM5:0457acf8690429f1c98ee545cb8573b8\tUR:GCA_922984935.2.subset.fasta.gz\tAS:GCA_922984935.2\tAN:SUPER_1\tSP:Meles meles",
                    "@RG\tID:35528_2#1\tDT:2020-11-17T00:00:00+0000\tPU:201117_A00948_0206_AHGML2DSXY_2#1\tLB:33637906\tPG:SCS\tSM:SAMEA5962964\tCN:SC\tPL:ILLUMINA\tDS:ERP116890: Sequencing and assembly of genomes from British species for the Darwin Tree of Life Project. This data is part of a pre-publication release. For information on the proper use of pre-publication data shared by the Wellcome Trust Sanger Institute (including details of any publication moratoria), please see http:/datasharing/ ",
                    "@PG\tID:SCS\tVN:1.7.0\tPN:NovaSeq Control Software\tDS:Controlling software on instrument",
                    "@PG\tID:basecalling\tPP:SCS\tVN:Unknown\tPN:Unknown\tDS:Basecalling Package",
                    "@PG\tID:bambi\tPP:basecalling\tVN:0.13.1\tCL:bambi i2b --intensity-dir=Intensities --basecalls-dir=BaseCalls --lane=2 --platform-unit=201117_A00948_0206_AHGML2DSXY_2 --read-group-id=35528_2 --study-name=\"ERP116890: Sequencing and assembly of genomes from British species for the Darwin Tree of Life Project. This data is part of a pre-publication release. For information on the proper use of pre-publication data shared by the Wellcome Trust Sanger Institute (including details of any publication moratoria), please see http:/datasharing/ \" --sample-alias=SAMEA5962964,mCerEla1 --threads=8 --output-file=- --compression-level=0\tPN:bambi\tDS:Convert Illumina BCL to BAM or SAM file",
                    "@PG\tID:bambi.1\tPN:bambi\tPP:bambi\tVN:0.13.1\tCL:bambi decode --metrics-file 35528_2.bam.tag_decode.metrics --barcode-file lane_2.taglist --compression-level 0 -",
                    "@PG\tID:bamcollate2\tPN:bamcollate2\tCL:bamcollate2 collate=2 level=0\tPP:bambi.1\tVN:2.0.79",
                    "@PG\tID:minimap2\tPN:minimap2\tCL:minimap2 -ax sr --MD -t N -Y -F 1200 -K 100000000 phix_unsnipped_short_no_N.fa.mmi alnphix_bamtofastq_out\tPP:bamcollate2\tVN:2.10-r761",
                    "@PG\tID:samtools\tPN:samtools\tCL:samtools view --threads N -u -F 0x900 -\tPP:minimap2\tVN:1.11",
                    "@PG\tID:bam12auxmerge\tPN:bam12auxmerge\tCL:bam12auxmerge level=0 rankstrip=1 ranksplit=1 zztoname=0 clipreinsert=1 tee_collated:td1_out\tPP:samtools\tVN:2.0.79",
                    "@PG\tID:samtools.1\tPN:samtools\tPP:bam12auxmerge\tVN:1.11\tCL:samtools split --threads N --output-fmt cram,no_ref=1 -f %!.cram -",
                    "@PG\tID:samtools.2\tPN:samtools\tPP:samtools.1\tVN:1.11\tCL:samtools merge -n -O BAM -l 0 --input-fmt-option no_ref=1 - 35528_2#1.cram",
                    "@PG\tID:spf\tPN:spatial_filter\tPP:samtools.2\tDS:A program to apply a spatial filter\tVN:0.13.1\tCL:bambi spatial_filter -a --compression-level 0 -f -l 35528_2#1.spatial_filter.stats -F 35528_2.spatial_filter --rg 35528_2#1 -",
                    "@PG\tID:bambi.2\tPN:bambi\tPP:spf\tVN:0.13.1\tCL:bambi select --compression-level 0 --input ssfqc_tee_ssfqc:straight_through1_out --output alignment_filter:phix_bam_out_out -n alignment_filter:target_bam_out_out -m 35528_2#1_bam_alignment_filter_metrics.json\tDS:Split alignments into different files",
                    "@PG\tID:scramble\tPN:scramble\tPP:bambi.2\tVN:1.14.9\tCL:scramble -t N -7 -I bam -O cram -x ",
                    "@PG\tID:samtools.3\tPN:samtools\tPP:scramble\tVN:1.15\tCL:samtools view -h 35528_2#1.cram",
                    "@PG\tID:samtools.4\tPN:samtools\tPP:samtools.3\tVN:1.20\tCL:samtools view --cram 35528_2#1.subset.sam",
                    "@PG\tID:samtools.5\tPN:samtools\tPP:samtools.4\tVN:1.22.1\tCL:samtools view -H 35528_2_1.subset.cram",
                    "@PG\tID:minimap2.1\tPN:minimap2\tVN:2.30-r1287\tCL:minimap2 -t N -ax sr --cs=short -I1.0G -y -R @RG\\tID:35528_2#1\\tDT:2020-11-17T00:00:00+0000\\tPU:201117_A00948_0206_AHGML2DSXY_2#1\\tLB:33637906\\tPG:SCS\\tSM:SAMEA5962964\\tCN:SC\\tPL:ILLUMINA\\tDS:ERP116890: Sequencing and assembly of genomes from British species for the Darwin Tree of Life Project. This data is part of a pre-publication release. For information on the proper use of pre-publication data shared by the Wellcome Trust Sanger Institute (including details of any publication moratoria), please see http:/datasharing/  GCA_922984935.2.subset.unmasked.mmi -\tPP:samtools.5",
                    "@PG\tID:samtools.6\tPN:samtools\tPP:minimap2.1\tVN:1.22.1\tCL:samtools fixmate -mpu - -",
                    "@PG\tID:samtools.7\tPN:samtools\tPP:samtools.6\tVN:1.22.1\tCL:samtools view -h",
                    "@PG\tID:samtools.8\tPN:samtools\tPP:samtools.7\tVN:1.22.1\tCL:samtools sort --write-index -l1 -t N -T 35528_2_1.subset.cram.0.SAMEA7524440.ERR6688402_tmp -o 35528_2_1.subset.cram.0.SAMEA7524440.ERR6688402.bam -",
                    "@PG\tID:samtools.9\tPN:samtools\tPP:samtools.8\tVN:1.23.1\tCL:samtools merge --threads N -c -p --reference GCA_922984935.2.subset.unmasked.fa - 1/35528_2_1.subset.cram.0.SAMEA7524440.ERR6688402.bam 2/35528_2_1.subset.cram.1.SAMEA7524440.ERR6688402.bam",
                    "@PG\tID:samtools.10\tPN:samtools\tPP:samtools.9\tVN:1.23.1\tCL:samtools markdup -T SAMEA7524440.ERR6688402 -f SAMEA7524440.ERR6688402.metrics --threads N --reference GCA_922984935.2.subset.unmasked.fa - SAMEA7524440.ERR6688402.bam",
                    "@PG\tID:crumble\tPN:crumble\tPP:samtools.10\tVN:0.9.1\tCL:crumble -O bam SAMEA7524440.ERR6688402.bam SAMEA7524440.ERR6688402.crumble.bam",
                    "@PG\tID:samtools.11\tPN:samtools\tPP:crumble\tVN:1.23.1\tCL:samtools view --threads N --reference GCA_922984935.2.subset.unmasked.fa --output-fmt cram,version=3.0,archive,level=8,embed_ref=1,lossy_names=1 --write-index -o GCA_922984935.2.subset.hic.SAMEA7524440.ERR6688402.minimap2.cram GCA_922984935.2.subset.hic.SAMEA7524440.ERR6688402.minimap2.bam",
                    "@PG\tID:samtools.12\tPN:samtools\tPP:samtools.11\tVN:1.23.1\tCL:samtools reheader temp.sorted.header.sam input/GCA_922984935.2.subset.hic.SAMEA7524440.ERR6688402.minimap2.cram"
                ],
                "GCA_922984935.2.subset.illumina.SAMEA7524438.ERR6688599.minimap2.cram": [
                    "@HD\tVN:1.6\tSO:coordinate",
                    "@SQ\tSN:OV277441.1\tLN:7999920\tM5:0457acf8690429f1c98ee545cb8573b8\tUR:GCA_922984935.2.subset.fasta.gz\tAS:GCA_922984935.2\tAN:SUPER_1\tSP:Meles meles",
                    "@RG\tID:31231_3#1\tDT:2019-10-03T00:00:00+0000\tPU:191003_HX4_31231_A_H3353CCX2_3#1\tLB:23687379\tPG:SCS\tSM:SAMEA5962962\tCN:SC\tPL:ILLUMINA\tDS:ERP114452: Sequencing and assembly of vertebrate genomes from British species for the Darwin Tree of Life Project in collaboration with the Vertebrate Genomes Project. This data is part of a pre-publication release. For information on the proper use of pre-publication data shared by the Wellcome Trust Sanger Institute (including details of any publication moratoria), please see http:/datasharing/",
                    "@PG\tID:SCS\tVN:HD 3.5.0.7\tPN:HiSeq Control Software\tDS:Controlling software on instrument",
                    "@PG\tID:basecalling\tPP:SCS\tVN:Unknown\tPN:Unknown\tDS:Basecalling Package",
                    "@PG\tID:bambi\tPP:basecalling\tVN:0.12.2\tCL:bambi i2b --intensity-dir=Intensities --basecalls-dir=BaseCalls --lane=3 --platform-unit=191003_HX4_31231_A_H3353CCX2_3 --read-group-id=31231_3 --library-name=23687379 --study-name=\"ERP114452: Sequencing and assembly of vertebrate genomes from British species for the Darwin Tree of Life Project in collaboration with the Vertebrate Genomes Project. This data is part of a pre-publication release. For information on the proper use of pre-publication data shared by the Wellcome Trust Sanger Institute (including details of any publication moratoria), please see http:/\" --sample-alias=SAMEA5962962 --threads=8 --output-file=- --compression-level=0\tPN:bambi\tDS:Convert Illumina BCL to BAM or SAM file",
                    "@PG\tID:bambi.1\tPN:bambi\tPP:bambi\tVN:0.12.2\tCL:bambi decode --metrics-file 31231_3.bam.tag_decode.metrics --barcode-file lane_3.taglist --convert-low-quality --max-no-calls 6 --compression-level 0 -",
                    "@PG\tID:bamcollate2\tPN:bamcollate2\tCL:bamcollate2 collate=2 level=0\tPP:bambi.1\tVN:2.0.79",
                    "@PG\tID:bamadapterfind\tPN:bamadapterfind\tCL:bamadapterfind level=0\tPP:bamcollate2\tVN:2.0.79",
                    "@PG\tID:bwa\tPN:bwa\tCL:bwa sampe phix_unsnipped_short_no_N.fa alnphix_bwa_aln_1_out alnphix_bwa_aln_2_out alnphix_simple_cat1_out alnphix_simple_cat2_out\tPP:bamadapterfind\tVN:0.7.17-r1188",
                    "@PG\tID:scramble\tPN:scramble\tCL:scramble -0 -t N -I sam -O bam \tPP:bwa\tVN:1.14.9",
                    "@PG\tID:bam12auxmerge\tPN:bam12auxmerge\tCL:bam12auxmerge level=0 rankstrip=1 ranksplit=1 zztoname=0 clipreinsert=1 bamadapterfind_out\tPP:scramble\tVN:2.0.79",
                    "@PG\tID:samtools\tPN:samtools\tPP:bam12auxmerge\tVN:1.9-48-g2d4907c\tCL:samtools split --threads N --output-fmt cram,no_ref=1 -f %!.cram -",
                    "@PG\tID:spf\tPN:spatial_filter\tPP:samtools\tDS:A program to apply a spatial filter\tVN:0.12.2\tCL:bambi spatial_filter -a --compression-level 0 -f -l 31231_3#1.spatial_filter.stats -F 31231_3.spatial_filter --rg 31231_3#1 -",
                    "@PG\tID:bambi.2\tPN:bambi\tPP:spf\tVN:0.12.2\tCL:bambi select --compression-level 0 --input ssfqc_tee_ssfqc:straight_through1_out --output alignment_filter:phix_bam_out_out -n alignment_filter:target_bam_out_out -m 31231_3#1_bam_alignment_filter_metrics.json\tDS:Split alignments into different files",
                    "@PG\tID:scramble.1\tPN:scramble\tPP:bambi.2\tVN:1.14.9\tCL:scramble -t N -7 -I bam -O cram -x ",
                    "@PG\tID:samtools.1\tPN:samtools\tPP:scramble.1\tVN:1.15\tCL:samtools view -h 31231_3#1.cram",
                    "@PG\tID:samtools.2\tPN:samtools\tPP:samtools.1\tVN:1.15\tCL:samtools view -C -T GCA_922984935.2.fasta.gz -o test.cram test.sam",
                    "@PG\tID:samtools.3\tPN:samtools\tPP:samtools.2\tVN:1.23.1\tCL:samtools view -o 31231_3_1.subset.bam 31231_3_1.subset.cram",
                    "@PG\tID:samtools.4\tPN:samtools\tPP:samtools.3\tVN:1.23.1\tCL:samtools view --threads N --reference GCA_922984935.2.subset.unmasked.fa --output-fmt cram -o SAMEA7524438.ERR6688599.cram 31231_3_1.subset.bam",
                    "@PG\tID:samtools.5\tPN:samtools\tPP:samtools.4\tVN:1.22.1\tCL:samtools view -H SAMEA7524438.ERR6688599.cram",
                    "@PG\tID:minimap2\tPN:minimap2\tVN:2.30-r1287\tCL:minimap2 -t N -ax sr --cs=short -I1.0G -y -R @RG\\tID:31231_3#1\\tDT:2019-10-03T00:00:00+0000\\tPU:191003_HX4_31231_A_H3353CCX2_3#1\\tLB:23687379\\tPG:SCS\\tSM:SAMEA5962962\\tCN:SC\\tPL:ILLUMINA\\tDS:ERP114452: Sequencing and assembly of vertebrate genomes from British species for the Darwin Tree of Life Project in collaboration with the Vertebrate Genomes Project. This data is part of a pre-publication release. For information on the proper use of pre-publication data shared by the Wellcome Trust Sanger Institute (including details of any publication moratoria), please see http:/datasharing/ GCA_922984935.2.subset.unmasked.mmi -\tPP:samtools.5",
                    "@PG\tID:samtools.6\tPN:samtools\tPP:minimap2\tVN:1.22.1\tCL:samtools fixmate -mpu - -",
                    "@PG\tID:samtools.7\tPN:samtools\tPP:samtools.6\tVN:1.22.1\tCL:samtools view -h",
                    "@PG\tID:samtools.8\tPN:samtools\tPP:samtools.7\tVN:1.22.1\tCL:samtools sort --write-index -l1 -t N -T SAMEA7524438.ERR6688599.cram.0.SAMEA7524438.ERR6688599_tmp -o SAMEA7524438.ERR6688599.cram.0.SAMEA7524438.ERR6688599.bam -",
                    "@PG\tID:samtools.9\tPN:samtools\tPP:samtools.8\tVN:1.23.1\tCL:samtools merge --threads N -c -p --reference GCA_922984935.2.subset.unmasked.fa - 1/SAMEA7524438.ERR6688599.cram.0.SAMEA7524438.ERR6688599.bam 2/SAMEA7524438.ERR6688599.cram.1.SAMEA7524438.ERR6688599.bam",
                    "@PG\tID:samtools.10\tPN:samtools\tPP:samtools.9\tVN:1.23.1\tCL:samtools markdup -T SAMEA7524438.ERR6688599 -f SAMEA7524438.ERR6688599.metrics --threads N --reference GCA_922984935.2.subset.unmasked.fa - SAMEA7524438.ERR6688599.bam",
                    "@PG\tID:crumble\tPN:crumble\tPP:samtools.10\tVN:0.9.1\tCL:crumble -O bam SAMEA7524438.ERR6688599.bam SAMEA7524438.ERR6688599.crumble.bam",
                    "@PG\tID:samtools.11\tPN:samtools\tPP:crumble\tVN:1.23.1\tCL:samtools view --threads N --reference GCA_922984935.2.subset.unmasked.fa --output-fmt cram,version=3.0,archive,level=8,embed_ref=1,lossy_names=1 --write-index -o GCA_922984935.2.subset.illumina.SAMEA7524438.ERR6688599.minimap2.cram GCA_922984935.2.subset.illumina.SAMEA7524438.ERR6688599.minimap2.bam",
                    "@PG\tID:samtools.12\tPN:samtools\tPP:samtools.11\tVN:1.23.1\tCL:samtools reheader temp.sorted.header.sam input/GCA_922984935.2.subset.illumina.SAMEA7524438.ERR6688599.minimap2.cram"
                ],
                "GCA_922984935.2.subset.illumina.SAMEA7524439.ERR6688600.minimap2.cram": [
                    "@HD\tVN:1.6\tSO:coordinate",
                    "@SQ\tSN:OV277441.1\tLN:7999920\tM5:0457acf8690429f1c98ee545cb8573b8\tUR:GCA_922984935.2.subset.fasta.gz\tAS:GCA_922984935.2\tAN:SUPER_1\tSP:Meles meles",
                    "@RG\tID:31231_4_1\tPL:ILLUMINA\tSM:SAMEA7524439",
                    "@PG\tID:samtools\tPN:samtools\tVN:1.23.1\tCL:samtools view --threads N --reference GCA_922984935.2.subset.unmasked.fa --output-fmt cram -o SAMEA7524439.ERR6688600.cram 31231_4_1.subset.fastq.gz",
                    "@PG\tID:samtools.1\tPN:samtools\tPP:samtools\tVN:1.23.1\tCL:samtools addreplacerg --threads N -r @RG\\tID:31231_4_1\\tPL:ILLUMINA\\tSM:SAMEA7524439 -o SAMEA7524439.ERR6688600_addRG.cram SAMEA7524439.ERR6688600.cram",
                    "@PG\tID:samtools.2\tPN:samtools\tPP:samtools.1\tVN:1.22.1\tCL:samtools view -H SAMEA7524439.ERR6688600_addRG.cram",
                    "@PG\tID:minimap2\tPN:minimap2\tVN:2.30-r1287\tCL:minimap2 -t N -ax sr --cs=short -I1.0G -y -R @RG\\tID:31231_4_1\\tPL:ILLUMINA\\tSM:SAMEA7524439 GCA_922984935.2.subset.unmasked.mmi -\tPP:samtools.2",
                    "@PG\tID:samtools.3\tPN:samtools\tPP:minimap2\tVN:1.22.1\tCL:samtools fixmate -mpu - -",
                    "@PG\tID:samtools.4\tPN:samtools\tPP:samtools.3\tVN:1.22.1\tCL:samtools view -h",
                    "@PG\tID:samtools.5\tPN:samtools\tPP:samtools.4\tVN:1.22.1\tCL:samtools sort --write-index -l1 -t N -T SAMEA7524439.ERR6688600_addRG.cram.0.SAMEA7524439.ERR6688600_tmp -o SAMEA7524439.ERR6688600_addRG.cram.0.SAMEA7524439.ERR6688600.bam -",
                    "@PG\tID:samtools.6\tPN:samtools\tPP:samtools.5\tVN:1.23.1\tCL:samtools merge --threads N -c -p --reference GCA_922984935.2.subset.unmasked.fa - 1/SAMEA7524439.ERR6688600_addRG.cram.0.SAMEA7524439.ERR6688600.bam 2/SAMEA7524439.ERR6688600_addRG.cram.1.SAMEA7524439.ERR6688600.bam",
                    "@PG\tID:samtools.7\tPN:samtools\tPP:samtools.6\tVN:1.23.1\tCL:samtools markdup -T SAMEA7524439.ERR6688600 -f SAMEA7524439.ERR6688600.metrics --threads N --reference GCA_922984935.2.subset.unmasked.fa - SAMEA7524439.ERR6688600.bam",
                    "@PG\tID:crumble\tPN:crumble\tPP:samtools.7\tVN:0.9.1\tCL:crumble -O bam SAMEA7524439.ERR6688600.bam SAMEA7524439.ERR6688600.crumble.bam",
                    "@PG\tID:samtools.8\tPN:samtools\tPP:crumble\tVN:1.23.1\tCL:samtools view --threads N --reference GCA_922984935.2.subset.unmasked.fa --output-fmt cram,version=3.0,archive,level=8,embed_ref=1,lossy_names=1 --write-index -o GCA_922984935.2.subset.illumina.SAMEA7524439.ERR6688600.minimap2.cram GCA_922984935.2.subset.illumina.SAMEA7524439.ERR6688600.minimap2.bam",
                    "@PG\tID:samtools.9\tPN:samtools\tPP:samtools.8\tVN:1.23.1\tCL:samtools reheader temp.sorted.header.sam input/GCA_922984935.2.subset.illumina.SAMEA7524439.ERR6688600.minimap2.cram"
                ]
            },
            [
                
            ]
        ],
        "timestamp": "2026-08-20T20:54:39.944283852",
        "meta": {
            "nf-test": "0.9.5",
            "nextflow": "26.04.3"
        }
    }
}