{
    "-profile test --filter_pacbio false": {
        "content": [
            404,
            {
                "BGZIP_BEDGRAPH": {
                    "tabix": 1.21
                },
                "BLOBTK_DEPTH": {
                    "blobtk": "0.6.5"
                },
                "BWAMEM2_INDEX": {
                    "bwamem2": "2.2.1"
                },
                "CONVERT_CRAM": {
                    "samtools": "1.22.1"
                },
                "CRAMALIGN_GENCRAMCHUNKS": {
                    "cramalign_gencramchunks": "1.1.0"
                },
                "CRAMALIGN_MINIMAP2ALIGNHIC": {
                    "filter_five_end.pl": 1.0,
                    "gawk": "5.3.1",
                    "minimap2": "2.30-r1287",
                    "samtools": "1.22.1"
                },
                "CRAM_FILTER": {
                    "samtools": 1.17,
                    "staden_io": 1.15
                },
                "CRAM_FILTER_MINIMAP2_FILTER5END_FIXMATE_SORT": {
                    "minimap2": "2.24-r1122",
                    "samtools": 1.17,
                    "staden_io": 1.15
                },
                "CRUMBLE": {
                    "crumble": "0.9.1"
                },
                "FASTQC": {
                    "fastqc": "0.12.1"
                },
                "GENERATE_CRAM_CSV": {
                    "samtools": 1.17
                },
                "GUNZIP": {
                    "gunzip": 1.13
                },
                "GZIP_STATS": {
                    "pigz": 2.8
                },
                "MINIMAP2_ALIGN": {
                    "minimap2": "2.29-r1283"
                },
                "MINIMAP2_INDEX": {
                    "minimap2": "2.29-r1283"
                },
                "PACBIO_PBMARKDUP": {
                    "pbmarkdup": "1.0.3"
                },
                "SAMTOOLS_ADDREPLACERG": {
                    "samtools": "1.22.1"
                },
                "SAMTOOLS_COLLATETOFASTQ": {
                    "samtools": "1.22.1"
                },
                "SAMTOOLS_CONVERT": {
                    "samtools": "1.22.1"
                },
                "SAMTOOLS_CRAM": {
                    "samtools": "1.22.1"
                },
                "SAMTOOLS_FAIDX": {
                    "samtools": "1.22.1"
                },
                "SAMTOOLS_FASTQ": {
                    "samtools": "1.22.1"
                },
                "SAMTOOLS_FLAGSTAT": {
                    "samtools": "1.22.1"
                },
                "SAMTOOLS_IDXSTATS": {
                    "samtools": "1.22.1"
                },
                "SAMTOOLS_INDEX": {
                    "samtools": "1.22.1"
                },
                "SAMTOOLS_MERGE": {
                    "samtools": "1.22.1"
                },
                "SAMTOOLS_MERGEDUP": {
                    "samtools": "1.22.1"
                },
                "SAMTOOLS_REHEADER_CRAM": {
                    "samtools": "1.22.1"
                },
                "SAMTOOLS_SPLITHEADER": {
                    "samtools": "1.22.1"
                },
                "SAMTOOLS_STATS": {
                    "samtools": "1.22.1"
                },
                "UNMASK": {
                    "awk": "5.1.0"
                },
                "UNTAR": {
                    "untar": 1.34
                },
                "Workflow": {
                    "sanger-tol/readmapping": "v1.4.0dev"
                }
            },
            [
                "multiqc_report.html",
                "pipeline_info",
                "pipeline_info/readmapping_software_mqc_versions.yml",
                "read_mapping",
                "read_mapping/hic",
                "read_mapping/hic/SAMEA7524440",
                "read_mapping/hic/SAMEA7524440/ERR6688402",
                "read_mapping/hic/SAMEA7524440/ERR6688402/GCA_922984935.2.subset.unmasked.hic.SAMEA7524440.ERR6688402.minimap2.coverage.bedGraph.gz",
                "read_mapping/hic/SAMEA7524440/ERR6688402/GCA_922984935.2.subset.unmasked.hic.SAMEA7524440.ERR6688402.minimap2.cram",
                "read_mapping/hic/SAMEA7524440/ERR6688402/GCA_922984935.2.subset.unmasked.hic.SAMEA7524440.ERR6688402.minimap2.cram.crai",
                "read_mapping/hic/SAMEA7524440/ERR6688402/qc",
                "read_mapping/hic/SAMEA7524440/ERR6688402/qc/hic.SAMEA7524440.ERR6688402.fasta_fastqc.html",
                "read_mapping/hic/SAMEA7524440/ERR6688402/qc/hic.SAMEA7524440.ERR6688402.fasta_fastqc.zip",
                "read_mapping/hic/SAMEA7524440/ERR6688402/stats",
                "read_mapping/hic/SAMEA7524440/ERR6688402/stats/GCA_922984935.2.subset.unmasked.hic.SAMEA7524440.ERR6688402.minimap2.flagstat",
                "read_mapping/hic/SAMEA7524440/ERR6688402/stats/GCA_922984935.2.subset.unmasked.hic.SAMEA7524440.ERR6688402.minimap2.idxstats",
                "read_mapping/hic/SAMEA7524440/ERR6688402/stats/GCA_922984935.2.subset.unmasked.hic.SAMEA7524440.ERR6688402.minimap2.stats.gz",
                "read_mapping/illumina",
                "read_mapping/illumina/SAMEA7524438",
                "read_mapping/illumina/SAMEA7524438/ERR6688599",
                "read_mapping/illumina/SAMEA7524438/ERR6688599/GCA_922984935.2.subset.unmasked.illumina.SAMEA7524438.ERR6688599.minimap2.coverage.bedGraph.gz",
                "read_mapping/illumina/SAMEA7524438/ERR6688599/GCA_922984935.2.subset.unmasked.illumina.SAMEA7524438.ERR6688599.minimap2.cram",
                "read_mapping/illumina/SAMEA7524438/ERR6688599/GCA_922984935.2.subset.unmasked.illumina.SAMEA7524438.ERR6688599.minimap2.cram.crai",
                "read_mapping/illumina/SAMEA7524438/ERR6688599/qc",
                "read_mapping/illumina/SAMEA7524438/ERR6688599/qc/illumina.SAMEA7524438.ERR6688599.fasta_fastqc.html",
                "read_mapping/illumina/SAMEA7524438/ERR6688599/qc/illumina.SAMEA7524438.ERR6688599.fasta_fastqc.zip",
                "read_mapping/illumina/SAMEA7524438/ERR6688599/stats",
                "read_mapping/illumina/SAMEA7524438/ERR6688599/stats/GCA_922984935.2.subset.unmasked.illumina.SAMEA7524438.ERR6688599.minimap2.flagstat",
                "read_mapping/illumina/SAMEA7524438/ERR6688599/stats/GCA_922984935.2.subset.unmasked.illumina.SAMEA7524438.ERR6688599.minimap2.idxstats",
                "read_mapping/illumina/SAMEA7524438/ERR6688599/stats/GCA_922984935.2.subset.unmasked.illumina.SAMEA7524438.ERR6688599.minimap2.stats.gz",
                "read_mapping/illumina/SAMEA7524439",
                "read_mapping/illumina/SAMEA7524439/ERR6688600",
                "read_mapping/illumina/SAMEA7524439/ERR6688600/GCA_922984935.2.subset.unmasked.illumina.SAMEA7524439.ERR6688600.minimap2.coverage.bedGraph.gz",
                "read_mapping/illumina/SAMEA7524439/ERR6688600/GCA_922984935.2.subset.unmasked.illumina.SAMEA7524439.ERR6688600.minimap2.cram",
                "read_mapping/illumina/SAMEA7524439/ERR6688600/GCA_922984935.2.subset.unmasked.illumina.SAMEA7524439.ERR6688600.minimap2.cram.crai",
                "read_mapping/illumina/SAMEA7524439/ERR6688600/qc",
                "read_mapping/illumina/SAMEA7524439/ERR6688600/qc/illumina.SAMEA7524439.ERR6688600_fastqc.html",
                "read_mapping/illumina/SAMEA7524439/ERR6688600/qc/illumina.SAMEA7524439.ERR6688600_fastqc.zip",
                "read_mapping/illumina/SAMEA7524439/ERR6688600/stats",
                "read_mapping/illumina/SAMEA7524439/ERR6688600/stats/GCA_922984935.2.subset.unmasked.illumina.SAMEA7524439.ERR6688600.minimap2.flagstat",
                "read_mapping/illumina/SAMEA7524439/ERR6688600/stats/GCA_922984935.2.subset.unmasked.illumina.SAMEA7524439.ERR6688600.minimap2.idxstats",
                "read_mapping/illumina/SAMEA7524439/ERR6688600/stats/GCA_922984935.2.subset.unmasked.illumina.SAMEA7524439.ERR6688600.minimap2.stats.gz",
                "read_mapping/ont",
                "read_mapping/ont/SAMEA7524440",
                "read_mapping/ont/SAMEA7524440/PAE35587",
                "read_mapping/ont/SAMEA7524440/PAE35587/GCA_922984935.2.subset.unmasked.ont.SAMEA7524440.PAE35587.minimap2.coverage.bedGraph.gz",
                "read_mapping/ont/SAMEA7524440/PAE35587/GCA_922984935.2.subset.unmasked.ont.SAMEA7524440.PAE35587.minimap2.cram",
                "read_mapping/ont/SAMEA7524440/PAE35587/GCA_922984935.2.subset.unmasked.ont.SAMEA7524440.PAE35587.minimap2.cram.crai",
                "read_mapping/ont/SAMEA7524440/PAE35587/qc",
                "read_mapping/ont/SAMEA7524440/PAE35587/qc/ont.SAMEA7524440.PAE35587_fastqc.html",
                "read_mapping/ont/SAMEA7524440/PAE35587/qc/ont.SAMEA7524440.PAE35587_fastqc.zip",
                "read_mapping/ont/SAMEA7524440/PAE35587/stats",
                "read_mapping/ont/SAMEA7524440/PAE35587/stats/GCA_922984935.2.subset.unmasked.ont.SAMEA7524440.PAE35587.minimap2.flagstat",
                "read_mapping/ont/SAMEA7524440/PAE35587/stats/GCA_922984935.2.subset.unmasked.ont.SAMEA7524440.PAE35587.minimap2.idxstats",
                "read_mapping/ont/SAMEA7524440/PAE35587/stats/GCA_922984935.2.subset.unmasked.ont.SAMEA7524440.PAE35587.minimap2.stats.gz",
                "read_mapping/pacbio",
                "read_mapping/pacbio/SAMEA7524440",
                "read_mapping/pacbio/SAMEA7524440/ERR6939248",
                "read_mapping/pacbio/SAMEA7524440/ERR6939248/GCA_922984935.2.subset.unmasked.pacbio.SAMEA7524440.ERR6939248.minimap2.coverage.bedGraph.gz",
                "read_mapping/pacbio/SAMEA7524440/ERR6939248/GCA_922984935.2.subset.unmasked.pacbio.SAMEA7524440.ERR6939248.minimap2.cram",
                "read_mapping/pacbio/SAMEA7524440/ERR6939248/GCA_922984935.2.subset.unmasked.pacbio.SAMEA7524440.ERR6939248.minimap2.cram.crai",
                "read_mapping/pacbio/SAMEA7524440/ERR6939248/qc",
                "read_mapping/pacbio/SAMEA7524440/ERR6939248/qc/pacbio.SAMEA7524440.ERR6939248_fastqc.html",
                "read_mapping/pacbio/SAMEA7524440/ERR6939248/qc/pacbio.SAMEA7524440.ERR6939248_fastqc.zip",
                "read_mapping/pacbio/SAMEA7524440/ERR6939248/stats",
                "read_mapping/pacbio/SAMEA7524440/ERR6939248/stats/GCA_922984935.2.subset.unmasked.pacbio.SAMEA7524440.ERR6939248.minimap2.flagstat",
                "read_mapping/pacbio/SAMEA7524440/ERR6939248/stats/GCA_922984935.2.subset.unmasked.pacbio.SAMEA7524440.ERR6939248.minimap2.idxstats",
                "read_mapping/pacbio/SAMEA7524440/ERR6939248/stats/GCA_922984935.2.subset.unmasked.pacbio.SAMEA7524440.ERR6939248.minimap2.stats.gz",
                "read_mapping/pacbio/SAMEA7524440/ERR6939249",
                "read_mapping/pacbio/SAMEA7524440/ERR6939249/GCA_922984935.2.subset.unmasked.pacbio.SAMEA7524440.ERR6939249.minimap2.coverage.bedGraph.gz",
                "read_mapping/pacbio/SAMEA7524440/ERR6939249/GCA_922984935.2.subset.unmasked.pacbio.SAMEA7524440.ERR6939249.minimap2.cram",
                "read_mapping/pacbio/SAMEA7524440/ERR6939249/GCA_922984935.2.subset.unmasked.pacbio.SAMEA7524440.ERR6939249.minimap2.cram.crai",
                "read_mapping/pacbio/SAMEA7524440/ERR6939249/qc",
                "read_mapping/pacbio/SAMEA7524440/ERR6939249/qc/pacbio.SAMEA7524440.ERR6939249_fastqc.html",
                "read_mapping/pacbio/SAMEA7524440/ERR6939249/qc/pacbio.SAMEA7524440.ERR6939249_fastqc.zip",
                "read_mapping/pacbio/SAMEA7524440/ERR6939249/stats",
                "read_mapping/pacbio/SAMEA7524440/ERR6939249/stats/GCA_922984935.2.subset.unmasked.pacbio.SAMEA7524440.ERR6939249.minimap2.flagstat",
                "read_mapping/pacbio/SAMEA7524440/ERR6939249/stats/GCA_922984935.2.subset.unmasked.pacbio.SAMEA7524440.ERR6939249.minimap2.idxstats",
                "read_mapping/pacbio/SAMEA7524440/ERR6939249/stats/GCA_922984935.2.subset.unmasked.pacbio.SAMEA7524440.ERR6939249.minimap2.stats.gz",
                "read_mapping/pacbio/SAMEA7524440/merged.1",
                "read_mapping/pacbio/SAMEA7524440/merged.1/GCA_922984935.2.subset.unmasked.pacbio.ERR6939248.ERR6939249.minimap2.merged.1.coverage.bedGraph.gz",
                "read_mapping/pacbio/SAMEA7524440/merged.1/GCA_922984935.2.subset.unmasked.pacbio.ERR6939248.ERR6939249.minimap2.merged.1.cram",
                "read_mapping/pacbio/SAMEA7524440/merged.1/GCA_922984935.2.subset.unmasked.pacbio.ERR6939248.ERR6939249.minimap2.merged.1.cram.crai",
                "read_mapping/pacbio/SAMEA7524440/merged.1/source.txt",
                "read_mapping/pacbio/SAMEA7524440/merged.1/stats",
                "read_mapping/pacbio/SAMEA7524440/merged.1/stats/GCA_922984935.2.subset.unmasked.pacbio.ERR6939248.ERR6939249.minimap2.merged.1.flagstat",
                "read_mapping/pacbio/SAMEA7524440/merged.1/stats/GCA_922984935.2.subset.unmasked.pacbio.ERR6939248.ERR6939249.minimap2.merged.1.idxstats",
                "read_mapping/pacbio/SAMEA7524440/merged.1/stats/GCA_922984935.2.subset.unmasked.pacbio.ERR6939248.ERR6939249.minimap2.merged.1.stats.gz"
            ]
        ],
        "meta": {
            "nf-test": "0.9.3",
            "nextflow": "25.10.0"
        },
        "timestamp": "2026-02-26T16:55:19.341919793"
    }
}