{
    "-profile test_uli": {
        "content": [
            54,
            {
                "BGZIP_BEDGRAPH": {
                    "samtools": "1.23.1"
                },
                "BLAST_BLASTN": {
                    "blastn": "2.17.0+",
                    "samtools": "1.23.1",
                    "seqkit": "2.12.0"
                },
                "BLOBTK_DEPTH": {
                    "blobtk": "0.7.1"
                },
                "CRAMALIGN_GENCRAMCHUNKS": {
                    "cramchunks": "1.1.0"
                },
                "CRAMALIGN_MINIMAP2ALIGN": {
                    "minimap2": "2.30-r1287",
                    "samtools": "1.22.1"
                },
                "CRUMBLE": {
                    "crumble": "0.9.1"
                },
                "FASTQC": {
                    "fastqc": "0.12.1"
                },
                "GAWK_MODIFY_YAML_BARCODE": {
                    "gawk": "5.3.0"
                },
                "GUNZIP": {
                    "gunzip": 1.13
                },
                "GZIP_STATS": {
                    "pigz": 2.8
                },
                "HIFITRIMMER_PROCESSBLAST": {
                    "hifi-trimmer": "5.0.1"
                },
                "HIFITRIMMER_TRIM": {
                    "hifi-trimmer": "5.0.1"
                },
                "LIMA": {
                    "lima": "2.12.0"
                },
                "MASK_UNMASK": {
                    "gawk": "5.3.1",
                    "unmask": 1.0
                },
                "MINIMAP2_INDEX": {
                    "minimap2": "2.30-r1287"
                },
                "PBMARKDUP": {
                    "pbmarkdup": "1.2.0"
                },
                "SAMTOOLS_CRAM": {
                    "samtools": "1.23.1"
                },
                "SAMTOOLS_FAIDX": {
                    "samtools": "1.23.1"
                },
                "SAMTOOLS_FLAGSTAT": {
                    "samtools": "1.23.1"
                },
                "SAMTOOLS_IDXSTATS": {
                    "samtools": "1.23.1"
                },
                "SAMTOOLS_INDEX": {
                    "samtools": "1.23.1"
                },
                "SAMTOOLS_MERGE": {
                    "samtools": "1.23.1"
                },
                "SAMTOOLS_SPLITHEADER": {
                    "samtools": "1.23.1"
                },
                "SAMTOOLS_STATS": {
                    "samtools": "1.23.1"
                },
                "UNTAR": {
                    "untar": 1.34
                },
                "Workflow": {
                    "sanger-tol/readmapping": "v2.1.0dev"
                }
            },
            [
                "multiqc_report.html",
                "pipeline_info",
                "pipeline_info/readmapping_software_mqc_versions.yml",
                "read_mapping",
                "read_mapping/pacbio",
                "read_mapping/pacbio/SAMEA114784749",
                "read_mapping/pacbio/SAMEA114784749/ERR14209104",
                "read_mapping/pacbio/SAMEA114784749/ERR14209104/GCA_964034985.1.subset.pacbio.SAMEA114784749.ERR14209104.minimap2.coverage.1k.bedGraph.gz",
                "read_mapping/pacbio/SAMEA114784749/ERR14209104/GCA_964034985.1.subset.pacbio.SAMEA114784749.ERR14209104.minimap2.cram",
                "read_mapping/pacbio/SAMEA114784749/ERR14209104/GCA_964034985.1.subset.pacbio.SAMEA114784749.ERR14209104.minimap2.cram.crai",
                "read_mapping/pacbio/SAMEA114784749/ERR14209104/qc",
                "read_mapping/pacbio/SAMEA114784749/ERR14209104/qc/pacbio.SAMEA114784749.ERR14209104.fastqc.html",
                "read_mapping/pacbio/SAMEA114784749/ERR14209104/qc/pacbio.SAMEA114784749.ERR14209104.fastqc.zip",
                "read_mapping/pacbio/SAMEA114784749/ERR14209104/qc/pacbio.SAMEA114784749.ERR14209104.hifitrimmer.bed.gz",
                "read_mapping/pacbio/SAMEA114784749/ERR14209104/qc/pacbio.SAMEA114784749.ERR14209104.hifitrimmer.summary.json",
                "read_mapping/pacbio/SAMEA114784749/ERR14209104/qc/pacbio.SAMEA114784749.ERR14209104.lima.report",
                "read_mapping/pacbio/SAMEA114784749/ERR14209104/qc/pacbio.SAMEA114784749.ERR14209104.rmdup.pbmarkdup.log",
                "read_mapping/pacbio/SAMEA114784749/ERR14209104/stats",
                "read_mapping/pacbio/SAMEA114784749/ERR14209104/stats/GCA_964034985.1.subset.pacbio.SAMEA114784749.ERR14209104.minimap2.flagstat",
                "read_mapping/pacbio/SAMEA114784749/ERR14209104/stats/GCA_964034985.1.subset.pacbio.SAMEA114784749.ERR14209104.minimap2.idxstats",
                "read_mapping/pacbio/SAMEA114784749/ERR14209104/stats/GCA_964034985.1.subset.pacbio.SAMEA114784749.ERR14209104.minimap2.stats.gz",
                "read_mapping/pacbio/SAMEA114784749/ERR14209104_test",
                "read_mapping/pacbio/SAMEA114784749/ERR14209104_test/GCA_964034985.1.subset.pacbio.SAMEA114784749.ERR14209104_test.minimap2.coverage.1k.bedGraph.gz",
                "read_mapping/pacbio/SAMEA114784749/ERR14209104_test/GCA_964034985.1.subset.pacbio.SAMEA114784749.ERR14209104_test.minimap2.cram",
                "read_mapping/pacbio/SAMEA114784749/ERR14209104_test/GCA_964034985.1.subset.pacbio.SAMEA114784749.ERR14209104_test.minimap2.cram.crai",
                "read_mapping/pacbio/SAMEA114784749/ERR14209104_test/qc",
                "read_mapping/pacbio/SAMEA114784749/ERR14209104_test/qc/pacbio.SAMEA114784749.ERR14209104_test.fastqc.html",
                "read_mapping/pacbio/SAMEA114784749/ERR14209104_test/qc/pacbio.SAMEA114784749.ERR14209104_test.fastqc.zip",
                "read_mapping/pacbio/SAMEA114784749/ERR14209104_test/qc/pacbio.SAMEA114784749.ERR14209104_test.hifitrimmer.bed.gz",
                "read_mapping/pacbio/SAMEA114784749/ERR14209104_test/qc/pacbio.SAMEA114784749.ERR14209104_test.hifitrimmer.summary.json",
                "read_mapping/pacbio/SAMEA114784749/ERR14209104_test/stats",
                "read_mapping/pacbio/SAMEA114784749/ERR14209104_test/stats/GCA_964034985.1.subset.pacbio.SAMEA114784749.ERR14209104_test.minimap2.flagstat",
                "read_mapping/pacbio/SAMEA114784749/ERR14209104_test/stats/GCA_964034985.1.subset.pacbio.SAMEA114784749.ERR14209104_test.minimap2.idxstats",
                "read_mapping/pacbio/SAMEA114784749/ERR14209104_test/stats/GCA_964034985.1.subset.pacbio.SAMEA114784749.ERR14209104_test.minimap2.stats.gz",
                "read_mapping/pacbio/multiqc_report.pacbio.html"
            ],
            [
                "GCA_964034985.1.subset.pacbio.SAMEA114784749.ERR14209104.minimap2.coverage.1k.bedGraph.gz:md5,9429905629f201ee569a7ce817756752",
                "pacbio.SAMEA114784749.ERR14209104.hifitrimmer.bed.gz:md5,cb45e59936b15a601ab41df4a32e30d6",
                "pacbio.SAMEA114784749.ERR14209104.lima.report:md5,4e75e227f80bb115040ac340345e4742",
                "pacbio.SAMEA114784749.ERR14209104.rmdup.pbmarkdup.log:md5,02efc656c114d8029ad4e8e79e778e35",
                "GCA_964034985.1.subset.pacbio.SAMEA114784749.ERR14209104.minimap2.flagstat:md5,64341a288816774ffde9c3137c68d2ee",
                "GCA_964034985.1.subset.pacbio.SAMEA114784749.ERR14209104.minimap2.idxstats:md5,f0102d624656f7673a7567baadf2fdf9",
                "GCA_964034985.1.subset.pacbio.SAMEA114784749.ERR14209104.minimap2.stats.gz:md5,c9040ed0c3204f9512b0325d08150b3f",
                "GCA_964034985.1.subset.pacbio.SAMEA114784749.ERR14209104_test.minimap2.coverage.1k.bedGraph.gz:md5,91d8507d7cea42e6b85e1c9dc7cab12d",
                "pacbio.SAMEA114784749.ERR14209104_test.hifitrimmer.bed.gz:md5,45c78d87eee0433dd4e0300c04c3bd64",
                "GCA_964034985.1.subset.pacbio.SAMEA114784749.ERR14209104_test.minimap2.flagstat:md5,0c28e76bdd020bb1485746de33ce9252",
                "GCA_964034985.1.subset.pacbio.SAMEA114784749.ERR14209104_test.minimap2.idxstats:md5,9d2ad4c54b1cefb73d70e576f2e89650",
                "GCA_964034985.1.subset.pacbio.SAMEA114784749.ERR14209104_test.minimap2.stats.gz:md5,4f5930c586e221b776fdd20394b18700"
            ],
            {
                
            },
            {
                "GCA_964034985.1.subset.pacbio.SAMEA114784749.ERR14209104.minimap2.cram": {
                    "maxReadLength": 17907,
                    "minReadLength": 0,
                    "meanReadLength": 8205,
                    "maxQuality": 60,
                    "minQuality": 0,
                    "meanQuality": 1,
                    "readCount": 43787,
                    "duplicateReadCount": 0,
                    "sorted": false
                },
                "GCA_964034985.1.subset.pacbio.SAMEA114784749.ERR14209104_test.minimap2.cram": {
                    "maxReadLength": 12807,
                    "minReadLength": 0,
                    "meanReadLength": 8481,
                    "maxQuality": 4,
                    "minQuality": 0,
                    "meanQuality": 0,
                    "readCount": 41,
                    "duplicateReadCount": 0,
                    "sorted": false
                }
            },
            {
                
            },
            {
                "GCA_964034985.1.subset.pacbio.SAMEA114784749.ERR14209104.minimap2.cram": [
                    "@HD\tVN:1.6\tSO:coordinate",
                    "@SQ\tSN:CAXIUN010000020.1\tLN:15094\tM5:eb4b4e09fa2962e012fc983eeb6b65dc\tUR:GCA_964034985.1.subset.unmasked.fa",
                    "@SQ\tSN:CAXIUN010000038.1\tLN:1000\tM5:3fe8a9b5a85c60b19e74e88ca5ca434e\tUR:GCA_964034985.1.subset.unmasked.fa",
                    "@SQ\tSN:CAXIUN010000104.1\tLN:10110\tM5:10013ae295fb0e1a002ab812d6c2e77e\tUR:GCA_964034985.1.subset.unmasked.fa",
                    "@SQ\tSN:CAXIUN010000129.1\tLN:29940\tM5:9579779c87681c88e68a924f572f5599\tUR:GCA_964034985.1.subset.unmasked.fa",
                    "@RG\tID:0de7f0a4/0--0\tSM:TOL_ASG14652249\tLB:TRAC-2-8053\tPU:m84093_241116_151316_s2\tDS:READTYPE=CCS;Ipd:CodecV1=ip;PulseWidth:CodecV1=pw;BINDINGKIT=102-739-100;SEQUENCINGKIT=102-118-800;BASECALLERVERSION=5.0;SMRTCELLKIT=102-202-200;SMRTCELLID=EA138735;RUNID=r84093_20241115_102726;ICSVERSION=13.0.0.212033;MOVIELENGTH=1440.0;FRAMERATEHZ=100.000000;BarcodeFile=pacbio_uli_adapter.fasta;BarcodeHash=de9645f867bb5ebe1b8881c7a778817b;BarcodeCount=1;BarcodeMode=Symmetric;BarcodeQuality=Score\tPL:PACBIO\tPM:REVIO\tBC:AAGCAGTGGTATCAACGCAGAGTACT",
                    "@PG\tID:ccs\tPN:ccs\tVN:8.0.0 (commit v8.0.0)\tDS:Generate circular consensus sequences (ccs) from subreads.\tCL:ccs --streamed --log-level INFO --log-file metadata/m84093_241116_151316_s2.ccs.log --stderr-json-log --instrument-files-layout --movie-name m84093_241116_151316_s2 --min-rq -1 --non-hifi-prefix fail --knrt-ada --pbdc-model revio_13_0.onnx --alarms metadata/m84093_241116_151316_s2.ccs.alarms.json",
                    "@PG\tID:pbtrim\tVN:1.0.0 (commit v1.0.0)\tCL:trim --streamed --movie-name m84093_241116_151316_s2 --instrument-files-layout --reuse-source-uuid --quality hifi --log-level INFO --log-file metadata/m84093_241116_151316_s2.hifi_reads.trim.log --alarms metadata/m84093_241116_151316_s2.hifi_reads.trim.alarms.json",
                    "@PG\tID:jasmine\tPN:jasmine\tVN:2.2.0 (commit v2.2.0)\tDS:Predict 5mC in PacBio HiFi reads.\tCL:jasmine --streamed --movie-name m84093_241116_151316_s2 --instrument-files-layout --quality hifi --reuse-source-uuid --stderr-json-log --gpu-devices 0,0,0,0 --log-level INFO --log-file metadata/m84093_241116_151316_s2.hifi_reads.jasmine.log --alarms metadata/m84093_241116_151316_s2.hifi_reads.jasmine.alarms.json",
                    "@PG\tID:lima\tVN:2.9.0 (commit v2.9.0)\tCL:lima --movie-name m84093_241116_151316_s2 --instrument-files-layout --quality hifi --output-missing-pairs --shared-prefix --hifi-preset SYMMETRIC-ADAPTERS --store-unbarcoded --split-named --reuse-source-uuid --reuse-biosample-uuids --stderr-json-log --alarms metadata/m84093_241116_151316_s2.hifi_reads.lima.alarms.json --log-level INFO --log-file metadata/m84093_241116_151316_s2.hifi_reads.lima.log pb_formats/m84093_241116_151316_s2.hifi_reads.consensusreadset.jasmine.xml metadata/m84093_241116_151316_s2.barcodes.fasta hifi_reads/m84093_241116_151316_s2.hifi_reads.demux.bam",
                    "@PG\tID:samtools\tPN:samtools\tVN:1.21\tPP:lima\tCL:samtools view -s 42.008 -b m84093_241116_151316_s2.hifi_reads.bc2028.bam",
                    "@PG\tID:lima.1\tVN:2.12.0 (commit v2.12.0)\tCL:lima m84093_241116_151316_s2.hifi_reads.bc2028.subset.bam pacbio_uli_adapter.fasta pacbio.SAMEA114784749.ERR14209104.bam -j 4 --hifi-preset SYMMETRIC",
                    "@PG\tID:hifi-trimmer\tPN:hifi-trimmer\tVN:5.0.1\tPP:lima.1\tCL:hifi-trimmer trim -t N -f cram -o pacbio.SAMEA114784749.ERR14209104.hifitrimmer.cram pacbio.SAMEA114784749.ERR14209104.rmdup.bam pacbio.SAMEA114784749.ERR14209104.hifitrimmer.bed.gz",
                    "@PG\tID:samtools.1\tPN:samtools\tPP:samtools\tVN:1.22.1\tCL:samtools view -H pacbio.SAMEA114784749.ERR14209104.hifitrimmer.cram",
                    "@PG\tID:samtools.2\tPN:samtools\tPP:hifi-trimmer\tVN:1.22.1\tCL:samtools view -H pacbio.SAMEA114784749.ERR14209104.hifitrimmer.cram",
                    "@PG\tID:minimap2\tPN:minimap2\tVN:2.30-r1287\tCL:minimap2 -t N -ax map-hifi --cs=short -I1G -y -R @RG\\tID:0de7f0a4/0--0\\tSM:TOL_ASG14652249\\tLB:TRAC-2-8053\\tPU:m84093_241116_151316_s2\\tDS:READTYPE=CCS;Ipd:CodecV1=ip;PulseWidth:CodecV1=pw;BINDINGKIT=102-739-100;SEQUENCINGKIT=102-118-800;BASECALLERVERSION=5.0;SMRTCELLKIT=102-202-200;SMRTCELLID=EA138735;RUNID=r84093_20241115_102726;ICSVERSION=13.0.0.212033;MOVIELENGTH=1440.0;FRAMERATEHZ=100.000000;BarcodeFile=pacbio_uli_adapter.fasta;BarcodeHash=de9645f867bb5ebe1b8881c7a778817b;BarcodeCount=1;BarcodeMode=Symmetric;BarcodeQuality=Score\\tPL:PACBIO\\tPM:REVIO\\tBC:AAGCAGTGGTATCAACGCAGAGTACT GCA_964034985.1.subset.unmasked.mmi -\tPP:samtools.2",
                    "@PG\tID:samtools.3\tPN:samtools\tPP:samtools.1\tVN:1.22.1\tCL:samtools sort -t N -T pacbio.SAMEA114784749.ERR14209104.hifitrimmer.cram.0.SAMEA114784749.ERR14209104_sort_tmp -o pacbio.SAMEA114784749.ERR14209104.hifitrimmer.cram.0.SAMEA114784749.ERR14209104.bam -",
                    "@PG\tID:samtools.4\tPN:samtools\tPP:minimap2\tVN:1.22.1\tCL:samtools sort -t N -T pacbio.SAMEA114784749.ERR14209104.hifitrimmer.cram.0.SAMEA114784749.ERR14209104_sort_tmp -o pacbio.SAMEA114784749.ERR14209104.hifitrimmer.cram.0.SAMEA114784749.ERR14209104.bam -",
                    "@PG\tID:samtools.5\tPN:samtools\tPP:samtools.3\tVN:1.23.1\tCL:samtools merge --threads N -c -p --reference GCA_964034985.1.subset.unmasked.fa SAMEA114784749.ERR14209104.merge.bam 1/pacbio.SAMEA114784749.ERR14209104.hifitrimmer.cram.0.SAMEA114784749.ERR14209104.bam",
                    "@PG\tID:samtools.6\tPN:samtools\tPP:samtools.4\tVN:1.23.1\tCL:samtools merge --threads N -c -p --reference GCA_964034985.1.subset.unmasked.fa SAMEA114784749.ERR14209104.merge.bam 1/pacbio.SAMEA114784749.ERR14209104.hifitrimmer.cram.0.SAMEA114784749.ERR14209104.bam",
                    "@PG\tID:crumble\tPN:crumble\tPP:samtools.5\tVN:0.9.1\tCL:crumble -y pbccs -O bam SAMEA114784749.ERR14209104.merge.bam SAMEA114784749.ERR14209104.merge.crumble.bam",
                    "@PG\tID:crumble.1\tPN:crumble\tPP:samtools.6\tVN:0.9.1\tCL:crumble -y pbccs -O bam SAMEA114784749.ERR14209104.merge.bam SAMEA114784749.ERR14209104.merge.crumble.bam",
                    "@PG\tID:samtools.7\tPN:samtools\tPP:crumble\tVN:1.23.1\tCL:samtools view --threads N --reference GCA_964034985.1.subset.unmasked.fa --output-fmt cram,version=3.0,archive,level=8,embed_ref=1 --write-index -o GCA_964034985.1.subset.pacbio.SAMEA114784749.ERR14209104.minimap2.cram GCA_964034985.1.subset.pacbio.SAMEA114784749.ERR14209104.minimap2.bam",
                    "@PG\tID:samtools.8\tPN:samtools\tPP:crumble.1\tVN:1.23.1\tCL:samtools view --threads N --reference GCA_964034985.1.subset.unmasked.fa --output-fmt cram,version=3.0,archive,level=8,embed_ref=1 --write-index -o GCA_964034985.1.subset.pacbio.SAMEA114784749.ERR14209104.minimap2.cram GCA_964034985.1.subset.pacbio.SAMEA114784749.ERR14209104.minimap2.bam"
                ],
                "GCA_964034985.1.subset.pacbio.SAMEA114784749.ERR14209104_test.minimap2.cram": [
                    "@HD\tVN:1.6\tSO:coordinate",
                    "@SQ\tSN:CAXIUN010000020.1\tLN:15094\tM5:eb4b4e09fa2962e012fc983eeb6b65dc\tUR:GCA_964034985.1.subset.unmasked.fa",
                    "@SQ\tSN:CAXIUN010000038.1\tLN:1000\tM5:3fe8a9b5a85c60b19e74e88ca5ca434e\tUR:GCA_964034985.1.subset.unmasked.fa",
                    "@SQ\tSN:CAXIUN010000104.1\tLN:10110\tM5:10013ae295fb0e1a002ab812d6c2e77e\tUR:GCA_964034985.1.subset.unmasked.fa",
                    "@SQ\tSN:CAXIUN010000129.1\tLN:29940\tM5:9579779c87681c88e68a924f572f5599\tUR:GCA_964034985.1.subset.unmasked.fa",
                    "@RG\tID:0de7f0a4/27--27\tSM:TOL_ASG14652249\tLB:TRAC-2-8053\tPU:m84093_241116_151316_s2\tDS:READTYPE=CCS;Ipd:CodecV1=ip;PulseWidth:CodecV1=pw;BINDINGKIT=102-739-100;SEQUENCINGKIT=102-118-800;BASECALLERVERSION=5.0;SMRTCELLKIT=102-202-200;SMRTCELLID=EA138735;RUNID=r84093_20241115_102726;ICSVERSION=13.0.0.212033;MOVIELENGTH=1440.0;FRAMERATEHZ=100.000000;BarcodeFile=metadata/m84093_241116_151316_s2.barcodes.fasta;BarcodeHash=86d73e586a6d3ede0295785b51105eea;BarcodeCount=96;BarcodeMode=Symmetric;BarcodeQuality=Score\tPL:PACBIO\tPM:REVIO\tBC:ACTGCAGCACGAGTAT",
                    "@PG\tID:ccs\tPN:ccs\tVN:8.0.0 (commit v8.0.0)\tDS:Generate circular consensus sequences (ccs) from subreads.\tCL:ccs --streamed --log-level INFO --log-file metadata/m84093_241116_151316_s2.ccs.log --stderr-json-log --instrument-files-layout --movie-name m84093_241116_151316_s2 --min-rq -1 --non-hifi-prefix fail --knrt-ada --pbdc-model revio_13_0.onnx --alarms metadata/m84093_241116_151316_s2.ccs.alarms.json",
                    "@PG\tID:pbtrim\tVN:1.0.0 (commit v1.0.0)\tCL:trim --streamed --movie-name m84093_241116_151316_s2 --instrument-files-layout --reuse-source-uuid --quality hifi --log-level INFO --log-file metadata/m84093_241116_151316_s2.hifi_reads.trim.log --alarms metadata/m84093_241116_151316_s2.hifi_reads.trim.alarms.json",
                    "@PG\tID:jasmine\tPN:jasmine\tVN:2.2.0 (commit v2.2.0)\tDS:Predict 5mC in PacBio HiFi reads.\tCL:jasmine --streamed --movie-name m84093_241116_151316_s2 --instrument-files-layout --quality hifi --reuse-source-uuid --stderr-json-log --gpu-devices 0,0,0,0 --log-level INFO --log-file metadata/m84093_241116_151316_s2.hifi_reads.jasmine.log --alarms metadata/m84093_241116_151316_s2.hifi_reads.jasmine.alarms.json",
                    "@PG\tID:lima\tVN:2.9.0 (commit v2.9.0)\tCL:lima --movie-name m84093_241116_151316_s2 --instrument-files-layout --quality hifi --output-missing-pairs --shared-prefix --hifi-preset SYMMETRIC-ADAPTERS --store-unbarcoded --split-named --reuse-source-uuid --reuse-biosample-uuids --stderr-json-log --alarms metadata/m84093_241116_151316_s2.hifi_reads.lima.alarms.json --log-level INFO --log-file metadata/m84093_241116_151316_s2.hifi_reads.lima.log pb_formats/m84093_241116_151316_s2.hifi_reads.consensusreadset.jasmine.xml metadata/m84093_241116_151316_s2.barcodes.fasta hifi_reads/m84093_241116_151316_s2.hifi_reads.demux.bam",
                    "@PG\tID:samtools\tPN:samtools\tVN:1.21\tPP:lima\tCL:samtools view -s 42.008 -b m84093_241116_151316_s2.hifi_reads.bc2028.bam",
                    "@PG\tID:hifi-trimmer\tPN:hifi-trimmer\tVN:5.0.1\tPP:samtools\tCL:hifi-trimmer trim -t N -f cram -o pacbio.SAMEA114784749.ERR14209104_test.hifitrimmer.cram m84093_241116_151316_s2.hifi_reads.bc2028.subset.bam pacbio.SAMEA114784749.ERR14209104_test.hifitrimmer.bed.gz",
                    "@PG\tID:samtools.1\tPN:samtools\tPP:hifi-trimmer\tVN:1.22.1\tCL:samtools view -H pacbio.SAMEA114784749.ERR14209104_test.hifitrimmer.cram",
                    "@PG\tID:minimap2\tPN:minimap2\tVN:2.30-r1287\tCL:minimap2 -t N -ax map-hifi --cs=short -I1G -y -R @RG\\tID:0de7f0a4m84093_241116_151316_s2.barcodes.fasta;BarcodeHash=86d73e586a6d3ede0295785b51105eea;BarcodeCount=96;BarcodeMode=Symmetric;BarcodeQuality=Score\\tPL:PACBIO\\tPM:REVIO\\tBC:ACTGCAGCACGAGTAT GCA_964034985.1.subset.unmasked.mmi -\tPP:samtools.1",
                    "@PG\tID:samtools.2\tPN:samtools\tPP:minimap2\tVN:1.22.1\tCL:samtools sort -t N -T pacbio.SAMEA114784749.ERR14209104_test.hifitrimmer.cram.0.SAMEA114784749.ERR14209104_test_sort_tmp -o pacbio.SAMEA114784749.ERR14209104_test.hifitrimmer.cram.0.SAMEA114784749.ERR14209104_test.bam -",
                    "@PG\tID:samtools.3\tPN:samtools\tPP:samtools.2\tVN:1.23.1\tCL:samtools merge --threads N -c -p --reference GCA_964034985.1.subset.unmasked.fa SAMEA114784749.ERR14209104_test.merge.bam 1/pacbio.SAMEA114784749.ERR14209104_test.hifitrimmer.cram.0.SAMEA114784749.ERR14209104_test.bam",
                    "@PG\tID:crumble\tPN:crumble\tPP:samtools.3\tVN:0.9.1\tCL:crumble -y pbccs -O bam SAMEA114784749.ERR14209104_test.merge.bam SAMEA114784749.ERR14209104_test.merge.crumble.bam",
                    "@PG\tID:samtools.4\tPN:samtools\tPP:crumble\tVN:1.23.1\tCL:samtools view --threads N --reference GCA_964034985.1.subset.unmasked.fa --output-fmt cram,version=3.0,archive,level=8,embed_ref=1 --write-index -o GCA_964034985.1.subset.pacbio.SAMEA114784749.ERR14209104_test.minimap2.cram GCA_964034985.1.subset.pacbio.SAMEA114784749.ERR14209104_test.minimap2.bam"
                ]
            },
            [
                "pacbio.SAMEA114784749.ERR14209104.hifitrimmer.summary.json:md5,ccded8f791470d2f21732c535186ffad",
                "pacbio.SAMEA114784749.ERR14209104_test.hifitrimmer.summary.json:md5,a0bb029ebd213c14bad17ac343db6cfb"
            ]
        ],
        "timestamp": "2026-08-20T20:58:24.199150905",
        "meta": {
            "nf-test": "0.9.5",
            "nextflow": "26.04.3"
        }
    }
}