{
    "-profile test_uli": {
        "content": [
            55,
            {
                "BGZIP_BEDGRAPH": {
                    "samtools": "1.22.1"
                },
                "BLAST_BLASTN": {
                    "blastn": "2.17.0+",
                    "samtools": "1.23.1",
                    "seqkit": "2.12.0"
                },
                "BLAST_MAKEBLASTDB": {
                    "makeblastdb": "2.17.0+"
                },
                "BLOBTK_DEPTH": {
                    "blobtk": "0.7.1"
                },
                "CRUMBLE": {
                    "crumble": "0.9.1"
                },
                "FASTQC": {
                    "fastqc": "0.12.1"
                },
                "FASTQC_FILTERED": {
                    "fastqc": "0.12.1"
                },
                "FASTXALIGN_MINIMAP2ALIGN": {
                    "minimap2": "2.30-r1287",
                    "samtools": 1.23,
                    "slice_fasta.py": "1.0.0"
                },
                "FASTXALIGN_PYFASTXINDEX": {
                    "slice_fasta.py": "1.0.0"
                },
                "GAWK_MODIFY_YAML_BARCODE": {
                    "gawk": "5.3.0"
                },
                "GUNZIP": {
                    "gunzip": 1.13
                },
                "GZIP_STATS": {
                    "pigz": 2.8
                },
                "HIFITRIMMER_FILTERBAM": {
                    "hifi_trimmer": "2.2.0",
                    "samtools": "1.23.1"
                },
                "HIFITRIMMER_PROCESSBLAST": {
                    "hifi_trimmer": "2.2.0"
                },
                "LIMA": {
                    "lima": "2.12.0"
                },
                "MASK_UNMASK": {
                    "gawk": "5.3.1",
                    "unmask": 1.0
                },
                "MINIMAP2_INDEX": {
                    "minimap2": "2.29-r1283"
                },
                "PBMARKDUP": {
                    "pbmarkdup": "1.2.0"
                },
                "SAMTOOLS_CRAM": {
                    "samtools": "1.22.1"
                },
                "SAMTOOLS_FAIDX": {
                    "samtools": "1.22.1"
                },
                "SAMTOOLS_FLAGSTAT": {
                    "samtools": "1.22.1"
                },
                "SAMTOOLS_IDXSTATS": {
                    "samtools": "1.22.1"
                },
                "SAMTOOLS_MERGE": {
                    "samtools": "1.22.1"
                },
                "SAMTOOLS_SPLITHEADER": {
                    "samtools": "1.22.1"
                },
                "SAMTOOLS_STATS": {
                    "samtools": "1.22.1"
                },
                "Workflow": {
                    "sanger-tol/readmapping": "v1.4.0dev"
                }
            },
            [
                "multiqc_report.html",
                "pipeline_info",
                "pipeline_info/readmapping_software_mqc_versions.yml",
                "read_mapping",
                "read_mapping/pacbio",
                "read_mapping/pacbio/SAMEA114784749",
                "read_mapping/pacbio/SAMEA114784749/ERR14209104",
                "read_mapping/pacbio/SAMEA114784749/ERR14209104/GCA_964034985.1.subset.unmasked.pacbio.SAMEA114784749.ERR14209104.minimap2.coverage.1k.bedGraph.gz",
                "read_mapping/pacbio/SAMEA114784749/ERR14209104/GCA_964034985.1.subset.unmasked.pacbio.SAMEA114784749.ERR14209104.minimap2.cram",
                "read_mapping/pacbio/SAMEA114784749/ERR14209104/GCA_964034985.1.subset.unmasked.pacbio.SAMEA114784749.ERR14209104.minimap2.cram.crai",
                "read_mapping/pacbio/SAMEA114784749/ERR14209104/qc",
                "read_mapping/pacbio/SAMEA114784749/ERR14209104/qc/pacbio.SAMEA114784749.ERR14209104.fastqc.html",
                "read_mapping/pacbio/SAMEA114784749/ERR14209104/qc/pacbio.SAMEA114784749.ERR14209104.fastqc.zip",
                "read_mapping/pacbio/SAMEA114784749/ERR14209104/qc/pacbio.SAMEA114784749.ERR14209104.filtered.fastqc.html",
                "read_mapping/pacbio/SAMEA114784749/ERR14209104/qc/pacbio.SAMEA114784749.ERR14209104.filtered.fastqc.zip",
                "read_mapping/pacbio/SAMEA114784749/ERR14209104/qc/pacbio.SAMEA114784749.ERR14209104.hifitrimmer.bed.gz",
                "read_mapping/pacbio/SAMEA114784749/ERR14209104/qc/pacbio.SAMEA114784749.ERR14209104.hifitrimmer.summary.json",
                "read_mapping/pacbio/SAMEA114784749/ERR14209104/qc/pacbio.SAMEA114784749.ERR14209104.lima.report",
                "read_mapping/pacbio/SAMEA114784749/ERR14209104/qc/pacbio.SAMEA114784749.ERR14209104.rmdup.pbmarkdup.log",
                "read_mapping/pacbio/SAMEA114784749/ERR14209104/stats",
                "read_mapping/pacbio/SAMEA114784749/ERR14209104/stats/GCA_964034985.1.subset.unmasked.pacbio.SAMEA114784749.ERR14209104.minimap2.flagstat",
                "read_mapping/pacbio/SAMEA114784749/ERR14209104/stats/GCA_964034985.1.subset.unmasked.pacbio.SAMEA114784749.ERR14209104.minimap2.idxstats",
                "read_mapping/pacbio/SAMEA114784749/ERR14209104/stats/GCA_964034985.1.subset.unmasked.pacbio.SAMEA114784749.ERR14209104.minimap2.stats.gz",
                "read_mapping/pacbio/SAMEA114784749/ERR14209104_test",
                "read_mapping/pacbio/SAMEA114784749/ERR14209104_test/GCA_964034985.1.subset.unmasked.pacbio.SAMEA114784749.ERR14209104_test.minimap2.coverage.1k.bedGraph.gz",
                "read_mapping/pacbio/SAMEA114784749/ERR14209104_test/GCA_964034985.1.subset.unmasked.pacbio.SAMEA114784749.ERR14209104_test.minimap2.cram",
                "read_mapping/pacbio/SAMEA114784749/ERR14209104_test/GCA_964034985.1.subset.unmasked.pacbio.SAMEA114784749.ERR14209104_test.minimap2.cram.crai",
                "read_mapping/pacbio/SAMEA114784749/ERR14209104_test/qc",
                "read_mapping/pacbio/SAMEA114784749/ERR14209104_test/qc/pacbio.SAMEA114784749.ERR14209104_test.fastqc.html",
                "read_mapping/pacbio/SAMEA114784749/ERR14209104_test/qc/pacbio.SAMEA114784749.ERR14209104_test.fastqc.zip",
                "read_mapping/pacbio/SAMEA114784749/ERR14209104_test/qc/pacbio.SAMEA114784749.ERR14209104_test.filtered.fastqc.html",
                "read_mapping/pacbio/SAMEA114784749/ERR14209104_test/qc/pacbio.SAMEA114784749.ERR14209104_test.filtered.fastqc.zip",
                "read_mapping/pacbio/SAMEA114784749/ERR14209104_test/qc/pacbio.SAMEA114784749.ERR14209104_test.hifitrimmer.bed.gz",
                "read_mapping/pacbio/SAMEA114784749/ERR14209104_test/qc/pacbio.SAMEA114784749.ERR14209104_test.hifitrimmer.summary.json",
                "read_mapping/pacbio/SAMEA114784749/ERR14209104_test/stats",
                "read_mapping/pacbio/SAMEA114784749/ERR14209104_test/stats/GCA_964034985.1.subset.unmasked.pacbio.SAMEA114784749.ERR14209104_test.minimap2.flagstat",
                "read_mapping/pacbio/SAMEA114784749/ERR14209104_test/stats/GCA_964034985.1.subset.unmasked.pacbio.SAMEA114784749.ERR14209104_test.minimap2.idxstats",
                "read_mapping/pacbio/SAMEA114784749/ERR14209104_test/stats/GCA_964034985.1.subset.unmasked.pacbio.SAMEA114784749.ERR14209104_test.minimap2.stats.gz"
            ],
            [
                "GCA_964034985.1.subset.unmasked.pacbio.SAMEA114784749.ERR14209104.minimap2.coverage.1k.bedGraph.gz:md5,9429905629f201ee569a7ce817756752",
                "pacbio.SAMEA114784749.ERR14209104.hifitrimmer.bed.gz:md5,cb45e59936b15a601ab41df4a32e30d6",
                "pacbio.SAMEA114784749.ERR14209104.lima.report:md5,4e75e227f80bb115040ac340345e4742",
                "pacbio.SAMEA114784749.ERR14209104.rmdup.pbmarkdup.log:md5,02efc656c114d8029ad4e8e79e778e35",
                "GCA_964034985.1.subset.unmasked.pacbio.SAMEA114784749.ERR14209104.minimap2.flagstat:md5,64341a288816774ffde9c3137c68d2ee",
                "GCA_964034985.1.subset.unmasked.pacbio.SAMEA114784749.ERR14209104.minimap2.idxstats:md5,f0102d624656f7673a7567baadf2fdf9",
                "GCA_964034985.1.subset.unmasked.pacbio.SAMEA114784749.ERR14209104.minimap2.stats.gz:md5,d9e2f420c7c2048745fe2c409489d653",
                "GCA_964034985.1.subset.unmasked.pacbio.SAMEA114784749.ERR14209104_test.minimap2.coverage.1k.bedGraph.gz:md5,91d8507d7cea42e6b85e1c9dc7cab12d",
                "pacbio.SAMEA114784749.ERR14209104_test.hifitrimmer.bed.gz:md5,45c78d87eee0433dd4e0300c04c3bd64",
                "GCA_964034985.1.subset.unmasked.pacbio.SAMEA114784749.ERR14209104_test.minimap2.flagstat:md5,0c28e76bdd020bb1485746de33ce9252",
                "GCA_964034985.1.subset.unmasked.pacbio.SAMEA114784749.ERR14209104_test.minimap2.idxstats:md5,9d2ad4c54b1cefb73d70e576f2e89650",
                "GCA_964034985.1.subset.unmasked.pacbio.SAMEA114784749.ERR14209104_test.minimap2.stats.gz:md5,be0eb6ab986a0fd12770942edb060f00"
            ],
            {
                
            },
            {
                "GCA_964034985.1.subset.unmasked.pacbio.SAMEA114784749.ERR14209104.minimap2.cram": {
                    "maxReadLength": 17907,
                    "minReadLength": 0,
                    "meanReadLength": 8205,
                    "maxQuality": 60,
                    "minQuality": 0,
                    "meanQuality": 1,
                    "readCount": 43787,
                    "duplicateReadCount": 0,
                    "sorted": false
                },
                "GCA_964034985.1.subset.unmasked.pacbio.SAMEA114784749.ERR14209104_test.minimap2.cram": {
                    "maxReadLength": 12807,
                    "minReadLength": 0,
                    "meanReadLength": 8481,
                    "maxQuality": 4,
                    "minQuality": 0,
                    "meanQuality": 0,
                    "readCount": 41,
                    "duplicateReadCount": 0,
                    "sorted": false
                }
            },
            [
                "pacbio.SAMEA114784749.ERR14209104.hifitrimmer.summary.json:md5,238e515a0593f4c66e74bff41a33b63c",
                "pacbio.SAMEA114784749.ERR14209104_test.hifitrimmer.summary.json:md5,4ab835890a22ca1dd2206300f30fbc27"
            ]
        ],
        "meta": {
            "nf-test": "0.9.3",
            "nextflow": "25.10.2"
        },
        "timestamp": "2026-03-26T18:21:16.060866918"
    }
}