{
    "-profile test_uli --pacbio_uli_adapter false": {
        "content": [
            50,
            {
                "BGZIP_BEDGRAPH": {
                    "samtools": "1.22.1"
                },
                "BLAST_BLASTN": {
                    "blastn": "2.17.0+",
                    "samtools": 1.23,
                    "seqkit": "2.12.0"
                },
                "BLAST_MAKEBLASTDB": {
                    "makeblastdb": "2.17.0+"
                },
                "BLOBTK_DEPTH": {
                    "blobtk": "0.7.1"
                },
                "CRUMBLE": {
                    "crumble": "0.9.1"
                },
                "FASTQC": {
                    "fastqc": "0.12.1"
                },
                "FASTQC_FILTERED": {
                    "fastqc": "0.12.1"
                },
                "FASTXALIGN_MINIMAP2ALIGN": {
                    "minimap2": "2.30-r1287",
                    "samtools": 1.23,
                    "slice_fasta.py": "1.0.0"
                },
                "FASTXALIGN_PYFASTXINDEX": {
                    "slice_fasta.py": "1.0.0"
                },
                "GAWK_MODIFY_YAML_BARCODE": {
                    "gawk": "5.3.0"
                },
                "GUNZIP": {
                    "gunzip": 1.13
                },
                "GZIP_STATS": {
                    "pigz": 2.8
                },
                "HIFITRIMMER_FILTERBAM": {
                    "hifi_trimmer": "2.2.0",
                    "samtools": 1.23
                },
                "HIFITRIMMER_PROCESSBLAST": {
                    "hifi_trimmer": "2.2.0"
                },
                "MASK_UNMASK": {
                    "gawk": "5.3.1",
                    "unmask": 1.0
                },
                "MINIMAP2_INDEX": {
                    "minimap2": "2.29-r1283"
                },
                "PBMARKDUP": {
                    "pbmarkdup": "1.2.0"
                },
                "SAMTOOLS_CRAM": {
                    "samtools": "1.22.1"
                },
                "SAMTOOLS_FAIDX": {
                    "samtools": "1.22.1"
                },
                "SAMTOOLS_FLAGSTAT": {
                    "samtools": "1.22.1"
                },
                "SAMTOOLS_IDXSTATS": {
                    "samtools": "1.22.1"
                },
                "SAMTOOLS_MERGE": {
                    "samtools": "1.22.1"
                },
                "SAMTOOLS_SPLITHEADER": {
                    "samtools": "1.22.1"
                },
                "SAMTOOLS_STATS": {
                    "samtools": "1.22.1"
                },
                "Workflow": {
                    "sanger-tol/readmapping": "v1.4.0dev"
                }
            },
            [
                "pipeline_info",
                "pipeline_info/readmapping_software_mqc_versions.yml",
                "preprocess",
                "preprocess/jaAcrCerv1_T1.dedup.pbmarkdup.log",
                "preprocess/jaAcrCerv1_T1.hifitrimmer.bed.gz",
                "preprocess/jaAcrCerv1_T1.hifitrimmer.summary.json",
                "preprocess/jaAcrCerv2_T1.hifitrimmer.bed.gz",
                "preprocess/jaAcrCerv2_T1.hifitrimmer.summary.json",
                "quality_control",
                "quality_control/multiqc_report.html",
                "quality_control/pacbio.jaAcrCerv1_T1.filtered_fastqc.html",
                "quality_control/pacbio.jaAcrCerv1_T1.filtered_fastqc.zip",
                "quality_control/pacbio.jaAcrCerv1_T1_fastqc.html",
                "quality_control/pacbio.jaAcrCerv1_T1_fastqc.zip",
                "quality_control/pacbio.jaAcrCerv2_T1.filtered_fastqc.html",
                "quality_control/pacbio.jaAcrCerv2_T1.filtered_fastqc.zip",
                "quality_control/pacbio.jaAcrCerv2_T1_fastqc.html",
                "quality_control/pacbio.jaAcrCerv2_T1_fastqc.zip",
                "read_mapping",
                "read_mapping/pacbio",
                "read_mapping/pacbio/GCA_964034985.1.subset.unmasked.pacbio.jaAcrCerv1_T1.coverage.bedGraph.gz",
                "read_mapping/pacbio/GCA_964034985.1.subset.unmasked.pacbio.jaAcrCerv1_T1.cram",
                "read_mapping/pacbio/GCA_964034985.1.subset.unmasked.pacbio.jaAcrCerv1_T1.cram.crai",
                "read_mapping/pacbio/GCA_964034985.1.subset.unmasked.pacbio.jaAcrCerv1_T1.flagstat",
                "read_mapping/pacbio/GCA_964034985.1.subset.unmasked.pacbio.jaAcrCerv1_T1.idxstats",
                "read_mapping/pacbio/GCA_964034985.1.subset.unmasked.pacbio.jaAcrCerv1_T1.stats.gz",
                "read_mapping/pacbio/GCA_964034985.1.subset.unmasked.pacbio.jaAcrCerv2_T1.coverage.bedGraph.gz",
                "read_mapping/pacbio/GCA_964034985.1.subset.unmasked.pacbio.jaAcrCerv2_T1.cram",
                "read_mapping/pacbio/GCA_964034985.1.subset.unmasked.pacbio.jaAcrCerv2_T1.cram.crai",
                "read_mapping/pacbio/GCA_964034985.1.subset.unmasked.pacbio.jaAcrCerv2_T1.flagstat",
                "read_mapping/pacbio/GCA_964034985.1.subset.unmasked.pacbio.jaAcrCerv2_T1.idxstats",
                "read_mapping/pacbio/GCA_964034985.1.subset.unmasked.pacbio.jaAcrCerv2_T1.stats.gz"
            ],
            [
                "jaAcrCerv1_T1.dedup.pbmarkdup.log:md5,b0f9657238ccc2feb3701b156e03b837",
                "jaAcrCerv1_T1.hifitrimmer.bed.gz:md5,c88ccab95c5c4b9a71a1c659af74673e",
                "jaAcrCerv2_T1.hifitrimmer.bed.gz:md5,45c78d87eee0433dd4e0300c04c3bd64",
                "GCA_964034985.1.subset.unmasked.pacbio.jaAcrCerv1_T1.coverage.bedGraph.gz:md5,3bedcd1f5e5fb254a25f956a06ea7ad6",
                "GCA_964034985.1.subset.unmasked.pacbio.jaAcrCerv1_T1.flagstat:md5,0c28e76bdd020bb1485746de33ce9252",
                "GCA_964034985.1.subset.unmasked.pacbio.jaAcrCerv1_T1.idxstats:md5,9d2ad4c54b1cefb73d70e576f2e89650",
                "GCA_964034985.1.subset.unmasked.pacbio.jaAcrCerv1_T1.stats.gz:md5,31226c58708ac4bd2be85790f7ac3b8c",
                "GCA_964034985.1.subset.unmasked.pacbio.jaAcrCerv2_T1.coverage.bedGraph.gz:md5,3bedcd1f5e5fb254a25f956a06ea7ad6",
                "GCA_964034985.1.subset.unmasked.pacbio.jaAcrCerv2_T1.flagstat:md5,0c28e76bdd020bb1485746de33ce9252",
                "GCA_964034985.1.subset.unmasked.pacbio.jaAcrCerv2_T1.idxstats:md5,9d2ad4c54b1cefb73d70e576f2e89650",
                "GCA_964034985.1.subset.unmasked.pacbio.jaAcrCerv2_T1.stats.gz:md5,942ce0f916a87c4aabdf2a257950b5ed"
            ],
            {
                
            },
            {
                "GCA_964034985.1.subset.unmasked.pacbio.jaAcrCerv1_T1.cram": {
                    "maxReadLength": 12807,
                    "minReadLength": 0,
                    "meanReadLength": 8481,
                    "maxQuality": 4,
                    "minQuality": 0,
                    "meanQuality": 0,
                    "readCount": 41,
                    "duplicateReadCount": 0,
                    "sorted": false
                },
                "GCA_964034985.1.subset.unmasked.pacbio.jaAcrCerv2_T1.cram": {
                    "maxReadLength": 12807,
                    "minReadLength": 0,
                    "meanReadLength": 8481,
                    "maxQuality": 4,
                    "minQuality": 0,
                    "meanQuality": 0,
                    "readCount": 41,
                    "duplicateReadCount": 0,
                    "sorted": false
                }
            },
            [
                "jaAcrCerv1_T1.hifitrimmer.summary.json:md5,f8d293d48de8a48ba7b1bffa56b5ab89",
                "jaAcrCerv2_T1.hifitrimmer.summary.json:md5,4ab835890a22ca1dd2206300f30fbc27"
            ]
        ],
        "meta": {
            "nf-test": "0.9.3",
            "nextflow": "25.10.0"
        },
        "timestamp": "2026-03-04T12:09:19.938508339"
    }
}