{
    "-profile test_uli --pacbio_uli_adapter false --outfmt bam": {
        "content": [
            50,
            {
                "BGZIP_BEDGRAPH": {
                    "samtools": "1.23.1"
                },
                "BLAST_BLASTN": {
                    "blastn": "2.17.0+",
                    "samtools": "1.23.1",
                    "seqkit": "2.12.0"
                },
                "BLAST_MAKEBLASTDB": {
                    "makeblastdb": "2.17.0+"
                },
                "BLOBTK_DEPTH": {
                    "blobtk": "0.7.1"
                },
                "CRUMBLE": {
                    "crumble": "0.9.1"
                },
                "FASTQC": {
                    "fastqc": "0.12.1"
                },
                "FASTQC_FILTERED": {
                    "fastqc": "0.12.1"
                },
                "FASTXALIGN_MINIMAP2ALIGN": {
                    "minimap2": "2.30-r1287",
                    "samtools": "1.23.1",
                    "slice_fasta.py": "1.0.0"
                },
                "FASTXALIGN_PYFASTXINDEX": {
                    "slice_fasta.py": "1.0.0"
                },
                "GAWK_MODIFY_YAML_BARCODE": {
                    "gawk": "5.3.0"
                },
                "GUNZIP": {
                    "gunzip": 1.13
                },
                "GZIP_STATS": {
                    "pigz": 2.8
                },
                "HIFITRIMMER_FILTERBAM": {
                    "hifi_trimmer": "2.2.0",
                    "samtools": "1.23.1"
                },
                "HIFITRIMMER_PROCESSBLAST": {
                    "hifi_trimmer": "2.2.0"
                },
                "MASK_UNMASK": {
                    "gawk": "5.3.1",
                    "unmask": 1.0
                },
                "MINIMAP2_INDEX": {
                    "minimap2": "2.30-r1287",
                },
                "PBMARKDUP": {
                    "pbmarkdup": "1.2.0"
                },
                "SAMTOOLS_FAIDX": {
                    "samtools": "1.23.1"
                },
                "SAMTOOLS_FLAGSTAT": {
                    "samtools": "1.23.1"
                },
                "SAMTOOLS_IDXSTATS": {
                    "samtools": "1.23.1"
                },
                "SAMTOOLS_INDEX_BAM": {
                    "samtools": "1.23.1"
                },
                "SAMTOOLS_MERGE": {
                    "samtools": "1.23.1"
                },
                "SAMTOOLS_SPLITHEADER": {
                    "samtools": "1.23.1"
                },
                "SAMTOOLS_STATS": {
                    "samtools": "1.23.1"
                },
                "Workflow": {
                    "sanger-tol/readmapping": "v2.0.0"
                }
            },
            [
                "multiqc_report.html",
                "pipeline_info",
                "pipeline_info/readmapping_software_mqc_versions.yml",
                "read_mapping",
                "read_mapping/pacbio",
                "read_mapping/pacbio/SAMEA114784749",
                "read_mapping/pacbio/SAMEA114784749/ERR14209104",
                "read_mapping/pacbio/SAMEA114784749/ERR14209104/GCA_964034985.1.subset.pacbio.SAMEA114784749.ERR14209104.minimap2.bam",
                "read_mapping/pacbio/SAMEA114784749/ERR14209104/GCA_964034985.1.subset.pacbio.SAMEA114784749.ERR14209104.minimap2.bam.bai",
                "read_mapping/pacbio/SAMEA114784749/ERR14209104/GCA_964034985.1.subset.pacbio.SAMEA114784749.ERR14209104.minimap2.coverage.1k.bedGraph.gz",
                "read_mapping/pacbio/SAMEA114784749/ERR14209104/qc",
                "read_mapping/pacbio/SAMEA114784749/ERR14209104/qc/pacbio.SAMEA114784749.ERR14209104.fastqc.html",
                "read_mapping/pacbio/SAMEA114784749/ERR14209104/qc/pacbio.SAMEA114784749.ERR14209104.fastqc.zip",
                "read_mapping/pacbio/SAMEA114784749/ERR14209104/qc/pacbio.SAMEA114784749.ERR14209104.filtered.fastqc.html",
                "read_mapping/pacbio/SAMEA114784749/ERR14209104/qc/pacbio.SAMEA114784749.ERR14209104.filtered.fastqc.zip",
                "read_mapping/pacbio/SAMEA114784749/ERR14209104/qc/pacbio.SAMEA114784749.ERR14209104.hifitrimmer.bed.gz",
                "read_mapping/pacbio/SAMEA114784749/ERR14209104/qc/pacbio.SAMEA114784749.ERR14209104.hifitrimmer.summary.json",
                "read_mapping/pacbio/SAMEA114784749/ERR14209104/qc/pacbio.SAMEA114784749.ERR14209104.rmdup.pbmarkdup.log",
                "read_mapping/pacbio/SAMEA114784749/ERR14209104/stats",
                "read_mapping/pacbio/SAMEA114784749/ERR14209104/stats/GCA_964034985.1.subset.pacbio.SAMEA114784749.ERR14209104.minimap2.flagstat",
                "read_mapping/pacbio/SAMEA114784749/ERR14209104/stats/GCA_964034985.1.subset.pacbio.SAMEA114784749.ERR14209104.minimap2.idxstats",
                "read_mapping/pacbio/SAMEA114784749/ERR14209104/stats/GCA_964034985.1.subset.pacbio.SAMEA114784749.ERR14209104.minimap2.stats.gz",
                "read_mapping/pacbio/SAMEA114784749/ERR14209104_test",
                "read_mapping/pacbio/SAMEA114784749/ERR14209104_test/GCA_964034985.1.subset.pacbio.SAMEA114784749.ERR14209104_test.minimap2.bam",
                "read_mapping/pacbio/SAMEA114784749/ERR14209104_test/GCA_964034985.1.subset.pacbio.SAMEA114784749.ERR14209104_test.minimap2.bam.bai",
                "read_mapping/pacbio/SAMEA114784749/ERR14209104_test/GCA_964034985.1.subset.pacbio.SAMEA114784749.ERR14209104_test.minimap2.coverage.1k.bedGraph.gz",
                "read_mapping/pacbio/SAMEA114784749/ERR14209104_test/qc",
                "read_mapping/pacbio/SAMEA114784749/ERR14209104_test/qc/pacbio.SAMEA114784749.ERR14209104_test.fastqc.html",
                "read_mapping/pacbio/SAMEA114784749/ERR14209104_test/qc/pacbio.SAMEA114784749.ERR14209104_test.fastqc.zip",
                "read_mapping/pacbio/SAMEA114784749/ERR14209104_test/qc/pacbio.SAMEA114784749.ERR14209104_test.filtered.fastqc.html",
                "read_mapping/pacbio/SAMEA114784749/ERR14209104_test/qc/pacbio.SAMEA114784749.ERR14209104_test.filtered.fastqc.zip",
                "read_mapping/pacbio/SAMEA114784749/ERR14209104_test/qc/pacbio.SAMEA114784749.ERR14209104_test.hifitrimmer.bed.gz",
                "read_mapping/pacbio/SAMEA114784749/ERR14209104_test/qc/pacbio.SAMEA114784749.ERR14209104_test.hifitrimmer.summary.json",
                "read_mapping/pacbio/SAMEA114784749/ERR14209104_test/stats",
                "read_mapping/pacbio/SAMEA114784749/ERR14209104_test/stats/GCA_964034985.1.subset.pacbio.SAMEA114784749.ERR14209104_test.minimap2.flagstat",
                "read_mapping/pacbio/SAMEA114784749/ERR14209104_test/stats/GCA_964034985.1.subset.pacbio.SAMEA114784749.ERR14209104_test.minimap2.idxstats",
                "read_mapping/pacbio/SAMEA114784749/ERR14209104_test/stats/GCA_964034985.1.subset.pacbio.SAMEA114784749.ERR14209104_test.minimap2.stats.gz"
            ],
            [
                "GCA_964034985.1.subset.pacbio.SAMEA114784749.ERR14209104.minimap2.coverage.1k.bedGraph.gz:md5,91d8507d7cea42e6b85e1c9dc7cab12d",
                "pacbio.SAMEA114784749.ERR14209104.hifitrimmer.bed.gz:md5,c88ccab95c5c4b9a71a1c659af74673e",
                "pacbio.SAMEA114784749.ERR14209104.rmdup.pbmarkdup.log:md5,b0f9657238ccc2feb3701b156e03b837",
                "GCA_964034985.1.subset.pacbio.SAMEA114784749.ERR14209104.minimap2.flagstat:md5,0c28e76bdd020bb1485746de33ce9252",
                "GCA_964034985.1.subset.pacbio.SAMEA114784749.ERR14209104.minimap2.idxstats:md5,9d2ad4c54b1cefb73d70e576f2e89650",
                "GCA_964034985.1.subset.pacbio.SAMEA114784749.ERR14209104.minimap2.stats.gz:md5,f522a436259d7d7f2fada05131e7696c",
                "GCA_964034985.1.subset.pacbio.SAMEA114784749.ERR14209104_test.minimap2.coverage.1k.bedGraph.gz:md5,91d8507d7cea42e6b85e1c9dc7cab12d",
                "pacbio.SAMEA114784749.ERR14209104_test.hifitrimmer.bed.gz:md5,45c78d87eee0433dd4e0300c04c3bd64",
                "GCA_964034985.1.subset.pacbio.SAMEA114784749.ERR14209104_test.minimap2.flagstat:md5,0c28e76bdd020bb1485746de33ce9252",
                "GCA_964034985.1.subset.pacbio.SAMEA114784749.ERR14209104_test.minimap2.idxstats:md5,9d2ad4c54b1cefb73d70e576f2e89650",
                "GCA_964034985.1.subset.pacbio.SAMEA114784749.ERR14209104_test.minimap2.stats.gz:md5,8441ce6f5af04595ae07b6512fcddff7"
            ],
            {
                "GCA_964034985.1.subset.pacbio.SAMEA114784749.ERR14209104.minimap2.bam": {
                    "maxReadLength": 12807,
                    "minReadLength": 0,
                    "meanReadLength": 8481,
                    "maxQuality": 4,
                    "minQuality": 0,
                    "meanQuality": 0,
                    "readCount": 41,
                    "duplicateReadCount": 0,
                    "sorted": false
                },
                "GCA_964034985.1.subset.pacbio.SAMEA114784749.ERR14209104_test.minimap2.bam": {
                    "maxReadLength": 12807,
                    "minReadLength": 0,
                    "meanReadLength": 8481,
                    "maxQuality": 4,
                    "minQuality": 0,
                    "meanQuality": 0,
                    "readCount": 41,
                    "duplicateReadCount": 0,
                    "sorted": false
                }
            },
            {
                
            },
            [
                "pacbio.SAMEA114784749.ERR14209104.hifitrimmer.summary.json:md5,f8d293d48de8a48ba7b1bffa56b5ab89",
                "pacbio.SAMEA114784749.ERR14209104_test.hifitrimmer.summary.json:md5,4ab835890a22ca1dd2206300f30fbc27"
            ]
        ],
        "meta": {
            "nf-test": "0.9.3",
            "nextflow": "25.10.4"
        },
        "timestamp": "2026-04-23T15:40:27.433546992"
    }
}