{
    "-profile test --pacbio_adapter_fasta false --pacbio_adapter_yaml false": {
        "content": [
            97,
            {
                "BGZIP_BEDGRAPH": {
                    "samtools": "1.22.1"
                },
                "BLOBTK_DEPTH": {
                    "blobtk": "0.7.1"
                },
                "CRUMBLE": {
                    "crumble": "0.9.1"
                },
                "FASTQC": {
                    "fastqc": "0.12.1"
                },
                "FASTQC_FILTERED": {
                    "fastqc": "0.12.1"
                },
                "FASTXALIGN_MINIMAP2ALIGN": {
                    "minimap2": "2.30-r1287",
                    "samtools": 1.23,
                    "slice_fasta.py": "1.0.0"
                },
                "FASTXALIGN_PYFASTXINDEX": {
                    "slice_fasta.py": "1.0.0"
                },
                "GUNZIP": {
                    "gunzip": 1.13
                },
                "GZIP_STATS": {
                    "pigz": 2.8
                },
                "MASK_UNMASK": {
                    "gawk": "5.3.1",
                    "unmask": 1.0
                },
                "MINIMAP2_INDEX": {
                    "minimap2": "2.29-r1283"
                },
                "SAMTOOLS_CRAM": {
                    "samtools": "1.22.1"
                },
                "SAMTOOLS_FAIDX": {
                    "samtools": "1.22.1"
                },
                "SAMTOOLS_FASTQ": {
                    "samtools": "1.22.1"
                },
                "SAMTOOLS_FASTQ_QC": {
                    "samtools": "1.22.1"
                },
                "SAMTOOLS_FLAGSTAT": {
                    "samtools": "1.22.1"
                },
                "SAMTOOLS_IDXSTATS": {
                    "samtools": "1.22.1"
                },
                "SAMTOOLS_MERGE": {
                    "samtools": "1.22.1"
                },
                "SAMTOOLS_REHEADER_CRAM": {
                    "samtools": "1.22.1"
                },
                "SAMTOOLS_SPLITHEADER": {
                    "samtools": "1.22.1"
                },
                "SAMTOOLS_STATS": {
                    "samtools": "1.22.1"
                },
                "Workflow": {
                    "sanger-tol/readmapping": "v1.4.0dev"
                }
            },
            [
                "pipeline_info",
                "pipeline_info/readmapping_software_mqc_versions.yml",
                "quality_control",
                "quality_control/multiqc_report.html",
                "quality_control/ont.mMelMel3_T1_fastqc.html",
                "quality_control/ont.mMelMel3_T1_fastqc.zip",
                "quality_control/ont.mMelMel3_T2_fastqc.html",
                "quality_control/ont.mMelMel3_T2_fastqc.zip",
                "quality_control/pacbio.mMelMel3_T3.filtered_fastqc.html",
                "quality_control/pacbio.mMelMel3_T3.filtered_fastqc.zip",
                "quality_control/pacbio.mMelMel3_T3_fastqc.html",
                "quality_control/pacbio.mMelMel3_T3_fastqc.zip",
                "quality_control/pacbio.mMelMel3_T4.filtered_fastqc.html",
                "quality_control/pacbio.mMelMel3_T4.filtered_fastqc.zip",
                "quality_control/pacbio.mMelMel3_T4_fastqc.html",
                "quality_control/pacbio.mMelMel3_T4_fastqc.zip",
                "read_mapping",
                "read_mapping/ont",
                "read_mapping/ont/GCA_922984935.2.subset.unmasked.ont.mMelMel3_T1.coverage.bedGraph.gz",
                "read_mapping/ont/GCA_922984935.2.subset.unmasked.ont.mMelMel3_T1.cram",
                "read_mapping/ont/GCA_922984935.2.subset.unmasked.ont.mMelMel3_T1.cram.crai",
                "read_mapping/ont/GCA_922984935.2.subset.unmasked.ont.mMelMel3_T1.flagstat",
                "read_mapping/ont/GCA_922984935.2.subset.unmasked.ont.mMelMel3_T1.idxstats",
                "read_mapping/ont/GCA_922984935.2.subset.unmasked.ont.mMelMel3_T1.stats.gz",
                "read_mapping/ont/GCA_922984935.2.subset.unmasked.ont.mMelMel3_T2.coverage.bedGraph.gz",
                "read_mapping/ont/GCA_922984935.2.subset.unmasked.ont.mMelMel3_T2.cram",
                "read_mapping/ont/GCA_922984935.2.subset.unmasked.ont.mMelMel3_T2.cram.crai",
                "read_mapping/ont/GCA_922984935.2.subset.unmasked.ont.mMelMel3_T2.flagstat",
                "read_mapping/ont/GCA_922984935.2.subset.unmasked.ont.mMelMel3_T2.idxstats",
                "read_mapping/ont/GCA_922984935.2.subset.unmasked.ont.mMelMel3_T2.stats.gz",
                "read_mapping/ont/merged",
                "read_mapping/ont/merged/GCA_922984935.2.subset.unmasked.ont.mMelMel3.coverage.bedGraph.gz",
                "read_mapping/ont/merged/GCA_922984935.2.subset.unmasked.ont.mMelMel3.cram",
                "read_mapping/ont/merged/GCA_922984935.2.subset.unmasked.ont.mMelMel3.cram.crai",
                "read_mapping/ont/merged/GCA_922984935.2.subset.unmasked.ont.mMelMel3.flagstat",
                "read_mapping/ont/merged/GCA_922984935.2.subset.unmasked.ont.mMelMel3.idxstats",
                "read_mapping/ont/merged/GCA_922984935.2.subset.unmasked.ont.mMelMel3.stats.gz",
                "read_mapping/pacbio",
                "read_mapping/pacbio/GCA_922984935.2.subset.unmasked.pacbio.mMelMel3_T3.coverage.bedGraph.gz",
                "read_mapping/pacbio/GCA_922984935.2.subset.unmasked.pacbio.mMelMel3_T3.cram",
                "read_mapping/pacbio/GCA_922984935.2.subset.unmasked.pacbio.mMelMel3_T3.cram.crai",
                "read_mapping/pacbio/GCA_922984935.2.subset.unmasked.pacbio.mMelMel3_T3.flagstat",
                "read_mapping/pacbio/GCA_922984935.2.subset.unmasked.pacbio.mMelMel3_T3.idxstats",
                "read_mapping/pacbio/GCA_922984935.2.subset.unmasked.pacbio.mMelMel3_T3.stats.gz",
                "read_mapping/pacbio/GCA_922984935.2.subset.unmasked.pacbio.mMelMel3_T4.coverage.bedGraph.gz",
                "read_mapping/pacbio/GCA_922984935.2.subset.unmasked.pacbio.mMelMel3_T4.cram",
                "read_mapping/pacbio/GCA_922984935.2.subset.unmasked.pacbio.mMelMel3_T4.cram.crai",
                "read_mapping/pacbio/GCA_922984935.2.subset.unmasked.pacbio.mMelMel3_T4.flagstat",
                "read_mapping/pacbio/GCA_922984935.2.subset.unmasked.pacbio.mMelMel3_T4.idxstats",
                "read_mapping/pacbio/GCA_922984935.2.subset.unmasked.pacbio.mMelMel3_T4.stats.gz",
                "read_mapping/pacbio/merged",
                "read_mapping/pacbio/merged/GCA_922984935.2.subset.unmasked.pacbio.mMelMel3.coverage.bedGraph.gz",
                "read_mapping/pacbio/merged/GCA_922984935.2.subset.unmasked.pacbio.mMelMel3.cram",
                "read_mapping/pacbio/merged/GCA_922984935.2.subset.unmasked.pacbio.mMelMel3.cram.crai",
                "read_mapping/pacbio/merged/GCA_922984935.2.subset.unmasked.pacbio.mMelMel3.flagstat",
                "read_mapping/pacbio/merged/GCA_922984935.2.subset.unmasked.pacbio.mMelMel3.idxstats",
                "read_mapping/pacbio/merged/GCA_922984935.2.subset.unmasked.pacbio.mMelMel3.stats.gz"
            ],
            [
                "GCA_922984935.2.subset.unmasked.ont.mMelMel3_T1.coverage.bedGraph.gz:md5,85ffcf5fa35869be78198b750ae7184a",
                "GCA_922984935.2.subset.unmasked.ont.mMelMel3_T1.flagstat:md5,9a975d9cca35785dc8044aa06a63e7b5",
                "GCA_922984935.2.subset.unmasked.ont.mMelMel3_T1.idxstats:md5,f176a0ddb87700171fa3f88525b94272",
                "GCA_922984935.2.subset.unmasked.ont.mMelMel3_T1.stats.gz:md5,e858139e5323a0b68348d19d514890f8",
                "GCA_922984935.2.subset.unmasked.ont.mMelMel3_T2.coverage.bedGraph.gz:md5,85ffcf5fa35869be78198b750ae7184a",
                "GCA_922984935.2.subset.unmasked.ont.mMelMel3_T2.flagstat:md5,9a975d9cca35785dc8044aa06a63e7b5",
                "GCA_922984935.2.subset.unmasked.ont.mMelMel3_T2.idxstats:md5,f176a0ddb87700171fa3f88525b94272",
                "GCA_922984935.2.subset.unmasked.ont.mMelMel3_T2.stats.gz:md5,db36a23bb2dc53c3fa8f71d593722ae9",
                "GCA_922984935.2.subset.unmasked.ont.mMelMel3.coverage.bedGraph.gz:md5,bc939428742527654ae4b147e5cf369b",
                "GCA_922984935.2.subset.unmasked.ont.mMelMel3.flagstat:md5,ec6aaeb8be068f8b35a56d091d38c8b0",
                "GCA_922984935.2.subset.unmasked.ont.mMelMel3.idxstats:md5,5e872e9487a31f09266c6a73b3dbbd38",
                "GCA_922984935.2.subset.unmasked.ont.mMelMel3.stats.gz:md5,622cf771089bdeba9bb2b8e9a2f41502",
                "GCA_922984935.2.subset.unmasked.pacbio.mMelMel3_T3.coverage.bedGraph.gz:md5,24d333148f4c53b6f8bd6535a93dbe20",
                "GCA_922984935.2.subset.unmasked.pacbio.mMelMel3_T3.flagstat:md5,db1610f3490d314de7e60f10d404178d",
                "GCA_922984935.2.subset.unmasked.pacbio.mMelMel3_T3.idxstats:md5,f757bd37fc1461e576348525ae0ba087",
                "GCA_922984935.2.subset.unmasked.pacbio.mMelMel3_T3.stats.gz:md5,d4d17ed337afbd00d97bc5499973bbad",
                "GCA_922984935.2.subset.unmasked.pacbio.mMelMel3_T4.coverage.bedGraph.gz:md5,586961f7b8fb27776e0957e00ecb7b6b",
                "GCA_922984935.2.subset.unmasked.pacbio.mMelMel3_T4.flagstat:md5,81a2332a3cdcc6b37dd2687d2cc77752",
                "GCA_922984935.2.subset.unmasked.pacbio.mMelMel3_T4.idxstats:md5,fe8b829d5241701b172cf4ff55cbf4f6",
                "GCA_922984935.2.subset.unmasked.pacbio.mMelMel3_T4.stats.gz:md5,ef9601c8c3c046d57bb5170fac292071",
                "GCA_922984935.2.subset.unmasked.pacbio.mMelMel3.coverage.bedGraph.gz:md5,5f0bf291d798e6c82899aaaa9cf4f793",
                "GCA_922984935.2.subset.unmasked.pacbio.mMelMel3.flagstat:md5,da9dcde0937f27935637db67c14c9928",
                "GCA_922984935.2.subset.unmasked.pacbio.mMelMel3.idxstats:md5,ee312e0f5e6053bc81b737ae5805807f",
                "GCA_922984935.2.subset.unmasked.pacbio.mMelMel3.stats.gz:md5,98b3413807be3cefe1ef1bc6fa8ad421"
            ],
            {
                
            },
            {
                "GCA_922984935.2.subset.unmasked.ont.mMelMel3.cram": {
                    "maxReadLength": 96980,
                    "minReadLength": 0,
                    "meanReadLength": 4840,
                    "maxQuality": 60,
                    "minQuality": 0,
                    "meanQuality": 3,
                    "readCount": 32530,
                    "duplicateReadCount": 0,
                    "sorted": false
                },
                "GCA_922984935.2.subset.unmasked.ont.mMelMel3_T1.cram": {
                    "maxReadLength": 96980,
                    "minReadLength": 0,
                    "meanReadLength": 4840,
                    "maxQuality": 60,
                    "minQuality": 0,
                    "meanQuality": 3,
                    "readCount": 16265,
                    "duplicateReadCount": 0,
                    "sorted": false
                },
                "GCA_922984935.2.subset.unmasked.ont.mMelMel3_T2.cram": {
                    "maxReadLength": 96980,
                    "minReadLength": 0,
                    "meanReadLength": 4840,
                    "maxQuality": 60,
                    "minQuality": 0,
                    "meanQuality": 3,
                    "readCount": 16265,
                    "duplicateReadCount": 0,
                    "sorted": false
                },
                "GCA_922984935.2.subset.unmasked.pacbio.mMelMel3.cram": {
                    "maxReadLength": 32471,
                    "minReadLength": 0,
                    "meanReadLength": 5870,
                    "maxQuality": 60,
                    "minQuality": 0,
                    "meanQuality": 3,
                    "readCount": 53808,
                    "duplicateReadCount": 0,
                    "sorted": false
                },
                "GCA_922984935.2.subset.unmasked.pacbio.mMelMel3_T3.cram": {
                    "maxReadLength": 30669,
                    "minReadLength": 0,
                    "meanReadLength": 5851,
                    "maxQuality": 60,
                    "minQuality": 0,
                    "meanQuality": 3,
                    "readCount": 26777,
                    "duplicateReadCount": 0,
                    "sorted": false
                },
                "GCA_922984935.2.subset.unmasked.pacbio.mMelMel3_T4.cram": {
                    "maxReadLength": 32471,
                    "minReadLength": 0,
                    "meanReadLength": 5889,
                    "maxQuality": 60,
                    "minQuality": 0,
                    "meanQuality": 3,
                    "readCount": 27031,
                    "duplicateReadCount": 0,
                    "sorted": false
                }
            },
            [
                
            ]
        ],
        "meta": {
            "nf-test": "0.9.3",
            "nextflow": "25.10.0"
        },
        "timestamp": "2026-03-04T12:18:09.999000134"
    }
}