{
    "meles meles - multiple test": {
        "content": [
            [
                {
                    "maxReadLength": 96980,
                    "minReadLength": 0,
                    "meanReadLength": 4840,
                    "maxQuality": 60,
                    "minQuality": 0,
                    "meanQuality": 3,
                    "readCount": 16265,
                    "duplicateReadCount": 0,
                    "sorted": false
                },
                {
                    "maxReadLength": 96980,
                    "minReadLength": 0,
                    "meanReadLength": 4840,
                    "maxQuality": 60,
                    "minQuality": 0,
                    "meanQuality": 3,
                    "readCount": 16265,
                    "duplicateReadCount": 0,
                    "sorted": false
                }
            ],
            [
                "test1.bam.csi",
                "test.bam.csi"
            ],
            [
                "test1: no RG",
                "test: SM:mMelMel3"
            ],
            [
                "versions.yml:md5,8e21446c65646b95062bd55328d6f726",
                "versions.yml:md5,8e21446c65646b95062bd55328d6f726",
                "versions.yml:md5,be4d3d855b43aa0e9e99f54298de977f",
                "versions.yml:md5,be4d3d855b43aa0e9e99f54298de977f",
                "versions.yml:md5,fb2c6f7e4307336407aaa8bcc2e9119a",
                "versions.yml:md5,fb2c6f7e4307336407aaa8bcc2e9119a"
            ]
        ],
        "meta": {
            "nf-test": "0.9.3",
            "nextflow": "25.10.0"
        },
        "timestamp": "2026-01-15T14:50:39.842338"
    },
    "meles meles - mismatch meta test": {
        "content": [
            [
                {
                    "maxReadLength": 96980,
                    "minReadLength": 0,
                    "meanReadLength": 4840,
                    "maxQuality": 60,
                    "minQuality": 0,
                    "meanQuality": 3,
                    "readCount": 16265,
                    "duplicateReadCount": 0,
                    "sorted": false
                }
            ],
            [
                "test.bam.csi"
            ],
            [
                "versions.yml:md5,8e21446c65646b95062bd55328d6f726",
                "versions.yml:md5,8e21446c65646b95062bd55328d6f726",
                "versions.yml:md5,be4d3d855b43aa0e9e99f54298de977f",
                "versions.yml:md5,be4d3d855b43aa0e9e99f54298de977f",
                "versions.yml:md5,fb2c6f7e4307336407aaa8bcc2e9119a",
                "versions.yml:md5,fb2c6f7e4307336407aaa8bcc2e9119a"
            ]
        ],
        "meta": {
            "nf-test": "0.9.3",
            "nextflow": "25.10.0"
        },
        "timestamp": "2026-01-15T14:51:21.337013"
    },
    "meles meles - PacBio Hifi test - double files": {
        "content": [
            [
                {
                    "maxReadLength": 32471,
                    "minReadLength": 0,
                    "meanReadLength": 5947,
                    "maxQuality": 60,
                    "minQuality": 0,
                    "meanQuality": 3,
                    "readCount": 39927,
                    "duplicateReadCount": 0,
                    "sorted": false
                },
                {
                    "maxReadLength": 30669,
                    "minReadLength": 0,
                    "meanReadLength": 5894,
                    "maxQuality": 60,
                    "minQuality": 0,
                    "meanQuality": 3,
                    "readCount": 26567,
                    "duplicateReadCount": 0,
                    "sorted": false
                }
            ],
            [
                "test1.bam.csi",
                "test.bam.csi"
            ],
            [
                "test1: SM:test1",
                "test: SM:mMelMel3"
            ],
            [
                "versions.yml:md5,8e21446c65646b95062bd55328d6f726",
                "versions.yml:md5,8e21446c65646b95062bd55328d6f726",
                "versions.yml:md5,8e21446c65646b95062bd55328d6f726",
                "versions.yml:md5,be4d3d855b43aa0e9e99f54298de977f",
                "versions.yml:md5,be4d3d855b43aa0e9e99f54298de977f",
                "versions.yml:md5,be4d3d855b43aa0e9e99f54298de977f",
                "versions.yml:md5,fb2c6f7e4307336407aaa8bcc2e9119a",
                "versions.yml:md5,fb2c6f7e4307336407aaa8bcc2e9119a"
            ]
        ],
        "meta": {
            "nf-test": "0.9.3",
            "nextflow": "25.10.0"
        },
        "timestamp": "2026-01-15T14:53:03.800306"
    },
    "meles meles - single test": {
        "content": [
            [
                {
                    "maxReadLength": 96980,
                    "minReadLength": 0,
                    "meanReadLength": 4840,
                    "maxQuality": 60,
                    "minQuality": 0,
                    "meanQuality": 3,
                    "readCount": 16265,
                    "duplicateReadCount": 0,
                    "sorted": false
                }
            ],
            [
                "test.bam.csi"
            ],
            [
                "versions.yml:md5,8e21446c65646b95062bd55328d6f726",
                "versions.yml:md5,be4d3d855b43aa0e9e99f54298de977f",
                "versions.yml:md5,fb2c6f7e4307336407aaa8bcc2e9119a"
            ]
        ],
        "meta": {
            "nf-test": "0.9.3",
            "nextflow": "25.10.0"
        },
        "timestamp": "2026-01-15T14:49:45.599328"
    }
}